Archive member included to satisfy reference by file (symbol)

c:/vsarm/armcc/102021~1.10/bin/../lib/gcc/arm-none-eabi/10.3.1/thumb/v6-m/nofp\libgcc.a(_dvmd_tls.o)
                              CMakeFiles/Direct-digital-synthesis.dir/C_/VSARM/sdk/pico/pico-sdk/src/rp2_common/pico_divider/divider.S.obj (__aeabi_idiv0)
c:/vsarm/armcc/102021~1.10/bin/../lib/gcc/arm-none-eabi/10.3.1/../../../../arm-none-eabi/lib/thumb/v6-m/nofp\libg.a(lib_a-calloc.o)
                              CMakeFiles/Direct-digital-synthesis.dir/C_/VSARM/sdk/pico/pico-sdk/src/rp2_common/pico_malloc/pico_malloc.c.obj (calloc)
c:/vsarm/armcc/102021~1.10/bin/../lib/gcc/arm-none-eabi/10.3.1/../../../../arm-none-eabi/lib/thumb/v6-m/nofp\libg.a(lib_a-callocr.o)
                              c:/vsarm/armcc/102021~1.10/bin/../lib/gcc/arm-none-eabi/10.3.1/../../../../arm-none-eabi/lib/thumb/v6-m/nofp\libg.a(lib_a-calloc.o) (_calloc_r)
c:/vsarm/armcc/102021~1.10/bin/../lib/gcc/arm-none-eabi/10.3.1/../../../../arm-none-eabi/lib/thumb/v6-m/nofp\libg.a(lib_a-ctype_.o)
                              CMakeFiles/Direct-digital-synthesis.dir/C_/VSARM/sdk/pico/pico-sdk/lib/tinyusb/src/tusb.c.obj (_ctype_)
c:/vsarm/armcc/102021~1.10/bin/../lib/gcc/arm-none-eabi/10.3.1/../../../../arm-none-eabi/lib/thumb/v6-m/nofp\libg.a(lib_a-errno.o)
                              c:/vsarm/armcc/102021~1.10/bin/../lib/gcc/arm-none-eabi/10.3.1/../../../../arm-none-eabi/lib/thumb/v6-m/nofp\libg.a(lib_a-callocr.o) (__errno)
c:/vsarm/armcc/102021~1.10/bin/../lib/gcc/arm-none-eabi/10.3.1/../../../../arm-none-eabi/lib/thumb/v6-m/nofp\libg.a(lib_a-impure.o)
                              c:/vsarm/armcc/102021~1.10/bin/../lib/gcc/arm-none-eabi/10.3.1/../../../../arm-none-eabi/lib/thumb/v6-m/nofp\libg.a(lib_a-calloc.o) (_impure_ptr)
c:/vsarm/armcc/102021~1.10/bin/../lib/gcc/arm-none-eabi/10.3.1/../../../../arm-none-eabi/lib/thumb/v6-m/nofp\libg.a(lib_a-init.o)
                              c:/vsarm/armcc/102021~1.10/bin/../lib/gcc/arm-none-eabi/10.3.1/../../../../arm-none-eabi/lib/thumb/v6-m/nofp/crt0.o (__libc_init_array)
c:/vsarm/armcc/102021~1.10/bin/../lib/gcc/arm-none-eabi/10.3.1/../../../../arm-none-eabi/lib/thumb/v6-m/nofp\libg.a(lib_a-malloc.o)
                              CMakeFiles/Direct-digital-synthesis.dir/C_/VSARM/sdk/pico/pico-sdk/src/rp2_common/pico_malloc/pico_malloc.c.obj (malloc)
c:/vsarm/armcc/102021~1.10/bin/../lib/gcc/arm-none-eabi/10.3.1/../../../../arm-none-eabi/lib/thumb/v6-m/nofp\libg.a(lib_a-mallocr.o)
                              c:/vsarm/armcc/102021~1.10/bin/../lib/gcc/arm-none-eabi/10.3.1/../../../../arm-none-eabi/lib/thumb/v6-m/nofp\libg.a(lib_a-callocr.o) (_malloc_r)
c:/vsarm/armcc/102021~1.10/bin/../lib/gcc/arm-none-eabi/10.3.1/../../../../arm-none-eabi/lib/thumb/v6-m/nofp\libg.a(lib_a-mlock.o)
                              c:/vsarm/armcc/102021~1.10/bin/../lib/gcc/arm-none-eabi/10.3.1/../../../../arm-none-eabi/lib/thumb/v6-m/nofp\libg.a(lib_a-mallocr.o) (__malloc_lock)
c:/vsarm/armcc/102021~1.10/bin/../lib/gcc/arm-none-eabi/10.3.1/../../../../arm-none-eabi/lib/thumb/v6-m/nofp\libg.a(lib_a-sbrkr.o)
                              c:/vsarm/armcc/102021~1.10/bin/../lib/gcc/arm-none-eabi/10.3.1/../../../../arm-none-eabi/lib/thumb/v6-m/nofp\libg.a(lib_a-mallocr.o) (_sbrk_r)
c:/vsarm/armcc/102021~1.10/bin/../lib/gcc/arm-none-eabi/10.3.1/../../../../arm-none-eabi/lib/thumb/v6-m/nofp\libg.a(lib_a-strlen-stub.o)
                              CMakeFiles/Direct-digital-synthesis.dir/C_/VSARM/sdk/pico/pico-sdk/src/rp2_common/pico_stdio/stdio.c.obj (strlen)
c:/vsarm/armcc/102021~1.10/bin/../lib/gcc/arm-none-eabi/10.3.1/../../../../arm-none-eabi/lib/thumb/v6-m/nofp\libg.a(lib_a-freer.o)
                              c:/vsarm/armcc/102021~1.10/bin/../lib/gcc/arm-none-eabi/10.3.1/../../../../arm-none-eabi/lib/thumb/v6-m/nofp\libg.a(lib_a-malloc.o) (_free_r)
c:/vsarm/armcc/102021~1.10/bin/../lib/gcc/arm-none-eabi/10.3.1/../../../../arm-none-eabi/lib/thumb/v6-m/nofp\libg.a(lib_a-lock.o)
                              c:/vsarm/armcc/102021~1.10/bin/../lib/gcc/arm-none-eabi/10.3.1/../../../../arm-none-eabi/lib/thumb/v6-m/nofp\libg.a(lib_a-mlock.o) (__retarget_lock_acquire_recursive)
c:/vsarm/armcc/102021~1.10/bin/../lib/gcc/arm-none-eabi/10.3.1/../../../../arm-none-eabi/lib/thumb/v6-m/nofp\libg.a(lib_a-reent.o)
                              c:/vsarm/armcc/102021~1.10/bin/../lib/gcc/arm-none-eabi/10.3.1/../../../../arm-none-eabi/lib/thumb/v6-m/nofp\libg.a(lib_a-sbrkr.o) (errno)

Discarded input sections

 .text          0x00000000        0x0 c:/vsarm/armcc/102021~1.10/bin/../lib/gcc/arm-none-eabi/10.3.1/thumb/v6-m/nofp/crti.o
 .data          0x00000000        0x0 c:/vsarm/armcc/102021~1.10/bin/../lib/gcc/arm-none-eabi/10.3.1/thumb/v6-m/nofp/crti.o
 .bss           0x00000000        0x0 c:/vsarm/armcc/102021~1.10/bin/../lib/gcc/arm-none-eabi/10.3.1/thumb/v6-m/nofp/crti.o
[...]
Memory Configuration

Name             Origin             Length             Attributes
FLASH            0x10000000         0x00200000         xr
RAM              0x20000000         0x00040000         xrw
SCRATCH_X        0x20040000         0x00001000         xrw
SCRATCH_Y        0x20041000         0x00001000         xrw
*default*        0x00000000         0xffffffff

Linker script and memory map

LOAD c:/vsarm/armcc/102021~1.10/bin/../lib/gcc/arm-none-eabi/10.3.1/thumb/v6-m/nofp/crti.o
LOAD c:/vsarm/armcc/102021~1.10/bin/../lib/gcc/arm-none-eabi/10.3.1/thumb/v6-m/nofp/crtbegin.o
LOAD c:/vsarm/armcc/102021~1.10/bin/../lib/gcc/arm-none-eabi/10.3.1/../../../../arm-none-eabi/lib/thumb/v6-m/nofp/crt0.o

.flash_begin    0x10000000        0x0
                0x10000000                __flash_binary_start = .

.boot2          0x10000000      0x100
                0x10000000                __boot2_start__ = .
 *(.boot2)
 .boot2         0x10000000      0x100 C:\Users\10052\AppData\Local\Temp\ccElMifv.o
                0x10000100                __boot2_end__ = .
                0x00000001                ASSERT (((__boot2_end__ - __boot2_start__) == 0x100), ERROR: Pico second stage bootloader must be 256 bytes in size)

.text           0x10000100     0x7bb0
                0x10000100                __logical_binary_start = .
 *(.vectors)
 .vectors       0x10000100       0xd4 CMakeFiles/Direct-digital-synthesis.dir/C_/VSARM/sdk/pico/pico-sdk/src/rp2_common/pico_standard_link/crt0.S.obj
                0x10000100                __VECTOR_TABLE
                0x10000100                __vectors
                0x100001c0                isr_invalid
                0x100001c0                __default_isrs_start
                0x100001c2                isr_nmi
                0x100001c4                isr_hardfault
                0x100001c6                isr_svcall
                0x100001c8                isr_pendsv
                0x100001ca                isr_systick
                0x100001cc                isr_irq23
                0x100001cc                isr_irq18
                0x100001cc                isr_irq11
                0x100001cc                isr_irq28
                0x100001cc                isr_irq19
                0x100001cc                isr_irq0
                0x100001cc                isr_irq6
                0x100001cc                isr_irq5
                0x100001cc                isr_irq12
                0x100001cc                isr_irq22
                0x100001cc                isr_irq31
                0x100001cc                isr_irq17
                0x100001cc                isr_irq27
                0x100001cc                isr_irq30
                0x100001cc                isr_irq2
                0x100001cc                isr_irq10
                0x100001cc                isr_irq8
                0x100001cc                isr_irq24
                0x100001cc                isr_irq1
                0x100001cc                isr_irq7
                0x100001cc                isr_irq21
                0x100001cc                isr_irq20
                0x100001cc                isr_irq15
                0x100001cc                isr_irq25
                0x100001cc                isr_irq13
                0x100001cc                __unhandled_user_irq
                0x100001cc                isr_irq4
                0x100001cc                isr_irq16
                0x100001cc                isr_irq29
                0x100001cc                isr_irq26
                0x100001cc                __default_isrs_end
                0x100001cc                isr_irq3
                0x100001cc                isr_irq14
                0x100001cc                isr_irq9
                0x100001d2                unhandled_user_irq_num_in_r0
 *(.binary_info_header)
 .binary_info_header
                0x100001d4       0x14 CMakeFiles/Direct-digital-synthesis.dir/C_/VSARM/sdk/pico/pico-sdk/src/rp2_common/pico_standard_link/crt0.S.obj
                0x100001e8                __binary_info_header_end = .
 *(.reset)
 .reset         0x100001e8       0xa8 CMakeFiles/Direct-digital-synthesis.dir/C_/VSARM/sdk/pico/pico-sdk/src/rp2_common/pico_standard_link/crt0.S.obj
                0x100001e8                _entry_point
                0x10000266                __get_current_exception
 .reset         0x10000290       0x30 CMakeFiles/Direct-digital-synthesis.dir/C_/VSARM/sdk/pico/pico-sdk/src/rp2_common/pico_standard_link/binary_info.c.obj
 *(.init)
 .init          0x100002c0        0x4 c:/vsarm/armcc/102021~1.10/bin/../lib/gcc/arm-none-eabi/10.3.1/thumb/v6-m/nofp/crti.o
                0x100002c0                _init
 *(EXCLUDE_FILE(*libm.a: *libc.a:*lib_a-mem*.o *libgcc.a:) .text*)
 .text          0x100002c4       0x48 c:/vsarm/armcc/102021~1.10/bin/../lib/gcc/arm-none-eabi/10.3.1/thumb/v6-m/nofp/crtbegin.o
 .text.main     0x1000030c       0x7c CMakeFiles/Direct-digital-synthesis.dir/main.cpp.obj
                0x1000030c                main
 .text._Z19R2RDAC_program_initP8pio_hw_tjjf
                0x10000388       0xcc CMakeFiles/Direct-digital-synthesis.dir/DDS.cpp.obj
                0x10000388                R2RDAC_program_init(pio_hw_t*, unsigned int, unsigned int, float)
 .text._Z7InitDDSm
                0x10000454      0x39c CMakeFiles/Direct-digital-synthesis.dir/DDS.cpp.obj
                0x10000454                InitDDS(unsigned long)
 .text._Z13ChangeDDSFreqd
                0x100007f0       0xdc CMakeFiles/Direct-digital-synthesis.dir/DDS.cpp.obj
                0x100007f0                ChangeDDSFreq(double)
 .text.set_sys_clock_pll
                0x100008cc       0x78 CMakeFiles/Direct-digital-synthesis.dir/C_/VSARM/sdk/pico/pico-sdk/src/rp2_common/pico_stdlib/stdlib.c.obj
                0x100008cc                set_sys_clock_pll
 .text.check_sys_clock_khz
                0x10000944       0xb0 CMakeFiles/Direct-digital-synthesis.dir/C_/VSARM/sdk/pico/pico-sdk/src/rp2_common/pico_stdlib/stdlib.c.obj
                0x10000944                check_sys_clock_khz
 .text.gpio_set_function
                0x100009f4       0x30 CMakeFiles/Direct-digital-synthesis.dir/C_/VSARM/sdk/pico/pico-sdk/src/rp2_common/hardware_gpio/gpio.c.obj
                0x100009f4                gpio_set_function
 .text.gpio_init
                0x10000a24       0x16 CMakeFiles/Direct-digital-synthesis.dir/C_/VSARM/sdk/pico/pico-sdk/src/rp2_common/hardware_gpio/gpio.c.obj
                0x10000a24                gpio_init
 *fill*         0x10000a3a        0x2 
 .text.hw_claim_lock
                0x10000a3c       0x18 CMakeFiles/Direct-digital-synthesis.dir/C_/VSARM/sdk/pico/pico-sdk/src/rp2_common/hardware_claim/claim.c.obj
                0x10000a3c                hw_claim_lock
 .text.hw_claim_unlock
                0x10000a54       0x14 CMakeFiles/Direct-digital-synthesis.dir/C_/VSARM/sdk/pico/pico-sdk/src/rp2_common/hardware_claim/claim.c.obj
                0x10000a54                hw_claim_unlock
 .text.hw_claim_or_assert
                0x10000a68       0x32 CMakeFiles/Direct-digital-synthesis.dir/C_/VSARM/sdk/pico/pico-sdk/src/rp2_common/hardware_claim/claim.c.obj
                0x10000a68                hw_claim_or_assert
 .text.hw_claim_unused_from_range
                0x10000a9a       0x50 CMakeFiles/Direct-digital-synthesis.dir/C_/VSARM/sdk/pico/pico-sdk/src/rp2_common/hardware_claim/claim.c.obj
                0x10000a9a                hw_claim_unused_from_range
 *fill*         0x10000aea        0x2 
 .text.running_on_fpga
                0x10000aec       0x14 CMakeFiles/Direct-digital-synthesis.dir/C_/VSARM/sdk/pico/pico-sdk/src/rp2_common/pico_platform/platform.c.obj
                0x10000aec                running_on_fpga
 .text.spin_locks_reset
                0x10000b00       0x20 CMakeFiles/Direct-digital-synthesis.dir/C_/VSARM/sdk/pico/pico-sdk/src/rp2_common/hardware_sync/sync.c.obj
                0x10000b00                spin_locks_reset
 .text.next_striped_spin_lock_num
                0x10000b20       0x1c CMakeFiles/Direct-digital-synthesis.dir/C_/VSARM/sdk/pico/pico-sdk/src/rp2_common/hardware_sync/sync.c.obj
                0x10000b20                next_striped_spin_lock_num
 .text.spin_lock_claim_unused
                0x10000b3c       0x20 CMakeFiles/Direct-digital-synthesis.dir/C_/VSARM/sdk/pico/pico-sdk/src/rp2_common/hardware_sync/sync.c.obj
                0x10000b3c                spin_lock_claim_unused
 .text.alarm_pool_post_alloc_init
                0x10000b5c       0x40 CMakeFiles/Direct-digital-synthesis.dir/C_/VSARM/sdk/pico/pico-sdk/src/common/pico_time/time.c.obj
 .text.sleep_until_callback
                0x10000b9c       0x30 CMakeFiles/Direct-digital-synthesis.dir/C_/VSARM/sdk/pico/pico-sdk/src/common/pico_time/time.c.obj
 .text.timer_pool_entry_comparator
                0x10000bcc       0x7c CMakeFiles/Direct-digital-synthesis.dir/C_/VSARM/sdk/pico/pico-sdk/src/common/pico_time/time.c.obj
                0x10000bcc                timer_pool_entry_comparator
 .text.ph_add_child_node
                0x10000c48       0xa4 CMakeFiles/Direct-digital-synthesis.dir/C_/VSARM/sdk/pico/pico-sdk/src/common/pico_time/time.c.obj
 .text.ph_merge_nodes
                0x10000cec       0x3e CMakeFiles/Direct-digital-synthesis.dir/C_/VSARM/sdk/pico/pico-sdk/src/common/pico_time/time.c.obj
 *fill*         0x10000d2a        0x2 
 .text.add_alarm_under_lock
                0x10000d2c      0x174 CMakeFiles/Direct-digital-synthesis.dir/C_/VSARM/sdk/pico/pico-sdk/src/common/pico_time/time.c.obj
 .text.alarm_pool_alarm_callback
                0x10000ea0      0x328 CMakeFiles/Direct-digital-synthesis.dir/C_/VSARM/sdk/pico/pico-sdk/src/common/pico_time/time.c.obj
 .text.alarm_pool_init_default
                0x100011c8       0x38 CMakeFiles/Direct-digital-synthesis.dir/C_/VSARM/sdk/pico/pico-sdk/src/common/pico_time/time.c.obj
                0x100011c8                alarm_pool_init_default
 .text.alarm_pool_get_default
                0x10001200       0x2c CMakeFiles/Direct-digital-synthesis.dir/C_/VSARM/sdk/pico/pico-sdk/src/common/pico_time/time.c.obj
                0x10001200                alarm_pool_get_default
 .text.alarm_pool_add_alarm_at
                0x1000122c      0x170 CMakeFiles/Direct-digital-synthesis.dir/C_/VSARM/sdk/pico/pico-sdk/src/common/pico_time/time.c.obj
                0x1000122c                alarm_pool_add_alarm_at
 .text.alarm_pool_cancel_alarm
                0x1000139c       0xf0 CMakeFiles/Direct-digital-synthesis.dir/C_/VSARM/sdk/pico/pico-sdk/src/common/pico_time/time.c.obj
                0x1000139c                alarm_pool_cancel_alarm
 .text.sleep_until
                0x1000148c       0xfc CMakeFiles/Direct-digital-synthesis.dir/C_/VSARM/sdk/pico/pico-sdk/src/common/pico_time/time.c.obj
                0x1000148c                sleep_until
 .text.sleep_us
                0x10001588       0x58 CMakeFiles/Direct-digital-synthesis.dir/C_/VSARM/sdk/pico/pico-sdk/src/common/pico_time/time.c.obj
                0x10001588                sleep_us
 .text.sleep_ms
                0x100015e0       0x14 CMakeFiles/Direct-digital-synthesis.dir/C_/VSARM/sdk/pico/pico-sdk/src/common/pico_time/time.c.obj
                0x100015e0                sleep_ms
 .text.best_effort_wfe_or_timeout
                0x100015f4       0x80 CMakeFiles/Direct-digital-synthesis.dir/C_/VSARM/sdk/pico/pico-sdk/src/common/pico_time/time.c.obj
                0x100015f4                best_effort_wfe_or_timeout
 .text.hardware_alarm_irq_handler
                0x10001674       0x8c CMakeFiles/Direct-digital-synthesis.dir/C_/VSARM/sdk/pico/pico-sdk/src/rp2_common/hardware_timer/timer.c.obj
 .text.hardware_alarm_claim
                0x10001700       0x18 CMakeFiles/Direct-digital-synthesis.dir/C_/VSARM/sdk/pico/pico-sdk/src/rp2_common/hardware_timer/timer.c.obj
                0x10001700                hardware_alarm_claim
 .text.time_us_64
                0x10001718       0x18 CMakeFiles/Direct-digital-synthesis.dir/C_/VSARM/sdk/pico/pico-sdk/src/rp2_common/hardware_timer/timer.c.obj
                0x10001718                time_us_64
 .text.busy_wait_until
                0x10001730       0x28 CMakeFiles/Direct-digital-synthesis.dir/C_/VSARM/sdk/pico/pico-sdk/src/rp2_common/hardware_timer/timer.c.obj
                0x10001730                busy_wait_until
 .text.hardware_alarm_set_callback
                0x10001758       0x90 CMakeFiles/Direct-digital-synthesis.dir/C_/VSARM/sdk/pico/pico-sdk/src/rp2_common/hardware_timer/timer.c.obj
                0x10001758                hardware_alarm_set_callback
 .text.hardware_alarm_set_target
                0x100017e8       0xe8 CMakeFiles/Direct-digital-synthesis.dir/C_/VSARM/sdk/pico/pico-sdk/src/rp2_common/hardware_timer/timer.c.obj
                0x100017e8                hardware_alarm_set_target
 .text.hardware_alarm_cancel
                0x100018d0       0x40 CMakeFiles/Direct-digital-synthesis.dir/C_/VSARM/sdk/pico/pico-sdk/src/rp2_common/hardware_timer/timer.c.obj
                0x100018d0                hardware_alarm_cancel
 .text.lock_init
                0x10001910       0x10 CMakeFiles/Direct-digital-synthesis.dir/C_/VSARM/sdk/pico/pico-sdk/src/common/pico_sync/lock_core.c.obj
                0x10001910                lock_init
 .text.mutex_init
                0x10001920       0x1a CMakeFiles/Direct-digital-synthesis.dir/C_/VSARM/sdk/pico/pico-sdk/src/common/pico_sync/mutex.c.obj
                0x10001920                mutex_init
 .text.recursive_mutex_init
                0x1000193a       0x1e CMakeFiles/Direct-digital-synthesis.dir/C_/VSARM/sdk/pico/pico-sdk/src/common/pico_sync/mutex.c.obj
                0x1000193a                recursive_mutex_init
 .text.critical_section_init_with_lock_num
                0x10001958       0x14 CMakeFiles/Direct-digital-synthesis.dir/C_/VSARM/sdk/pico/pico-sdk/src/common/pico_sync/critical_section.c.obj
                0x10001958                critical_section_init_with_lock_num
 .text.critical_section_init
                0x1000196c       0x14 CMakeFiles/Direct-digital-synthesis.dir/C_/VSARM/sdk/pico/pico-sdk/src/common/pico_sync/critical_section.c.obj
                0x1000196c                critical_section_init
 .text.ph_add_child_node
                0x10001980       0xa4 CMakeFiles/Direct-digital-synthesis.dir/C_/VSARM/sdk/pico/pico-sdk/src/common/pico_util/pheap.c.obj
 .text.ph_merge_nodes
                0x10001a24       0x3e CMakeFiles/Direct-digital-synthesis.dir/C_/VSARM/sdk/pico/pico-sdk/src/common/pico_util/pheap.c.obj
 *fill*         0x10001a62        0x2 
 .text.ph_clear
                0x10001a64       0x70 CMakeFiles/Direct-digital-synthesis.dir/C_/VSARM/sdk/pico/pico-sdk/src/common/pico_util/pheap.c.obj
                0x10001a64                ph_clear
 .text.ph_post_alloc_init
                0x10001ad4        0xe CMakeFiles/Direct-digital-synthesis.dir/C_/VSARM/sdk/pico/pico-sdk/src/common/pico_util/pheap.c.obj
                0x10001ad4                ph_post_alloc_init
 *fill*         0x10001ae2        0x2 
 .text.ph_merge_two_pass
                0x10001ae4       0xa8 CMakeFiles/Direct-digital-synthesis.dir/C_/VSARM/sdk/pico/pico-sdk/src/common/pico_util/pheap.c.obj
                0x10001ae4                ph_merge_two_pass
 .text.ph_remove_any_head
                0x10001b8c      0x108 CMakeFiles/Direct-digital-synthesis.dir/C_/VSARM/sdk/pico/pico-sdk/src/common/pico_util/pheap.c.obj
 .text.ph_remove_head
                0x10001c94       0x14 CMakeFiles/Direct-digital-synthesis.dir/C_/VSARM/sdk/pico/pico-sdk/src/common/pico_util/pheap.c.obj
                0x10001c94                ph_remove_head
 .text.ph_remove_and_free_node
                0x10001ca8       0xf8 CMakeFiles/Direct-digital-synthesis.dir/C_/VSARM/sdk/pico/pico-sdk/src/common/pico_util/pheap.c.obj
                0x10001ca8                ph_remove_and_free_node
 .text._exit    0x10001da0        0x4 CMakeFiles/Direct-digital-synthesis.dir/C_/VSARM/sdk/pico/pico-sdk/src/rp2_common/pico_runtime/runtime.c.obj
                0x10001da0                _exit
 .text.exit     0x10001da4        0x6 CMakeFiles/Direct-digital-synthesis.dir/C_/VSARM/sdk/pico/pico-sdk/src/rp2_common/pico_runtime/runtime.c.obj
                0x10001da4                exit
 *fill*         0x10001daa        0x2 
 .text.__assert_func
                0x10001dac       0x3c CMakeFiles/Direct-digital-synthesis.dir/C_/VSARM/sdk/pico/pico-sdk/src/rp2_common/pico_runtime/runtime.c.obj
                0x10001dac                __assert_func
 .text.runtime_init
                0x10001de8       0xf8 CMakeFiles/Direct-digital-synthesis.dir/C_/VSARM/sdk/pico/pico-sdk/src/rp2_common/pico_runtime/runtime.c.obj
                0x10001de8                runtime_init
 .text.panic    0x10001ee0       0x30 CMakeFiles/Direct-digital-synthesis.dir/C_/VSARM/sdk/pico/pico-sdk/src/rp2_common/pico_runtime/runtime.c.obj
                0x10001ee0                panic
 .text.clock_configure
                0x10001f10      0x104 CMakeFiles/Direct-digital-synthesis.dir/C_/VSARM/sdk/pico/pico-sdk/src/rp2_common/hardware_clocks/clocks.c.obj
                0x10001f10                clock_configure
 .text.clocks_init
                0x10002014      0x100 CMakeFiles/Direct-digital-synthesis.dir/C_/VSARM/sdk/pico/pico-sdk/src/rp2_common/hardware_clocks/clocks.c.obj
                0x10002014                clocks_init
 .text.clock_get_hz
                0x10002114        0xc CMakeFiles/Direct-digital-synthesis.dir/C_/VSARM/sdk/pico/pico-sdk/src/rp2_common/hardware_clocks/clocks.c.obj
                0x10002114                clock_get_hz
 .text.set_raw_irq_handler_and_unlock
                0x10002120       0x28 CMakeFiles/Direct-digital-synthesis.dir/C_/VSARM/sdk/pico/pico-sdk/src/rp2_common/hardware_irq/irq.c.obj
 .text.make_branch
                0x10002148       0x34 CMakeFiles/Direct-digital-synthesis.dir/C_/VSARM/sdk/pico/pico-sdk/src/rp2_common/hardware_irq/irq.c.obj
 .text.insert_branch_and_link
                0x1000217c       0x40 CMakeFiles/Direct-digital-synthesis.dir/C_/VSARM/sdk/pico/pico-sdk/src/rp2_common/hardware_irq/irq.c.obj
 .text.irq_is_enabled
                0x100021bc       0x18 CMakeFiles/Direct-digital-synthesis.dir/C_/VSARM/sdk/pico/pico-sdk/src/rp2_common/hardware_irq/irq.c.obj
                0x100021bc                irq_is_enabled
 .text.irq_set_mask_enabled
                0x100021d4       0x20 CMakeFiles/Direct-digital-synthesis.dir/C_/VSARM/sdk/pico/pico-sdk/src/rp2_common/hardware_irq/irq.c.obj
                0x100021d4                irq_set_mask_enabled
 .text.irq_set_enabled
                0x100021f4        0xe CMakeFiles/Direct-digital-synthesis.dir/C_/VSARM/sdk/pico/pico-sdk/src/rp2_common/hardware_irq/irq.c.obj
                0x100021f4                irq_set_enabled
 *fill*         0x10002202        0x2 
 .text.irq_set_pending
                0x10002204       0x10 CMakeFiles/Direct-digital-synthesis.dir/C_/VSARM/sdk/pico/pico-sdk/src/rp2_common/hardware_irq/irq.c.obj
                0x10002204                irq_set_pending
 .text.irq_get_vtable_handler
                0x10002214       0x10 CMakeFiles/Direct-digital-synthesis.dir/C_/VSARM/sdk/pico/pico-sdk/src/rp2_common/hardware_irq/irq.c.obj
                0x10002214                irq_get_vtable_handler
 .text.irq_set_exclusive_handler
                0x10002224       0x54 CMakeFiles/Direct-digital-synthesis.dir/C_/VSARM/sdk/pico/pico-sdk/src/rp2_common/hardware_irq/irq.c.obj
                0x10002224                irq_set_exclusive_handler
 .text.irq_remove_handler
                0x10002278      0x1ac CMakeFiles/Direct-digital-synthesis.dir/C_/VSARM/sdk/pico/pico-sdk/src/rp2_common/hardware_irq/irq.c.obj
                0x10002278                irq_remove_handler
 .text.irq_add_tail_to_free_list
                0x10002424       0xf0 CMakeFiles/Direct-digital-synthesis.dir/C_/VSARM/sdk/pico/pico-sdk/src/rp2_common/hardware_irq/irq.c.obj
                0x10002424                irq_add_tail_to_free_list
 .text.irq_init_priorities
                0x10002514       0x1c CMakeFiles/Direct-digital-synthesis.dir/C_/VSARM/sdk/pico/pico-sdk/src/rp2_common/hardware_irq/irq.c.obj
                0x10002514                irq_init_priorities
 .text.pll_init
                0x10002530      0x118 CMakeFiles/Direct-digital-synthesis.dir/C_/VSARM/sdk/pico/pico-sdk/src/rp2_common/hardware_pll/pll.c.obj
                0x10002530                pll_init
 .text.vreg_set_voltage
                0x10002648       0x1c CMakeFiles/Direct-digital-synthesis.dir/C_/VSARM/sdk/pico/pico-sdk/src/rp2_common/hardware_vreg/vreg.c.obj
                0x10002648                vreg_set_voltage
 .text.watchdog_start_tick
                0x10002664       0x10 CMakeFiles/Direct-digital-synthesis.dir/C_/VSARM/sdk/pico/pico-sdk/src/rp2_common/hardware_watchdog/watchdog.c.obj
                0x10002664                watchdog_start_tick
 .text.watchdog_update
                0x10002674       0x14 CMakeFiles/Direct-digital-synthesis.dir/C_/VSARM/sdk/pico/pico-sdk/src/rp2_common/hardware_watchdog/watchdog.c.obj
                0x10002674                watchdog_update
 .text._watchdog_enable
                0x10002688       0x78 CMakeFiles/Direct-digital-synthesis.dir/C_/VSARM/sdk/pico/pico-sdk/src/rp2_common/hardware_watchdog/watchdog.c.obj
                0x10002688                _watchdog_enable
 .text.watchdog_reboot
                0x10002700       0x48 CMakeFiles/Direct-digital-synthesis.dir/C_/VSARM/sdk/pico/pico-sdk/src/rp2_common/hardware_watchdog/watchdog.c.obj
                0x10002700                watchdog_reboot
 .text.xosc_init
                0x10002748       0x28 CMakeFiles/Direct-digital-synthesis.dir/C_/VSARM/sdk/pico/pico-sdk/src/rp2_common/hardware_xosc/xosc.c.obj
                0x10002748                xosc_init
 .text._out_null
                0x10002770        0x2 CMakeFiles/Direct-digital-synthesis.dir/C_/VSARM/sdk/pico/pico-sdk/src/rp2_common/pico_printf/printf.c.obj
 .text._out_fct
                0x10002772        0xe CMakeFiles/Direct-digital-synthesis.dir/C_/VSARM/sdk/pico/pico-sdk/src/rp2_common/pico_printf/printf.c.obj
 .text._atoi    0x10002780       0x24 CMakeFiles/Direct-digital-synthesis.dir/C_/VSARM/sdk/pico/pico-sdk/src/rp2_common/pico_printf/printf.c.obj
 .text._out_rev
                0x100027a4       0xae CMakeFiles/Direct-digital-synthesis.dir/C_/VSARM/sdk/pico/pico-sdk/src/rp2_common/pico_printf/printf.c.obj
 .text._ntoa_format
                0x10002852      0x112 CMakeFiles/Direct-digital-synthesis.dir/C_/VSARM/sdk/pico/pico-sdk/src/rp2_common/pico_printf/printf.c.obj
 .text._ntoa_long
                0x10002964       0xbc CMakeFiles/Direct-digital-synthesis.dir/C_/VSARM/sdk/pico/pico-sdk/src/rp2_common/pico_printf/printf.c.obj
 .text._ntoa_long_long
                0x10002a20       0xe2 CMakeFiles/Direct-digital-synthesis.dir/C_/VSARM/sdk/pico/pico-sdk/src/rp2_common/pico_printf/printf.c.obj
 *fill*         0x10002b02        0x2 
 .text._etoa    0x10002b04      0x414 CMakeFiles/Direct-digital-synthesis.dir/C_/VSARM/sdk/pico/pico-sdk/src/rp2_common/pico_printf/printf.c.obj
 .text._ftoa    0x10002f18      0x354 CMakeFiles/Direct-digital-synthesis.dir/C_/VSARM/sdk/pico/pico-sdk/src/rp2_common/pico_printf/printf.c.obj
 .text._vsnprintf
                0x1000326c      0x624 CMakeFiles/Direct-digital-synthesis.dir/C_/VSARM/sdk/pico/pico-sdk/src/rp2_common/pico_printf/printf.c.obj
 .text.vfctprintf
                0x10003890       0x20 CMakeFiles/Direct-digital-synthesis.dir/C_/VSARM/sdk/pico/pico-sdk/src/rp2_common/pico_printf/printf.c.obj
                0x10003890                vfctprintf
 .text          0x100038b0       0x10 CMakeFiles/Direct-digital-synthesis.dir/C_/VSARM/sdk/pico/pico-sdk/src/rp2_common/pico_bit_ops/bit_ops_aeabi.S.obj
 .text.rom_func_lookup
                0x100038c0       0x10 CMakeFiles/Direct-digital-synthesis.dir/C_/VSARM/sdk/pico/pico-sdk/src/rp2_common/pico_bootrom/bootrom.c.obj
                0x100038c0                rom_func_lookup
 .text.rom_data_lookup
                0x100038d0       0x10 CMakeFiles/Direct-digital-synthesis.dir/C_/VSARM/sdk/pico/pico-sdk/src/rp2_common/pico_bootrom/bootrom.c.obj
                0x100038d0                rom_data_lookup
 .text.rom_funcs_lookup
                0x100038e0       0x36 CMakeFiles/Direct-digital-synthesis.dir/C_/VSARM/sdk/pico/pico-sdk/src/rp2_common/pico_bootrom/bootrom.c.obj
                0x100038e0                rom_funcs_lookup
 *fill*         0x10003916        0x2 
 .text.__wrap___aeabi_idiv
                0x10003918       0x50 CMakeFiles/Direct-digital-synthesis.dir/C_/VSARM/sdk/pico/pico-sdk/src/rp2_common/pico_divider/divider.S.obj
                0x10003918                __wrap___aeabi_idivmod
                0x10003918                divmod_s32s32
                0x10003918                div_s32s32
                0x10003918                __wrap___aeabi_idiv
                0x10003920                divmod_s32s32_unsafe
                0x1000394c                divmod_s32s32_savestate
 .text.__wrap___aeabi_uidiv
                0x10003968       0x4c CMakeFiles/Direct-digital-synthesis.dir/C_/VSARM/sdk/pico/pico-sdk/src/rp2_common/pico_divider/divider.S.obj
                0x10003968                __wrap___aeabi_uidiv
                0x10003968                __wrap___aeabi_uidivmod
                0x10003968                div_u32u32
                0x10003968                divmod_u32u32
                0x10003970                divmod_u32u32_unsafe
                0x10003998                divmod_u32u32_savestate
 .text.__wrap___aeabi_ldiv
                0x100039b4      0x434 CMakeFiles/Direct-digital-synthesis.dir/C_/VSARM/sdk/pico/pico-sdk/src/rp2_common/pico_divider/divider.S.obj
                0x100039b4                div_s64s64
                0x100039b4                divmod_s64s64
                0x100039b4                __wrap___aeabi_ldivmod
                0x100039ec                divmod_u64u64
                0x100039ec                div_u64u64
                0x100039ec                __wrap___aeabi_uldivmod
                0x100039fc                divmod_u64u64_savestate
                0x10003a24                divmod_s64s64_unsafe
                0x10003aac                divmod_u64u64_unsafe
 .text.__wrap___aeabi_darithmetic
                0x10003de8       0x80 CMakeFiles/Direct-digital-synthesis.dir/C_/VSARM/sdk/pico/pico-sdk/src/rp2_common/pico_double/double_aeabi.S.obj
                0x10003de8                __wrap___aeabi_drsub
                0x10003dee                __wrap___aeabi_dsub
                0x10003e00                __wrap___aeabi_dadd
                0x10003e12                __wrap___aeabi_ddiv
                0x10003e4e                __wrap___aeabi_dmul
 .text.__wrap___aeabi_cdcmple
                0x10003e68       0x6c CMakeFiles/Direct-digital-synthesis.dir/C_/VSARM/sdk/pico/pico-sdk/src/rp2_common/pico_double/double_aeabi.S.obj
                0x10003e68                __wrap___aeabi_cdrcmple
                0x10003e78                __wrap___aeabi_cdcmpeq
                0x10003e78                __wrap___aeabi_cdcmple
 .text.__wrap___aeabi_dcmplt
                0x10003ed4        0xc CMakeFiles/Direct-digital-synthesis.dir/C_/VSARM/sdk/pico/pico-sdk/src/rp2_common/pico_double/double_aeabi.S.obj
                0x10003ed4                __wrap___aeabi_dcmplt
 .text.__wrap___aeabi_dcmple
                0x10003ee0       0x10 CMakeFiles/Direct-digital-synthesis.dir/C_/VSARM/sdk/pico/pico-sdk/src/rp2_common/pico_double/double_aeabi.S.obj
                0x10003ee0                __wrap___aeabi_dcmple
 .text.__wrap___aeabi_dcmpge
                0x10003ef0       0x10 CMakeFiles/Direct-digital-synthesis.dir/C_/VSARM/sdk/pico/pico-sdk/src/rp2_common/pico_double/double_aeabi.S.obj
                0x10003ef0                __wrap___aeabi_dcmpge
 .text.__wrap___aeabi_dcmpgt
                0x10003f00        0xa CMakeFiles/Direct-digital-synthesis.dir/C_/VSARM/sdk/pico/pico-sdk/src/rp2_common/pico_double/double_aeabi.S.obj
                0x10003f00                __wrap___aeabi_dcmpgt
 .text.__wrap___aeabi_dcmpun
                0x10003f0a       0x1c CMakeFiles/Direct-digital-synthesis.dir/C_/VSARM/sdk/pico/pico-sdk/src/rp2_common/pico_double/double_aeabi.S.obj
                0x10003f0a                __wrap___aeabi_dcmpun
 *fill*         0x10003f26        0x2 
 .text.__wrap___aeabi_i2d
                0x10003f28       0x38 CMakeFiles/Direct-digital-synthesis.dir/C_/VSARM/sdk/pico/pico-sdk/src/rp2_common/pico_double/double_aeabi.S.obj
                0x10003f28                __wrap___aeabi_ui2d
                0x10003f30                __wrap___aeabi_i2d
 .text.__wrap___aeabi_d2iz
                0x10003f60       0x48 CMakeFiles/Direct-digital-synthesis.dir/C_/VSARM/sdk/pico/pico-sdk/src/rp2_common/pico_double/double_aeabi.S.obj
                0x10003f60                double2int_z
                0x10003f60                __wrap___aeabi_d2iz
 .text.__wrap___aeabi_d2uiz
                0x10003fa8       0x18 CMakeFiles/Direct-digital-synthesis.dir/C_/VSARM/sdk/pico/pico-sdk/src/rp2_common/pico_double/double_aeabi.S.obj
                0x10003fa8                __wrap___aeabi_d2uiz
                0x10003fa8                double2uint
 .text.__aeabi_double_init
                0x10003fc0       0xc8 CMakeFiles/Direct-digital-synthesis.dir/C_/VSARM/sdk/pico/pico-sdk/src/rp2_common/pico_double/double_init_rom.c.obj
                0x10003fc0                __aeabi_double_init
 .text.__wrap_round
                0x10004088       0x9c CMakeFiles/Direct-digital-synthesis.dir/C_/VSARM/sdk/pico/pico-sdk/src/rp2_common/pico_double/double_math.c.obj
                0x10004088                __wrap_round
 .text.double_table_shim_on_use_helper
                0x10004124       0x34 CMakeFiles/Direct-digital-synthesis.dir/C_/VSARM/sdk/pico/pico-sdk/src/rp2_common/pico_double/double_v1_rom_shim.S.obj
                0x10004124                double_table_shim_on_use_helper
 .text.__wrap___aeabi_dsub
                0x10004158       0x10 CMakeFiles/Direct-digital-synthesis.dir/C_/VSARM/sdk/pico/pico-sdk/src/rp2_common/pico_double/double_v1_rom_shim.S.obj
                0x10004158                drsub_shim
                0x1000415e                dsub_shim
 .text.dadd_shim
                0x10004168      0x15c CMakeFiles/Direct-digital-synthesis.dir/C_/VSARM/sdk/pico/pico-sdk/src/rp2_common/pico_double/double_v1_rom_shim.S.obj
                0x10004168                dadd_shim
 .text.dmul_shim
                0x100042c4      0x15c CMakeFiles/Direct-digital-synthesis.dir/C_/VSARM/sdk/pico/pico-sdk/src/rp2_common/pico_double/double_v1_rom_shim.S.obj
                0x100042c4                dmul_shim
 .text.ddiv_shim
                0x10004420      0x1b0 CMakeFiles/Direct-digital-synthesis.dir/C_/VSARM/sdk/pico/pico-sdk/src/rp2_common/pico_double/double_v1_rom_shim.S.obj
                0x10004420                ddiv_shim
 .text.double2uint_shim
                0x100045d0        0xe CMakeFiles/Direct-digital-synthesis.dir/C_/VSARM/sdk/pico/pico-sdk/src/rp2_common/pico_double/double_v1_rom_shim.S.obj
                0x100045d0                double2uint_shim
                0x100045d2                double2ufix_shim
 *fill*         0x100045de        0x2 
 .text.double2uint64_shim
                0x100045e0       0x70 CMakeFiles/Direct-digital-synthesis.dir/C_/VSARM/sdk/pico/pico-sdk/src/rp2_common/pico_double/double_v1_rom_shim.S.obj
                0x100045e0                double2uint64_shim
                0x100045e2                double2ufix64_shim
                0x10004602                d2fix_a
 .text.dunpacks
                0x10004650       0x3c CMakeFiles/Direct-digital-synthesis.dir/C_/VSARM/sdk/pico/pico-sdk/src/rp2_common/pico_double/double_v1_rom_shim.S.obj
                0x10004650                dunpacks
 .text.__aeabi_lmul
                0x1000468c       0x32 CMakeFiles/Direct-digital-synthesis.dir/C_/VSARM/sdk/pico/pico-sdk/src/rp2_common/pico_int64_ops/pico_int64_ops_aeabi.S.obj
                0x1000468c                __wrap___aeabi_lmul
 *fill*         0x100046be        0x2 
 .text.__wrap___aeabi_farithmetic
                0x100046c0       0x58 CMakeFiles/Direct-digital-synthesis.dir/C_/VSARM/sdk/pico/pico-sdk/src/rp2_common/pico_float/float_aeabi.S.obj
                0x100046c0                __wrap___aeabi_frsub
                0x100046c6                __wrap___aeabi_fsub
                0x100046d0                __wrap___aeabi_fadd
                0x100046da                __wrap___aeabi_fdiv
                0x10004706                __wrap___aeabi_fmul
 .text.__wrap___aeabi_ui2f
                0x10004718        0xa CMakeFiles/Direct-digital-synthesis.dir/C_/VSARM/sdk/pico/pico-sdk/src/rp2_common/pico_float/float_aeabi.S.obj
                0x10004718                __wrap___aeabi_ui2f
 *fill*         0x10004722        0x2 
 .text.__wrap___aeabi_i2f
                0x10004724       0x44 CMakeFiles/Direct-digital-synthesis.dir/C_/VSARM/sdk/pico/pico-sdk/src/rp2_common/pico_float/float_aeabi.S.obj
                0x10004724                __wrap___aeabi_i2f
 .text.__wrap___aeabi_f2uiz
                0x10004768       0x10 CMakeFiles/Direct-digital-synthesis.dir/C_/VSARM/sdk/pico/pico-sdk/src/rp2_common/pico_float/float_aeabi.S.obj
                0x10004768                __wrap___aeabi_f2uiz
 .text.fix2float
                0x10004778       0x10 CMakeFiles/Direct-digital-synthesis.dir/C_/VSARM/sdk/pico/pico-sdk/src/rp2_common/pico_float/float_aeabi.S.obj
                0x10004778                fix2float
 .text.__wrap_sinf
                0x10004788       0x28 CMakeFiles/Direct-digital-synthesis.dir/C_/VSARM/sdk/pico/pico-sdk/src/rp2_common/pico_float/float_aeabi.S.obj
                0x10004788                __wrap_sinf
 .text.__aeabi_float_init
                0x100047b0       0xfc CMakeFiles/Direct-digital-synthesis.dir/C_/VSARM/sdk/pico/pico-sdk/src/rp2_common/pico_float/float_init_rom.c.obj
                0x100047b0                __aeabi_float_init
 .text.frem_0   0x100048ac       0x80 CMakeFiles/Direct-digital-synthesis.dir/C_/VSARM/sdk/pico/pico-sdk/src/rp2_common/pico_float/float_math.c.obj
 .text.__wrap_remquof
                0x1000492c       0xda CMakeFiles/Direct-digital-synthesis.dir/C_/VSARM/sdk/pico/pico-sdk/src/rp2_common/pico_float/float_math.c.obj
                0x1000492c                __wrap_remquof
 .text.__wrap_remainderf
                0x10004a06        0xa CMakeFiles/Direct-digital-synthesis.dir/C_/VSARM/sdk/pico/pico-sdk/src/rp2_common/pico_float/float_math.c.obj
                0x10004a06                __wrap_remainderf
 .text.float_table_shim_on_use_helper
                0x10004a10       0x34 CMakeFiles/Direct-digital-synthesis.dir/C_/VSARM/sdk/pico/pico-sdk/src/rp2_common/pico_float/float_v1_rom_shim.S.obj
                0x10004a10                float_table_shim_on_use_helper
 .text          0x10004a44       0x10 CMakeFiles/Direct-digital-synthesis.dir/C_/VSARM/sdk/pico/pico-sdk/src/rp2_common/pico_mem_ops/mem_ops_aeabi.S.obj
                0x10004a44                __aeabi_mem_init
 .text.memset   0x10004a54        0xc CMakeFiles/Direct-digital-synthesis.dir/C_/VSARM/sdk/pico/pico-sdk/src/rp2_common/pico_mem_ops/mem_ops_aeabi.S.obj
                0x10004a54                __wrap_memset
 .text.memcpy   0x10004a60        0xc CMakeFiles/Direct-digital-synthesis.dir/C_/VSARM/sdk/pico/pico-sdk/src/rp2_common/pico_mem_ops/mem_ops_aeabi.S.obj
                0x10004a60                __wrap_memcpy
                0x10004a60                __wrap___aeabi_memcpy
 .text.stdio_out_chars_no_crlf
                0x10004a6c        0xe CMakeFiles/Direct-digital-synthesis.dir/C_/VSARM/sdk/pico/pico-sdk/src/rp2_common/pico_stdio/stdio.c.obj
 *fill*         0x10004a7a        0x2 
 .text.stdio_out_chars_crlf
                0x10004a7c       0x80 CMakeFiles/Direct-digital-synthesis.dir/C_/VSARM/sdk/pico/pico-sdk/src/rp2_common/pico_stdio/stdio.c.obj
 .text.stdio_stack_buffer_flush
                0x10004afc       0x44 CMakeFiles/Direct-digital-synthesis.dir/C_/VSARM/sdk/pico/pico-sdk/src/rp2_common/pico_stdio/stdio.c.obj
 .text.stdio_buffered_printer
                0x10004b40       0x20 CMakeFiles/Direct-digital-synthesis.dir/C_/VSARM/sdk/pico/pico-sdk/src/rp2_common/pico_stdio/stdio.c.obj
 .text.stdout_serialize_begin
                0x10004b60       0x30 CMakeFiles/Direct-digital-synthesis.dir/C_/VSARM/sdk/pico/pico-sdk/src/rp2_common/pico_stdio/stdio.c.obj
                0x10004b60                stdout_serialize_begin
 .text.stdout_serialize_end
                0x10004b90       0x10 CMakeFiles/Direct-digital-synthesis.dir/C_/VSARM/sdk/pico/pico-sdk/src/rp2_common/pico_stdio/stdio.c.obj
                0x10004b90                stdout_serialize_end
 .text.stdio_put_string
                0x10004ba0       0x98 CMakeFiles/Direct-digital-synthesis.dir/C_/VSARM/sdk/pico/pico-sdk/src/rp2_common/pico_stdio/stdio.c.obj
 .text.stdio_set_driver_enabled
                0x10004c38       0x38 CMakeFiles/Direct-digital-synthesis.dir/C_/VSARM/sdk/pico/pico-sdk/src/rp2_common/pico_stdio/stdio.c.obj
                0x10004c38                stdio_set_driver_enabled
 .text.stdio_flush
                0x10004c70       0x20 CMakeFiles/Direct-digital-synthesis.dir/C_/VSARM/sdk/pico/pico-sdk/src/rp2_common/pico_stdio/stdio.c.obj
                0x10004c70                stdio_flush
 .text.__wrap_puts
                0x10004c90       0x1e CMakeFiles/Direct-digital-synthesis.dir/C_/VSARM/sdk/pico/pico-sdk/src/rp2_common/pico_stdio/stdio.c.obj
                0x10004c90                __wrap_puts
 *fill*         0x10004cae        0x2 
 .text.__wrap_vprintf
                0x10004cb0       0x44 CMakeFiles/Direct-digital-synthesis.dir/C_/VSARM/sdk/pico/pico-sdk/src/rp2_common/pico_stdio/stdio.c.obj
                0x10004cb0                __wrap_vprintf
 .text.__wrap_printf
                0x10004cf4       0x18 CMakeFiles/Direct-digital-synthesis.dir/C_/VSARM/sdk/pico/pico-sdk/src/rp2_common/pico_stdio/stdio.c.obj
                0x10004cf4                __wrap_printf
 .text.stdio_init_all
                0x10004d0c        0x8 CMakeFiles/Direct-digital-synthesis.dir/C_/VSARM/sdk/pico/pico-sdk/src/rp2_common/pico_stdio/stdio.c.obj
                0x10004d0c                stdio_init_all
 .text.resetd_init
                0x10004d14        0x2 CMakeFiles/Direct-digital-synthesis.dir/C_/VSARM/sdk/pico/pico-sdk/src/rp2_common/pico_stdio_usb/reset_interface.c.obj
 *fill*         0x10004d16        0x2 
 .text.resetd_reset
                0x10004d18        0xc CMakeFiles/Direct-digital-synthesis.dir/C_/VSARM/sdk/pico/pico-sdk/src/rp2_common/pico_stdio_usb/reset_interface.c.obj
 .text.resetd_open
                0x10004d24       0x34 CMakeFiles/Direct-digital-synthesis.dir/C_/VSARM/sdk/pico/pico-sdk/src/rp2_common/pico_stdio_usb/reset_interface.c.obj
 .text.resetd_xfer_cb
                0x10004d58        0x4 CMakeFiles/Direct-digital-synthesis.dir/C_/VSARM/sdk/pico/pico-sdk/src/rp2_common/pico_stdio_usb/reset_interface.c.obj
 .text.reset_usb_boot
                0x10004d5c       0x18 CMakeFiles/Direct-digital-synthesis.dir/C_/VSARM/sdk/pico/pico-sdk/src/rp2_common/pico_stdio_usb/reset_interface.c.obj
 .text.resetd_control_xfer_cb
                0x10004d74       0x5c CMakeFiles/Direct-digital-synthesis.dir/C_/VSARM/sdk/pico/pico-sdk/src/rp2_common/pico_stdio_usb/reset_interface.c.obj
 .text.usbd_app_driver_get_cb
                0x10004dd0        0xc CMakeFiles/Direct-digital-synthesis.dir/C_/VSARM/sdk/pico/pico-sdk/src/rp2_common/pico_stdio_usb/reset_interface.c.obj
                0x10004dd0                usbd_app_driver_get_cb
 .text.tud_cdc_line_coding_cb
                0x10004ddc       0x28 CMakeFiles/Direct-digital-synthesis.dir/C_/VSARM/sdk/pico/pico-sdk/src/rp2_common/pico_stdio_usb/reset_interface.c.obj
                0x10004ddc                tud_cdc_line_coding_cb
 .text.stdio_usb_in_chars
                0x10004e04       0x70 CMakeFiles/Direct-digital-synthesis.dir/C_/VSARM/sdk/pico/pico-sdk/src/rp2_common/pico_stdio_usb/stdio_usb.c.obj
                0x10004e04                stdio_usb_in_chars
 .text.low_priority_worker_irq
                0x10004e74       0x20 CMakeFiles/Direct-digital-synthesis.dir/C_/VSARM/sdk/pico/pico-sdk/src/rp2_common/pico_stdio_usb/stdio_usb.c.obj
 .text.stdio_usb_out_chars
                0x10004e94       0xd4 CMakeFiles/Direct-digital-synthesis.dir/C_/VSARM/sdk/pico/pico-sdk/src/rp2_common/pico_stdio_usb/stdio_usb.c.obj
 .text.timer_task
                0x10004f68       0x10 CMakeFiles/Direct-digital-synthesis.dir/C_/VSARM/sdk/pico/pico-sdk/src/rp2_common/pico_stdio_usb/stdio_usb.c.obj
 .text.stdio_usb_init
                0x10004f78       0xb8 CMakeFiles/Direct-digital-synthesis.dir/C_/VSARM/sdk/pico/pico-sdk/src/rp2_common/pico_stdio_usb/stdio_usb.c.obj
                0x10004f78                stdio_usb_init
 .text.tud_descriptor_device_cb
                0x10005030        0x8 CMakeFiles/Direct-digital-synthesis.dir/C_/VSARM/sdk/pico/pico-sdk/src/rp2_common/pico_stdio_usb/stdio_usb_descriptors.c.obj
                0x10005030                tud_descriptor_device_cb
 .text.tud_descriptor_configuration_cb
                0x10005038        0x8 CMakeFiles/Direct-digital-synthesis.dir/C_/VSARM/sdk/pico/pico-sdk/src/rp2_common/pico_stdio_usb/stdio_usb_descriptors.c.obj
                0x10005038                tud_descriptor_configuration_cb
 .text.tud_descriptor_string_cb
                0x10005040       0x6c CMakeFiles/Direct-digital-synthesis.dir/C_/VSARM/sdk/pico/pico-sdk/src/rp2_common/pico_stdio_usb/stdio_usb_descriptors.c.obj
                0x10005040                tud_descriptor_string_cb
 .text.hw_endpoint_get_by_addr
                0x100050ac       0x18 CMakeFiles/Direct-digital-synthesis.dir/C_/VSARM/sdk/pico/pico-sdk/lib/tinyusb/src/portable/raspberrypi/rp2040/dcd_rp2040.c.obj
 .text.reset_ep0_pid
                0x100050c4       0x28 CMakeFiles/Direct-digital-synthesis.dir/C_/VSARM/sdk/pico/pico-sdk/lib/tinyusb/src/portable/raspberrypi/rp2040/dcd_rp2040.c.obj
 .text._hw_endpoint_alloc
                0x100050ec       0x70 CMakeFiles/Direct-digital-synthesis.dir/C_/VSARM/sdk/pico/pico-sdk/lib/tinyusb/src/portable/raspberrypi/rp2040/dcd_rp2040.c.obj
 .text.hw_endpoint_init
                0x1000515c       0x88 CMakeFiles/Direct-digital-synthesis.dir/C_/VSARM/sdk/pico/pico-sdk/lib/tinyusb/src/portable/raspberrypi/rp2040/dcd_rp2040.c.obj
 .text.reset_non_control_endpoints
                0x100051e4       0x40 CMakeFiles/Direct-digital-synthesis.dir/C_/VSARM/sdk/pico/pico-sdk/lib/tinyusb/src/portable/raspberrypi/rp2040/dcd_rp2040.c.obj
 .text.hw_handle_buff_status
                0x10005224       0x8c CMakeFiles/Direct-digital-synthesis.dir/C_/VSARM/sdk/pico/pico-sdk/lib/tinyusb/src/portable/raspberrypi/rp2040/dcd_rp2040.c.obj
 .text.dcd_rp2040_irq
                0x100052b0       0xc0 CMakeFiles/Direct-digital-synthesis.dir/C_/VSARM/sdk/pico/pico-sdk/lib/tinyusb/src/portable/raspberrypi/rp2040/dcd_rp2040.c.obj
 .text.hw_endpoint_xfer
                0x10005370       0x14 CMakeFiles/Direct-digital-synthesis.dir/C_/VSARM/sdk/pico/pico-sdk/lib/tinyusb/src/portable/raspberrypi/rp2040/dcd_rp2040.c.obj
 .text.dcd_int_enable
                0x10005384       0x2c CMakeFiles/Direct-digital-synthesis.dir/C_/VSARM/sdk/pico/pico-sdk/lib/tinyusb/src/portable/raspberrypi/rp2040/dcd_rp2040.c.obj
                0x10005384                dcd_int_enable
 .text.dcd_set_address
                0x100053b0       0x2c CMakeFiles/Direct-digital-synthesis.dir/C_/VSARM/sdk/pico/pico-sdk/lib/tinyusb/src/portable/raspberrypi/rp2040/dcd_rp2040.c.obj
                0x100053b0                dcd_set_address
 .text.dcd_connect
                0x100053dc       0x10 CMakeFiles/Direct-digital-synthesis.dir/C_/VSARM/sdk/pico/pico-sdk/lib/tinyusb/src/portable/raspberrypi/rp2040/dcd_rp2040.c.obj
                0x100053dc                dcd_connect
 .text.dcd_init
                0x100053ec       0x7c CMakeFiles/Direct-digital-synthesis.dir/C_/VSARM/sdk/pico/pico-sdk/lib/tinyusb/src/portable/raspberrypi/rp2040/dcd_rp2040.c.obj
                0x100053ec                dcd_init
 .text.dcd_edpt0_status_complete
                0x10005468       0x1c CMakeFiles/Direct-digital-synthesis.dir/C_/VSARM/sdk/pico/pico-sdk/lib/tinyusb/src/portable/raspberrypi/rp2040/dcd_rp2040.c.obj
                0x10005468                dcd_edpt0_status_complete
 .text.dcd_edpt_open
                0x10005484       0x40 CMakeFiles/Direct-digital-synthesis.dir/C_/VSARM/sdk/pico/pico-sdk/lib/tinyusb/src/portable/raspberrypi/rp2040/dcd_rp2040.c.obj
                0x10005484                dcd_edpt_open
 .text.dcd_edpt_close_all
                0x100054c4        0x8 CMakeFiles/Direct-digital-synthesis.dir/C_/VSARM/sdk/pico/pico-sdk/lib/tinyusb/src/portable/raspberrypi/rp2040/dcd_rp2040.c.obj
                0x100054c4                dcd_edpt_close_all
 .text.dcd_edpt_xfer
                0x100054cc       0x30 CMakeFiles/Direct-digital-synthesis.dir/C_/VSARM/sdk/pico/pico-sdk/lib/tinyusb/src/portable/raspberrypi/rp2040/dcd_rp2040.c.obj
                0x100054cc                dcd_edpt_xfer
 .text.dcd_edpt_stall
                0x100054fc       0x2c CMakeFiles/Direct-digital-synthesis.dir/C_/VSARM/sdk/pico/pico-sdk/lib/tinyusb/src/portable/raspberrypi/rp2040/dcd_rp2040.c.obj
                0x100054fc                dcd_edpt_stall
 .text.dcd_edpt_clear_stall
                0x10005528       0x20 CMakeFiles/Direct-digital-synthesis.dir/C_/VSARM/sdk/pico/pico-sdk/lib/tinyusb/src/portable/raspberrypi/rp2040/dcd_rp2040.c.obj
                0x10005528                dcd_edpt_clear_stall
 .text.prepare_ep_buffer
                0x10005548       0x70 CMakeFiles/Direct-digital-synthesis.dir/C_/VSARM/sdk/pico/pico-sdk/lib/tinyusb/src/portable/raspberrypi/rp2040/rp2040_usb.c.obj
 .text.sync_ep_buffer
                0x100055b8       0x7c CMakeFiles/Direct-digital-synthesis.dir/C_/VSARM/sdk/pico/pico-sdk/lib/tinyusb/src/portable/raspberrypi/rp2040/rp2040_usb.c.obj
 .text._hw_endpoint_xfer_sync
                0x10005634       0x28 CMakeFiles/Direct-digital-synthesis.dir/C_/VSARM/sdk/pico/pico-sdk/lib/tinyusb/src/portable/raspberrypi/rp2040/rp2040_usb.c.obj
 .text.rp2040_usb_init
                0x1000565c       0x4c CMakeFiles/Direct-digital-synthesis.dir/C_/VSARM/sdk/pico/pico-sdk/lib/tinyusb/src/portable/raspberrypi/rp2040/rp2040_usb.c.obj
                0x1000565c                rp2040_usb_init
 .text.hw_endpoint_reset_transfer
                0x100056a8        0xc CMakeFiles/Direct-digital-synthesis.dir/C_/VSARM/sdk/pico/pico-sdk/lib/tinyusb/src/portable/raspberrypi/rp2040/rp2040_usb.c.obj
                0x100056a8                hw_endpoint_reset_transfer
 .text._hw_endpoint_buffer_control_update32
                0x100056b4       0x58 CMakeFiles/Direct-digital-synthesis.dir/C_/VSARM/sdk/pico/pico-sdk/lib/tinyusb/src/portable/raspberrypi/rp2040/rp2040_usb.c.obj
                0x100056b4                _hw_endpoint_buffer_control_update32
 .text._hw_endpoint_start_next_buffer
                0x1000570c       0x74 CMakeFiles/Direct-digital-synthesis.dir/C_/VSARM/sdk/pico/pico-sdk/lib/tinyusb/src/portable/raspberrypi/rp2040/rp2040_usb.c.obj
 .text.hw_endpoint_xfer_start
                0x10005780       0x48 CMakeFiles/Direct-digital-synthesis.dir/C_/VSARM/sdk/pico/pico-sdk/lib/tinyusb/src/portable/raspberrypi/rp2040/rp2040_usb.c.obj
                0x10005780                hw_endpoint_xfer_start
 .text.hw_endpoint_xfer_continue
                0x100057c8       0x38 CMakeFiles/Direct-digital-synthesis.dir/C_/VSARM/sdk/pico/pico-sdk/lib/tinyusb/src/portable/raspberrypi/rp2040/rp2040_usb.c.obj
                0x100057c8                hw_endpoint_xfer_continue
 .text.configuration_reset
                0x10005800       0x84 CMakeFiles/Direct-digital-synthesis.dir/C_/VSARM/sdk/pico/pico-sdk/lib/tinyusb/src/device/usbd.c.obj
 .text.usbd_reset
                0x10005884        0xc CMakeFiles/Direct-digital-synthesis.dir/C_/VSARM/sdk/pico/pico-sdk/lib/tinyusb/src/device/usbd.c.obj
 .text.invoke_class_control
                0x10005890       0x1a CMakeFiles/Direct-digital-synthesis.dir/C_/VSARM/sdk/pico/pico-sdk/lib/tinyusb/src/device/usbd.c.obj
 *fill*         0x100058aa        0x2 
 .text.process_set_config
                0x100058ac      0x1b0 CMakeFiles/Direct-digital-synthesis.dir/C_/VSARM/sdk/pico/pico-sdk/lib/tinyusb/src/device/usbd.c.obj
 .text.process_get_descriptor
                0x10005a5c       0xec CMakeFiles/Direct-digital-synthesis.dir/C_/VSARM/sdk/pico/pico-sdk/lib/tinyusb/src/device/usbd.c.obj
 .text.tud_mounted
                0x10005b48       0x10 CMakeFiles/Direct-digital-synthesis.dir/C_/VSARM/sdk/pico/pico-sdk/lib/tinyusb/src/device/usbd.c.obj
                0x10005b48                tud_mounted
 .text.tud_suspended
                0x10005b58       0x10 CMakeFiles/Direct-digital-synthesis.dir/C_/VSARM/sdk/pico/pico-sdk/lib/tinyusb/src/device/usbd.c.obj
                0x10005b58                tud_suspended
 .text.tud_inited
                0x10005b68        0xc CMakeFiles/Direct-digital-synthesis.dir/C_/VSARM/sdk/pico/pico-sdk/lib/tinyusb/src/device/usbd.c.obj
                0x10005b68                tud_inited
 .text.tud_init
                0x10005b74       0xcc CMakeFiles/Direct-digital-synthesis.dir/C_/VSARM/sdk/pico/pico-sdk/lib/tinyusb/src/device/usbd.c.obj
                0x10005b74                tud_init
 .text.dcd_event_handler
                0x10005c40      0x1e0 CMakeFiles/Direct-digital-synthesis.dir/C_/VSARM/sdk/pico/pico-sdk/lib/tinyusb/src/device/usbd.c.obj
                0x10005c40                dcd_event_handler
 .text.dcd_event_bus_signal
                0x10005e20       0x26 CMakeFiles/Direct-digital-synthesis.dir/C_/VSARM/sdk/pico/pico-sdk/lib/tinyusb/src/device/usbd.c.obj
                0x10005e20                dcd_event_bus_signal
 .text.dcd_event_bus_reset
                0x10005e46       0x2a CMakeFiles/Direct-digital-synthesis.dir/C_/VSARM/sdk/pico/pico-sdk/lib/tinyusb/src/device/usbd.c.obj
                0x10005e46                dcd_event_bus_reset
 .text.dcd_event_setup_received
                0x10005e70       0x34 CMakeFiles/Direct-digital-synthesis.dir/C_/VSARM/sdk/pico/pico-sdk/lib/tinyusb/src/device/usbd.c.obj
                0x10005e70                dcd_event_setup_received
 .text.dcd_event_xfer_complete
                0x10005ea4       0x44 CMakeFiles/Direct-digital-synthesis.dir/C_/VSARM/sdk/pico/pico-sdk/lib/tinyusb/src/device/usbd.c.obj
                0x10005ea4                dcd_event_xfer_complete
 .text.usbd_edpt_open
                0x10005ee8       0x58 CMakeFiles/Direct-digital-synthesis.dir/C_/VSARM/sdk/pico/pico-sdk/lib/tinyusb/src/device/usbd.c.obj
                0x10005ee8                usbd_edpt_open
 .text.usbd_open_edpt_pair
                0x10005f40       0x8c CMakeFiles/Direct-digital-synthesis.dir/C_/VSARM/sdk/pico/pico-sdk/lib/tinyusb/src/device/usbd.c.obj
                0x10005f40                usbd_open_edpt_pair
 .text.usbd_edpt_claim
                0x10005fcc       0x8c CMakeFiles/Direct-digital-synthesis.dir/C_/VSARM/sdk/pico/pico-sdk/lib/tinyusb/src/device/usbd.c.obj
                0x10005fcc                usbd_edpt_claim
 .text.usbd_edpt_release
                0x10006058       0x68 CMakeFiles/Direct-digital-synthesis.dir/C_/VSARM/sdk/pico/pico-sdk/lib/tinyusb/src/device/usbd.c.obj
                0x10006058                usbd_edpt_release
 .text.usbd_edpt_xfer
                0x100060c0       0x80 CMakeFiles/Direct-digital-synthesis.dir/C_/VSARM/sdk/pico/pico-sdk/lib/tinyusb/src/device/usbd.c.obj
                0x100060c0                usbd_edpt_xfer
 .text.usbd_edpt_stall
                0x10006140       0x40 CMakeFiles/Direct-digital-synthesis.dir/C_/VSARM/sdk/pico/pico-sdk/lib/tinyusb/src/device/usbd.c.obj
                0x10006140                usbd_edpt_stall
 .text.usbd_edpt_clear_stall
                0x10006180       0x40 CMakeFiles/Direct-digital-synthesis.dir/C_/VSARM/sdk/pico/pico-sdk/lib/tinyusb/src/device/usbd.c.obj
                0x10006180                usbd_edpt_clear_stall
 .text.usbd_edpt_stalled
                0x100061c0       0x1c CMakeFiles/Direct-digital-synthesis.dir/C_/VSARM/sdk/pico/pico-sdk/lib/tinyusb/src/device/usbd.c.obj
                0x100061c0                usbd_edpt_stalled
 .text.process_control_request
                0x100061dc      0x3b8 CMakeFiles/Direct-digital-synthesis.dir/C_/VSARM/sdk/pico/pico-sdk/lib/tinyusb/src/device/usbd.c.obj
 .text.tud_task
                0x10006594      0x218 CMakeFiles/Direct-digital-synthesis.dir/C_/VSARM/sdk/pico/pico-sdk/lib/tinyusb/src/device/usbd.c.obj
                0x10006594                tud_task
 .text._data_stage_xact
                0x100067ac       0x58 CMakeFiles/Direct-digital-synthesis.dir/C_/VSARM/sdk/pico/pico-sdk/lib/tinyusb/src/device/usbd_control.c.obj
 .text.tud_control_status
                0x10006804       0x38 CMakeFiles/Direct-digital-synthesis.dir/C_/VSARM/sdk/pico/pico-sdk/lib/tinyusb/src/device/usbd_control.c.obj
                0x10006804                tud_control_status
 .text.tud_control_xfer
                0x1000683c       0xa8 CMakeFiles/Direct-digital-synthesis.dir/C_/VSARM/sdk/pico/pico-sdk/lib/tinyusb/src/device/usbd_control.c.obj
                0x1000683c                tud_control_xfer
 .text.usbd_control_reset
                0x100068e4       0x14 CMakeFiles/Direct-digital-synthesis.dir/C_/VSARM/sdk/pico/pico-sdk/lib/tinyusb/src/device/usbd_control.c.obj
                0x100068e4                usbd_control_reset
 .text.usbd_control_set_complete_callback
                0x100068f8        0xc CMakeFiles/Direct-digital-synthesis.dir/C_/VSARM/sdk/pico/pico-sdk/lib/tinyusb/src/device/usbd_control.c.obj
                0x100068f8                usbd_control_set_complete_callback
 .text.usbd_control_set_request
                0x10006904       0x1c CMakeFiles/Direct-digital-synthesis.dir/C_/VSARM/sdk/pico/pico-sdk/lib/tinyusb/src/device/usbd_control.c.obj
                0x10006904                usbd_control_set_request
 .text.usbd_control_xfer_cb
                0x10006920       0xfc CMakeFiles/Direct-digital-synthesis.dir/C_/VSARM/sdk/pico/pico-sdk/lib/tinyusb/src/device/usbd_control.c.obj
                0x10006920                usbd_control_xfer_cb
 .text._prep_out_transaction
                0x10006a1c       0x46 CMakeFiles/Direct-digital-synthesis.dir/C_/VSARM/sdk/pico/pico-sdk/lib/tinyusb/src/class/cdc/cdc_device.c.obj
 *fill*         0x10006a62        0x2 
 .text.tud_cdc_n_connected
                0x10006a64       0x44 CMakeFiles/Direct-digital-synthesis.dir/C_/VSARM/sdk/pico/pico-sdk/lib/tinyusb/src/class/cdc/cdc_device.c.obj
                0x10006a64                tud_cdc_n_connected
 .text.tud_cdc_n_available
                0x10006aa8       0x18 CMakeFiles/Direct-digital-synthesis.dir/C_/VSARM/sdk/pico/pico-sdk/lib/tinyusb/src/class/cdc/cdc_device.c.obj
                0x10006aa8                tud_cdc_n_available
 .text.tud_cdc_n_read
                0x10006ac0       0x28 CMakeFiles/Direct-digital-synthesis.dir/C_/VSARM/sdk/pico/pico-sdk/lib/tinyusb/src/class/cdc/cdc_device.c.obj
                0x10006ac0                tud_cdc_n_read
 .text.tud_cdc_n_write_flush
                0x10006ae8       0xcc CMakeFiles/Direct-digital-synthesis.dir/C_/VSARM/sdk/pico/pico-sdk/lib/tinyusb/src/class/cdc/cdc_device.c.obj
                0x10006ae8                tud_cdc_n_write_flush
 .text.tud_cdc_n_write
                0x10006bb4       0x38 CMakeFiles/Direct-digital-synthesis.dir/C_/VSARM/sdk/pico/pico-sdk/lib/tinyusb/src/class/cdc/cdc_device.c.obj
                0x10006bb4                tud_cdc_n_write
 .text.tud_cdc_n_write_available
                0x10006bec       0x1c CMakeFiles/Direct-digital-synthesis.dir/C_/VSARM/sdk/pico/pico-sdk/lib/tinyusb/src/class/cdc/cdc_device.c.obj
                0x10006bec                tud_cdc_n_write_available
 .text.cdcd_init
                0x10006c08       0xbc CMakeFiles/Direct-digital-synthesis.dir/C_/VSARM/sdk/pico/pico-sdk/lib/tinyusb/src/class/cdc/cdc_device.c.obj
                0x10006c08                cdcd_init
 .text.cdcd_reset
                0x10006cc4       0x44 CMakeFiles/Direct-digital-synthesis.dir/C_/VSARM/sdk/pico/pico-sdk/lib/tinyusb/src/class/cdc/cdc_device.c.obj
                0x10006cc4                cdcd_reset
 .text.cdcd_open
                0x10006d08       0xf8 CMakeFiles/Direct-digital-synthesis.dir/C_/VSARM/sdk/pico/pico-sdk/lib/tinyusb/src/class/cdc/cdc_device.c.obj
                0x10006d08                cdcd_open
 .text.cdcd_control_xfer_cb
                0x10006e00      0x134 CMakeFiles/Direct-digital-synthesis.dir/C_/VSARM/sdk/pico/pico-sdk/lib/tinyusb/src/class/cdc/cdc_device.c.obj
                0x10006e00                cdcd_control_xfer_cb
 .text.cdcd_xfer_cb
                0x10006f34      0x144 CMakeFiles/Direct-digital-synthesis.dir/C_/VSARM/sdk/pico/pico-sdk/lib/tinyusb/src/class/cdc/cdc_device.c.obj
                0x10006f34                cdcd_xfer_cb
 .text.tusb_init
                0x10007078       0x24 CMakeFiles/Direct-digital-synthesis.dir/C_/VSARM/sdk/pico/pico-sdk/lib/tinyusb/src/tusb.c.obj
                0x10007078                tusb_init
 .text.tusb_inited
                0x1000709c        0xe CMakeFiles/Direct-digital-synthesis.dir/C_/VSARM/sdk/pico/pico-sdk/lib/tinyusb/src/tusb.c.obj
                0x1000709c                tusb_inited
 *fill*         0x100070aa        0x2 
 .text.tu_edpt_validate
                0x100070ac       0xa8 CMakeFiles/Direct-digital-synthesis.dir/C_/VSARM/sdk/pico/pico-sdk/lib/tinyusb/src/tusb.c.obj
                0x100070ac                tu_edpt_validate
 .text.tu_edpt_bind_driver
                0x10007154       0x2a CMakeFiles/Direct-digital-synthesis.dir/C_/VSARM/sdk/pico/pico-sdk/lib/tinyusb/src/tusb.c.obj
                0x10007154                tu_edpt_bind_driver
 .text.advance_pointer
                0x1000717e       0x18 CMakeFiles/Direct-digital-synthesis.dir/C_/VSARM/sdk/pico/pico-sdk/lib/tinyusb/src/common/tusb_fifo.c.obj
 .text.backward_pointer
                0x10007196       0x1e CMakeFiles/Direct-digital-synthesis.dir/C_/VSARM/sdk/pico/pico-sdk/lib/tinyusb/src/common/tusb_fifo.c.obj
 .text.get_relative_pointer
                0x100071b4       0x10 CMakeFiles/Direct-digital-synthesis.dir/C_/VSARM/sdk/pico/pico-sdk/lib/tinyusb/src/common/tusb_fifo.c.obj
 .text._tu_fifo_peek
                0x100071c4       0x50 CMakeFiles/Direct-digital-synthesis.dir/C_/VSARM/sdk/pico/pico-sdk/lib/tinyusb/src/common/tusb_fifo.c.obj
 .text._ff_pull_const_addr
                0x10007214       0x4c CMakeFiles/Direct-digital-synthesis.dir/C_/VSARM/sdk/pico/pico-sdk/lib/tinyusb/src/common/tusb_fifo.c.obj
 .text._ff_pull_n
                0x10007260      0x10c CMakeFiles/Direct-digital-synthesis.dir/C_/VSARM/sdk/pico/pico-sdk/lib/tinyusb/src/common/tusb_fifo.c.obj
 .text._tu_fifo_peek_n
                0x1000736c       0x5e CMakeFiles/Direct-digital-synthesis.dir/C_/VSARM/sdk/pico/pico-sdk/lib/tinyusb/src/common/tusb_fifo.c.obj
 .text._tu_fifo_read_n
                0x100073ca       0x4e CMakeFiles/Direct-digital-synthesis.dir/C_/VSARM/sdk/pico/pico-sdk/lib/tinyusb/src/common/tusb_fifo.c.obj
 .text._ff_push_const_addr
                0x10007418       0x40 CMakeFiles/Direct-digital-synthesis.dir/C_/VSARM/sdk/pico/pico-sdk/lib/tinyusb/src/common/tusb_fifo.c.obj
 .text._ff_push_n
                0x10007458      0x108 CMakeFiles/Direct-digital-synthesis.dir/C_/VSARM/sdk/pico/pico-sdk/lib/tinyusb/src/common/tusb_fifo.c.obj
 .text._tu_fifo_write_n
                0x10007560       0x9e CMakeFiles/Direct-digital-synthesis.dir/C_/VSARM/sdk/pico/pico-sdk/lib/tinyusb/src/common/tusb_fifo.c.obj
 .text.tu_fifo_config
                0x100075fe       0x72 CMakeFiles/Direct-digital-synthesis.dir/C_/VSARM/sdk/pico/pico-sdk/lib/tinyusb/src/common/tusb_fifo.c.obj
                0x100075fe                tu_fifo_config
 .text.tu_fifo_count
                0x10007670       0x26 CMakeFiles/Direct-digital-synthesis.dir/C_/VSARM/sdk/pico/pico-sdk/lib/tinyusb/src/common/tusb_fifo.c.obj
                0x10007670                tu_fifo_count
 .text.tu_fifo_empty
                0x10007696       0x10 CMakeFiles/Direct-digital-synthesis.dir/C_/VSARM/sdk/pico/pico-sdk/lib/tinyusb/src/common/tusb_fifo.c.obj
                0x10007696                tu_fifo_empty
 .text.tu_fifo_remaining
                0x100076a6       0x20 CMakeFiles/Direct-digital-synthesis.dir/C_/VSARM/sdk/pico/pico-sdk/lib/tinyusb/src/common/tusb_fifo.c.obj
                0x100076a6                tu_fifo_remaining
 .text.tu_fifo_read
                0x100076c6       0x42 CMakeFiles/Direct-digital-synthesis.dir/C_/VSARM/sdk/pico/pico-sdk/lib/tinyusb/src/common/tusb_fifo.c.obj
                0x100076c6                tu_fifo_read
 .text.tu_fifo_read_n
                0x10007708        0xa CMakeFiles/Direct-digital-synthesis.dir/C_/VSARM/sdk/pico/pico-sdk/lib/tinyusb/src/common/tusb_fifo.c.obj
                0x10007708                tu_fifo_read_n
 .text.tu_fifo_write
                0x10007712       0x6c CMakeFiles/Direct-digital-synthesis.dir/C_/VSARM/sdk/pico/pico-sdk/lib/tinyusb/src/common/tusb_fifo.c.obj
                0x10007712                tu_fifo_write
 .text.tu_fifo_write_n
                0x1000777e        0xa CMakeFiles/Direct-digital-synthesis.dir/C_/VSARM/sdk/pico/pico-sdk/lib/tinyusb/src/common/tusb_fifo.c.obj
                0x1000777e                tu_fifo_write_n
 .text.tu_fifo_clear
                0x10007788       0x4c CMakeFiles/Direct-digital-synthesis.dir/C_/VSARM/sdk/pico/pico-sdk/lib/tinyusb/src/common/tusb_fifo.c.obj
                0x10007788                tu_fifo_clear
 .text.tu_fifo_set_overwritable
                0x100077d4       0x3c CMakeFiles/Direct-digital-synthesis.dir/C_/VSARM/sdk/pico/pico-sdk/lib/tinyusb/src/common/tusb_fifo.c.obj
                0x100077d4                tu_fifo_set_overwritable
 .text._retrieve_unique_id_on_boot
                0x10007810       0x10 CMakeFiles/Direct-digital-synthesis.dir/C_/VSARM/sdk/pico/pico-sdk/src/rp2_common/pico_unique_id/unique_id.c.obj
 .text.pico_get_unique_board_id_string
                0x10007820       0x60 CMakeFiles/Direct-digital-synthesis.dir/C_/VSARM/sdk/pico/pico-sdk/src/rp2_common/pico_unique_id/unique_id.c.obj
                0x10007820                pico_get_unique_board_id_string
 .text.flash_get_unique_id
                0x10007880       0x46 CMakeFiles/Direct-digital-synthesis.dir/C_/VSARM/sdk/pico/pico-sdk/src/rp2_common/hardware_flash/flash.c.obj
                0x10007880                flash_get_unique_id
 *fill*         0x100078c6        0x2 
 .text.dma_claim_unused_channel
                0x100078c8       0x20 CMakeFiles/Direct-digital-synthesis.dir/C_/VSARM/sdk/pico/pico-sdk/src/rp2_common/hardware_dma/dma.c.obj
                0x100078c8                dma_claim_unused_channel
 .text._pio_can_add_program_at_offset
                0x100078e8       0x3c CMakeFiles/Direct-digital-synthesis.dir/C_/VSARM/sdk/pico/pico-sdk/src/rp2_common/hardware_pio/pio.c.obj
 .text._pio_find_offset_for_program
                0x10007924       0x7c CMakeFiles/Direct-digital-synthesis.dir/C_/VSARM/sdk/pico/pico-sdk/src/rp2_common/hardware_pio/pio.c.obj
 .text._pio_add_program_at_offset
                0x100079a0       0x78 CMakeFiles/Direct-digital-synthesis.dir/C_/VSARM/sdk/pico/pico-sdk/src/rp2_common/hardware_pio/pio.c.obj
 .text.pio_claim_unused_sm
                0x10007a18       0x3c CMakeFiles/Direct-digital-synthesis.dir/C_/VSARM/sdk/pico/pico-sdk/src/rp2_common/hardware_pio/pio.c.obj
                0x10007a18                pio_claim_unused_sm
 .text.pio_add_program
                0x10007a54       0x38 CMakeFiles/Direct-digital-synthesis.dir/C_/VSARM/sdk/pico/pico-sdk/src/rp2_common/hardware_pio/pio.c.obj
                0x10007a54                pio_add_program
 .text.pio_sm_set_consecutive_pindirs
                0x10007a8c       0x70 CMakeFiles/Direct-digital-synthesis.dir/C_/VSARM/sdk/pico/pico-sdk/src/rp2_common/hardware_pio/pio.c.obj
                0x10007a8c                pio_sm_set_consecutive_pindirs
 .text.pio_sm_init
                0x10007afc       0xe4 CMakeFiles/Direct-digital-synthesis.dir/C_/VSARM/sdk/pico/pico-sdk/src/rp2_common/hardware_pio/pio.c.obj
                0x10007afc                pio_sm_init
 .text.strlen   0x10007be0       0x5c c:/vsarm/armcc/102021~1.10/bin/../lib/gcc/arm-none-eabi/10.3.1/../../../../arm-none-eabi/lib/thumb/v6-m/nofp\libg.a(lib_a-strlen-stub.o)
                0x10007be0                strlen
 *(.fini)
 .fini          0x10007c3c        0x4 c:/vsarm/armcc/102021~1.10/bin/../lib/gcc/arm-none-eabi/10.3.1/thumb/v6-m/nofp/crti.o
                0x10007c3c                _fini
 .fini.__stub   0x10007c40       0x70 linker stubs
 *crtbegin.o(.ctors)
 *crtbegin?.o(.ctors)
 *(EXCLUDE_FILE(*crtend.o *crtend?.o) .ctors)
 *(SORT_BY_NAME(.ctors.*))
 *(.ctors)
 *crtbegin.o(.dtors)
 *crtbegin?.o(.dtors)
 *(EXCLUDE_FILE(*crtend.o *crtend?.o) .dtors)
 *(SORT_BY_NAME(.dtors.*))
 *(.dtors)
 *(.eh_frame*)
 .eh_frame      0x10007cb0        0x0 c:/vsarm/armcc/102021~1.10/bin/../lib/gcc/arm-none-eabi/10.3.1/thumb/v6-m/nofp/crtbegin.o
                0x10007cb0                . = ALIGN (0x4)

.glue_7         0x10007cb0        0x0
 .glue_7        0x10007cb0        0x0 linker stubs

.glue_7t        0x10007cb0        0x0
 .glue_7t       0x10007cb0        0x0 linker stubs

.vfp11_veneer   0x10007cb0        0x0
 .vfp11_veneer  0x10007cb0        0x0 linker stubs

.v4_bx          0x10007cb0        0x0
 .v4_bx         0x10007cb0        0x0 linker stubs

.iplt           0x10007cb0        0x0
 .iplt          0x10007cb0        0x0 c:/vsarm/armcc/102021~1.10/bin/../lib/gcc/arm-none-eabi/10.3.1/thumb/v6-m/nofp/crtbegin.o

.rodata         0x10007cb0     0x177c
 *(EXCLUDE_FILE(*libm.a: *libc.a:*lib_a-mem*.o *libgcc.a:) .rodata*)
 .rodata.main.str1.4
                0x10007cb0       0x32 CMakeFiles/Direct-digital-synthesis.dir/main.cpp.obj
 *fill*         0x10007ce2        0x2 
 .rodata._Z7InitDDSm.str1.4
                0x10007ce4       0xaa CMakeFiles/Direct-digital-synthesis.dir/DDS.cpp.obj
 *fill*         0x10007d8e        0x2 
 .rodata._ZL14R2RDAC_program
                0x10007d90        0x6 CMakeFiles/Direct-digital-synthesis.dir/DDS.cpp.obj
 *fill*         0x10007d96        0x2 
 .rodata._ZL27R2RDAC_program_instructions
                0x10007d98        0x4 CMakeFiles/Direct-digital-synthesis.dir/DDS.cpp.obj
 .rodata.spin_lock_claim_unused.str1.4
                0x10007d9c       0x1b CMakeFiles/Direct-digital-synthesis.dir/C_/VSARM/sdk/pico/pico-sdk/src/rp2_common/hardware_sync/sync.c.obj
 *fill*         0x10007db7        0x1 
 .rodata.repeating_timer_callback.str1.4
                0x10007db8       0x4b CMakeFiles/Direct-digital-synthesis.dir/C_/VSARM/sdk/pico/pico-sdk/src/common/pico_time/time.c.obj
 *fill*         0x10007e03        0x1 
 .rodata.alarm_pool_dump_key.str1.4
                0x10007e04       0x33 CMakeFiles/Direct-digital-synthesis.dir/C_/VSARM/sdk/pico/pico-sdk/src/common/pico_time/time.c.obj
 *fill*         0x10007e37        0x1 
 .rodata.ph_add_child_node.str1.4
                0x10007e38       0x96 CMakeFiles/Direct-digital-synthesis.dir/C_/VSARM/sdk/pico/pico-sdk/src/common/pico_time/time.c.obj
 *fill*         0x10007ece        0x2 
 .rodata.add_alarm_under_lock.str1.4
                0x10007ed0       0x28 CMakeFiles/Direct-digital-synthesis.dir/C_/VSARM/sdk/pico/pico-sdk/src/common/pico_time/time.c.obj
                                 0x2b (size before relaxing)
 .rodata.alarm_pool_alarm_callback.str1.4
                0x10007ef8       0xe6 CMakeFiles/Direct-digital-synthesis.dir/C_/VSARM/sdk/pico/pico-sdk/src/common/pico_time/time.c.obj
 *fill*         0x10007fde        0x2 
 .rodata.alarm_pool_get_default.str1.4
                0x10007fe0       0x21 CMakeFiles/Direct-digital-synthesis.dir/C_/VSARM/sdk/pico/pico-sdk/src/common/pico_time/time.c.obj
 *fill*         0x10008001        0x3 
 .rodata.alarm_pool_cancel_alarm.str1.4
                0x10008004       0x27 CMakeFiles/Direct-digital-synthesis.dir/C_/VSARM/sdk/pico/pico-sdk/src/common/pico_time/time.c.obj
 *fill*         0x1000802b        0x1 
 .rodata.sleep_until.str1.4
                0x1000802c       0x4d CMakeFiles/Direct-digital-synthesis.dir/C_/VSARM/sdk/pico/pico-sdk/src/common/pico_time/time.c.obj
 *fill*         0x10008079        0x3 
 .rodata.__func__.1
                0x1000807c       0x18 CMakeFiles/Direct-digital-synthesis.dir/C_/VSARM/sdk/pico/pico-sdk/src/common/pico_time/time.c.obj
 .rodata.__func__.10
                0x10008094       0x15 CMakeFiles/Direct-digital-synthesis.dir/C_/VSARM/sdk/pico/pico-sdk/src/common/pico_time/time.c.obj
 *fill*         0x100080a9        0x3 
 .rodata.__func__.11
                0x100080ac       0x1a CMakeFiles/Direct-digital-synthesis.dir/C_/VSARM/sdk/pico/pico-sdk/src/common/pico_time/time.c.obj
 *fill*         0x100080c6        0x2 
 .rodata.__func__.12
                0x100080c8        0xa CMakeFiles/Direct-digital-synthesis.dir/C_/VSARM/sdk/pico/pico-sdk/src/common/pico_time/time.c.obj
 *fill*         0x100080d2        0x2 
 .rodata.__func__.3
                0x100080d4       0x17 CMakeFiles/Direct-digital-synthesis.dir/C_/VSARM/sdk/pico/pico-sdk/src/common/pico_time/time.c.obj
 *fill*         0x100080eb        0x1 
 .rodata.__func__.4
                0x100080ec       0x12 CMakeFiles/Direct-digital-synthesis.dir/C_/VSARM/sdk/pico/pico-sdk/src/common/pico_time/time.c.obj
 *fill*         0x100080fe        0x2 
 .rodata.__func__.5
                0x10008100        0xd CMakeFiles/Direct-digital-synthesis.dir/C_/VSARM/sdk/pico/pico-sdk/src/common/pico_time/time.c.obj
 *fill*         0x1000810d        0x3 
 .rodata.__func__.6
                0x10008110       0x12 CMakeFiles/Direct-digital-synthesis.dir/C_/VSARM/sdk/pico/pico-sdk/src/common/pico_time/time.c.obj
 *fill*         0x10008122        0x2 
 .rodata.__func__.7
                0x10008124        0xf CMakeFiles/Direct-digital-synthesis.dir/C_/VSARM/sdk/pico/pico-sdk/src/common/pico_time/time.c.obj
 *fill*         0x10008133        0x1 
 .rodata.__func__.8
                0x10008134        0xc CMakeFiles/Direct-digital-synthesis.dir/C_/VSARM/sdk/pico/pico-sdk/src/common/pico_time/time.c.obj
 .rodata.__func__.9
                0x10008140       0x15 CMakeFiles/Direct-digital-synthesis.dir/C_/VSARM/sdk/pico/pico-sdk/src/common/pico_time/time.c.obj
 *fill*         0x10008155        0x3 
 .rodata.hardware_alarm_claim.str1.4
                0x10008158       0x22 CMakeFiles/Direct-digital-synthesis.dir/C_/VSARM/sdk/pico/pico-sdk/src/rp2_common/hardware_timer/timer.c.obj
 *fill*         0x1000817a        0x2 
 .rodata.hardware_alarm_set_target.str1.4
                0x1000817c       0x65 CMakeFiles/Direct-digital-synthesis.dir/C_/VSARM/sdk/pico/pico-sdk/src/rp2_common/hardware_timer/timer.c.obj
 *fill*         0x100081e1        0x3 
 .rodata.__func__.0
                0x100081e4       0x1a CMakeFiles/Direct-digital-synthesis.dir/C_/VSARM/sdk/pico/pico-sdk/src/rp2_common/hardware_timer/timer.c.obj
 *fill*         0x100081fe        0x2 
 .rodata.str1.4
                0x10008200       0x89 CMakeFiles/Direct-digital-synthesis.dir/C_/VSARM/sdk/pico/pico-sdk/src/common/pico_sync/mutex.c.obj
                                 0xed (size before relaxing)
 *fill*         0x10008289        0x3 
 .rodata.__func__.1
                0x1000828c        0xb CMakeFiles/Direct-digital-synthesis.dir/C_/VSARM/sdk/pico/pico-sdk/src/common/pico_sync/mutex.c.obj
 *fill*         0x10008297        0x1 
 .rodata.__func__.3
                0x10008298       0x18 CMakeFiles/Direct-digital-synthesis.dir/C_/VSARM/sdk/pico/pico-sdk/src/common/pico_sync/mutex.c.obj
 .rodata.__func__.4
                0x100082b0       0x15 CMakeFiles/Direct-digital-synthesis.dir/C_/VSARM/sdk/pico/pico-sdk/src/common/pico_sync/mutex.c.obj
 .rodata.ph_add_child_node.str1.4
                0x100082c5       0x96 CMakeFiles/Direct-digital-synthesis.dir/C_/VSARM/sdk/pico/pico-sdk/src/common/pico_util/pheap.c.obj
 *fill*         0x100082c5        0x3 
 .rodata.ph_remove_any_head.str1.4
                0x100082c8       0x8c CMakeFiles/Direct-digital-synthesis.dir/C_/VSARM/sdk/pico/pico-sdk/src/common/pico_util/pheap.c.obj
 .rodata.ph_remove_and_free_node.str1.4
                0x10008354       0x26 CMakeFiles/Direct-digital-synthesis.dir/C_/VSARM/sdk/pico/pico-sdk/src/common/pico_util/pheap.c.obj
 *fill*         0x1000837a        0x2 
 .rodata.__func__.0
                0x1000837c       0x18 CMakeFiles/Direct-digital-synthesis.dir/C_/VSARM/sdk/pico/pico-sdk/src/common/pico_util/pheap.c.obj
 .rodata.__func__.1
                0x10008394       0x13 CMakeFiles/Direct-digital-synthesis.dir/C_/VSARM/sdk/pico/pico-sdk/src/common/pico_util/pheap.c.obj
 *fill*         0x100083a7        0x1 
 .rodata.__func__.2
                0x100083a8       0x12 CMakeFiles/Direct-digital-synthesis.dir/C_/VSARM/sdk/pico/pico-sdk/src/common/pico_util/pheap.c.obj
 *fill*         0x100083ba        0x2 
 .rodata.__func__.3
                0x100083bc        0xc CMakeFiles/Direct-digital-synthesis.dir/C_/VSARM/sdk/pico/pico-sdk/src/common/pico_util/pheap.c.obj
 .rodata.__assert_func.str1.4
                0x100083c8       0x3f CMakeFiles/Direct-digital-synthesis.dir/C_/VSARM/sdk/pico/pico-sdk/src/rp2_common/pico_runtime/runtime.c.obj
                                 0x43 (size before relaxing)
 *fill*         0x10008407        0x1 
 .rodata.runtime_init.str1.4
                0x10008408       0x61 CMakeFiles/Direct-digital-synthesis.dir/C_/VSARM/sdk/pico/pico-sdk/src/rp2_common/pico_runtime/runtime.c.obj
 *fill*         0x10008469        0x3 
 .rodata.panic.str1.4
                0x1000846c       0x12 CMakeFiles/Direct-digital-synthesis.dir/C_/VSARM/sdk/pico/pico-sdk/src/rp2_common/pico_runtime/runtime.c.obj
 *fill*         0x1000847e        0x2 
 .rodata.__func__.1
                0x10008480        0xd CMakeFiles/Direct-digital-synthesis.dir/C_/VSARM/sdk/pico/pico-sdk/src/rp2_common/pico_runtime/runtime.c.obj
 *fill*         0x1000848d        0x3 
 .rodata.clock_configure.str1.4
                0x10008490       0x57 CMakeFiles/Direct-digital-synthesis.dir/C_/VSARM/sdk/pico/pico-sdk/src/rp2_common/hardware_clocks/clocks.c.obj
 *fill*         0x100084e7        0x1 
 .rodata.__func__.1
                0x100084e8       0x10 CMakeFiles/Direct-digital-synthesis.dir/C_/VSARM/sdk/pico/pico-sdk/src/rp2_common/hardware_clocks/clocks.c.obj
 .rodata.make_branch.str1.4
                0x100084f8       0x4d CMakeFiles/Direct-digital-synthesis.dir/C_/VSARM/sdk/pico/pico-sdk/src/rp2_common/hardware_irq/irq.c.obj
 *fill*         0x10008545        0x3 
 .rodata.irq_set_exclusive_handler.str1.4
                0x10008548       0x36 CMakeFiles/Direct-digital-synthesis.dir/C_/VSARM/sdk/pico/pico-sdk/src/rp2_common/hardware_irq/irq.c.obj
 *fill*         0x1000857e        0x2 
 .rodata.irq_add_shared_handler.str1.4
                0x10008580       0xd9 CMakeFiles/Direct-digital-synthesis.dir/C_/VSARM/sdk/pico/pico-sdk/src/rp2_common/hardware_irq/irq.c.obj
 *fill*         0x10008659        0x3 
 .rodata.irq_remove_handler.str1.4
                0x1000865c       0x2a CMakeFiles/Direct-digital-synthesis.dir/C_/VSARM/sdk/pico/pico-sdk/src/rp2_common/hardware_irq/irq.c.obj
 *fill*         0x10008686        0x2 
 .rodata.irq_add_tail_to_free_list.str1.4
                0x10008688       0x32 CMakeFiles/Direct-digital-synthesis.dir/C_/VSARM/sdk/pico/pico-sdk/src/rp2_common/hardware_irq/irq.c.obj
                                 0x3a (size before relaxing)
 *fill*         0x100086ba        0x2 
 .rodata.__func__.0
                0x100086bc       0x1a CMakeFiles/Direct-digital-synthesis.dir/C_/VSARM/sdk/pico/pico-sdk/src/rp2_common/hardware_irq/irq.c.obj
 *fill*         0x100086d6        0x2 
 .rodata.__func__.1
                0x100086d8       0x17 CMakeFiles/Direct-digital-synthesis.dir/C_/VSARM/sdk/pico/pico-sdk/src/rp2_common/hardware_irq/irq.c.obj
 *fill*         0x100086ef        0x1 
 .rodata.__func__.2
                0x100086f0       0x13 CMakeFiles/Direct-digital-synthesis.dir/C_/VSARM/sdk/pico/pico-sdk/src/rp2_common/hardware_irq/irq.c.obj
 *fill*         0x10008703        0x1 
 .rodata.__func__.3
                0x10008704        0xc CMakeFiles/Direct-digital-synthesis.dir/C_/VSARM/sdk/pico/pico-sdk/src/rp2_common/hardware_irq/irq.c.obj
 .rodata.__func__.4
                0x10008710        0xf CMakeFiles/Direct-digital-synthesis.dir/C_/VSARM/sdk/pico/pico-sdk/src/rp2_common/hardware_irq/irq.c.obj
 *fill*         0x1000871f        0x1 
 .rodata.__func__.6
                0x10008720       0x1a CMakeFiles/Direct-digital-synthesis.dir/C_/VSARM/sdk/pico/pico-sdk/src/rp2_common/hardware_irq/irq.c.obj
 *fill*         0x1000873a        0x2 
 .rodata.pll_init.str1.4
                0x1000873c       0xdb CMakeFiles/Direct-digital-synthesis.dir/C_/VSARM/sdk/pico/pico-sdk/src/rp2_common/hardware_pll/pll.c.obj
 *fill*         0x10008817        0x1 
 .rodata.__func__.0
                0x10008818        0x9 CMakeFiles/Direct-digital-synthesis.dir/C_/VSARM/sdk/pico/pico-sdk/src/rp2_common/hardware_pll/pll.c.obj
 *fill*         0x10008821        0x3 
 .rodata._ftoa.str1.4
                0x10008824       0x15 CMakeFiles/Direct-digital-synthesis.dir/C_/VSARM/sdk/pico/pico-sdk/src/rp2_common/pico_printf/printf.c.obj
 *fill*         0x10008839        0x3 
 .rodata._vsnprintf
                0x1000883c      0x1e0 CMakeFiles/Direct-digital-synthesis.dir/C_/VSARM/sdk/pico/pico-sdk/src/rp2_common/pico_printf/printf.c.obj
 *fill*         0x10008a1c        0x4 
 .rodata.pow10.0
                0x10008a20       0x50 CMakeFiles/Direct-digital-synthesis.dir/C_/VSARM/sdk/pico/pico-sdk/src/rp2_common/pico_printf/printf.c.obj
 .rodata.__aeabi_double_init.str1.4
                0x10008a70       0xa8 CMakeFiles/Direct-digital-synthesis.dir/C_/VSARM/sdk/pico/pico-sdk/src/rp2_common/pico_double/double_init_rom.c.obj
 .rodata.__func__.0
                0x10008b18       0x14 CMakeFiles/Direct-digital-synthesis.dir/C_/VSARM/sdk/pico/pico-sdk/src/rp2_common/pico_double/double_init_rom.c.obj
 .rodata.__aeabi_float_init.str1.4
                0x10008b2c       0x7a CMakeFiles/Direct-digital-synthesis.dir/C_/VSARM/sdk/pico/pico-sdk/src/rp2_common/pico_float/float_init_rom.c.obj
                                 0x7e (size before relaxing)
 *fill*         0x10008ba6        0x2 
 .rodata.__func__.0
                0x10008ba8       0x13 CMakeFiles/Direct-digital-synthesis.dir/C_/VSARM/sdk/pico/pico-sdk/src/rp2_common/pico_float/float_init_rom.c.obj
 *fill*         0x10008bbb        0x1 
 .rodata.str1.4
                0x10008bbc       0x54 CMakeFiles/Direct-digital-synthesis.dir/C_/VSARM/sdk/pico/pico-sdk/src/rp2_common/pico_standard_link/binary_info.c.obj
 .rodata.__bi_44
                0x10008c10        0xc CMakeFiles/Direct-digital-synthesis.dir/C_/VSARM/sdk/pico/pico-sdk/src/rp2_common/pico_standard_link/binary_info.c.obj
 .rodata.__bi_75
                0x10008c1c        0xc CMakeFiles/Direct-digital-synthesis.dir/C_/VSARM/sdk/pico/pico-sdk/src/rp2_common/pico_standard_link/binary_info.c.obj
 .rodata.__bi_81
                0x10008c28        0xc CMakeFiles/Direct-digital-synthesis.dir/C_/VSARM/sdk/pico/pico-sdk/src/rp2_common/pico_standard_link/binary_info.c.obj
 .rodata.crlf_str.3
                0x10008c34        0x2 CMakeFiles/Direct-digital-synthesis.dir/C_/VSARM/sdk/pico/pico-sdk/src/rp2_common/pico_stdio/stdio.c.obj
 *fill*         0x10008c36        0x2 
 .rodata._resetd_driver
                0x10008c38       0x18 CMakeFiles/Direct-digital-synthesis.dir/C_/VSARM/sdk/pico/pico-sdk/src/rp2_common/pico_stdio_usb/reset_interface.c.obj
 .rodata.stdio_usb_init.str1.4
                0x10008c50       0x61 CMakeFiles/Direct-digital-synthesis.dir/C_/VSARM/sdk/pico/pico-sdk/src/rp2_common/pico_stdio_usb/stdio_usb.c.obj
 .rodata.str1.4
                0x10008c50       0x13 CMakeFiles/Direct-digital-synthesis.dir/C_/VSARM/sdk/pico/pico-sdk/src/rp2_common/pico_stdio_usb/stdio_usb.c.obj
 *fill*         0x10008c63        0x1 
 .rodata.__bi_93.1
                0x10008c64        0xc CMakeFiles/Direct-digital-synthesis.dir/C_/VSARM/sdk/pico/pico-sdk/src/rp2_common/pico_stdio_usb/stdio_usb.c.obj
 .rodata.__func__.0
                0x10008c70       0x15 CMakeFiles/Direct-digital-synthesis.dir/C_/VSARM/sdk/pico/pico-sdk/src/rp2_common/pico_stdio_usb/stdio_usb.c.obj
 *fill*         0x10008c85        0x3 
 .rodata.str1.4
                0x10008c88       0x2a CMakeFiles/Direct-digital-synthesis.dir/C_/VSARM/sdk/pico/pico-sdk/src/rp2_common/pico_stdio_usb/stdio_usb_descriptors.c.obj
 *fill*         0x10008cb2        0x2 
 .rodata.usbd_desc_cfg
                0x10008cb4       0x54 CMakeFiles/Direct-digital-synthesis.dir/C_/VSARM/sdk/pico/pico-sdk/src/rp2_common/pico_stdio_usb/stdio_usb_descriptors.c.obj
 .rodata.usbd_desc_device
                0x10008d08       0x12 CMakeFiles/Direct-digital-synthesis.dir/C_/VSARM/sdk/pico/pico-sdk/src/rp2_common/pico_stdio_usb/stdio_usb_descriptors.c.obj
 *fill*         0x10008d1a        0x2 
 .rodata.usbd_desc_str
                0x10008d1c       0x18 CMakeFiles/Direct-digital-synthesis.dir/C_/VSARM/sdk/pico/pico-sdk/src/rp2_common/pico_stdio_usb/stdio_usb_descriptors.c.obj
 .rodata._hw_endpoint_alloc.str1.4
                0x10008d34       0xb5 CMakeFiles/Direct-digital-synthesis.dir/C_/VSARM/sdk/pico/pico-sdk/lib/tinyusb/src/portable/raspberrypi/rp2040/dcd_rp2040.c.obj
 *fill*         0x10008de9        0x3 
 .rodata.dcd_rp2040_irq.str1.4
                0x10008dec       0x14 CMakeFiles/Direct-digital-synthesis.dir/C_/VSARM/sdk/pico/pico-sdk/lib/tinyusb/src/portable/raspberrypi/rp2040/dcd_rp2040.c.obj
 .rodata.dcd_int_enable.str1.4
                0x10008e00        0xc CMakeFiles/Direct-digital-synthesis.dir/C_/VSARM/sdk/pico/pico-sdk/lib/tinyusb/src/portable/raspberrypi/rp2040/dcd_rp2040.c.obj
 .rodata.__func__.0
                0x10008e0c        0xe CMakeFiles/Direct-digital-synthesis.dir/C_/VSARM/sdk/pico/pico-sdk/lib/tinyusb/src/portable/raspberrypi/rp2040/dcd_rp2040.c.obj
 *fill*         0x10008e1a        0x2 
 .rodata.__func__.1
                0x10008e1c        0xe CMakeFiles/Direct-digital-synthesis.dir/C_/VSARM/sdk/pico/pico-sdk/lib/tinyusb/src/portable/raspberrypi/rp2040/dcd_rp2040.c.obj
 *fill*         0x10008e2a        0x2 
 .rodata.__func__.3
                0x10008e2c       0x10 CMakeFiles/Direct-digital-synthesis.dir/C_/VSARM/sdk/pico/pico-sdk/lib/tinyusb/src/portable/raspberrypi/rp2040/dcd_rp2040.c.obj
 .rodata.__func__.5
                0x10008e3c        0xf CMakeFiles/Direct-digital-synthesis.dir/C_/VSARM/sdk/pico/pico-sdk/lib/tinyusb/src/portable/raspberrypi/rp2040/dcd_rp2040.c.obj
 *fill*         0x10008e4b        0x1 
 .rodata.__func__.6
                0x10008e4c       0x13 CMakeFiles/Direct-digital-synthesis.dir/C_/VSARM/sdk/pico/pico-sdk/lib/tinyusb/src/portable/raspberrypi/rp2040/dcd_rp2040.c.obj
 *fill*         0x10008e5f        0x1 
 .rodata.__func__.7
                0x10008e60        0x9 CMakeFiles/Direct-digital-synthesis.dir/C_/VSARM/sdk/pico/pico-sdk/lib/tinyusb/src/portable/raspberrypi/rp2040/dcd_rp2040.c.obj
 *fill*         0x10008e69        0x3 
 .rodata.sync_ep_buffer.str1.4
                0x10008e6c       0x91 CMakeFiles/Direct-digital-synthesis.dir/C_/VSARM/sdk/pico/pico-sdk/lib/tinyusb/src/portable/raspberrypi/rp2040/rp2040_usb.c.obj
 *fill*         0x10008efd        0x3 
 .rodata._hw_endpoint_buffer_control_update32.str1.4
                0x10008f00       0x1f CMakeFiles/Direct-digital-synthesis.dir/C_/VSARM/sdk/pico/pico-sdk/lib/tinyusb/src/portable/raspberrypi/rp2040/rp2040_usb.c.obj
 *fill*         0x10008f1f        0x1 
 .rodata.hw_endpoint_xfer_start.str1.4
                0x10008f20       0x38 CMakeFiles/Direct-digital-synthesis.dir/C_/VSARM/sdk/pico/pico-sdk/lib/tinyusb/src/portable/raspberrypi/rp2040/rp2040_usb.c.obj
 .rodata.hw_endpoint_xfer_continue.str1.4
                0x10008f58       0x29 CMakeFiles/Direct-digital-synthesis.dir/C_/VSARM/sdk/pico/pico-sdk/lib/tinyusb/src/portable/raspberrypi/rp2040/rp2040_usb.c.obj
 *fill*         0x10008f81        0x3 
 .rodata.str1.4
                0x10008f84        0x7 CMakeFiles/Direct-digital-synthesis.dir/C_/VSARM/sdk/pico/pico-sdk/lib/tinyusb/src/portable/raspberrypi/rp2040/rp2040_usb.c.obj
 *fill*         0x10008f8b        0x1 
 .rodata.__func__.0
                0x10008f8c        0xf CMakeFiles/Direct-digital-synthesis.dir/C_/VSARM/sdk/pico/pico-sdk/lib/tinyusb/src/portable/raspberrypi/rp2040/rp2040_usb.c.obj
 *fill*         0x10008f9b        0x1 
 .rodata.process_set_config.str1.4
                0x10008f9c       0x17 CMakeFiles/Direct-digital-synthesis.dir/C_/VSARM/sdk/pico/pico-sdk/lib/tinyusb/src/device/usbd.c.obj
 *fill*         0x10008fb3        0x1 
 .rodata.process_get_descriptor
                0x10008fb4       0x40 CMakeFiles/Direct-digital-synthesis.dir/C_/VSARM/sdk/pico/pico-sdk/lib/tinyusb/src/device/usbd.c.obj
 .rodata.process_control_request
                0x10008ff4       0x28 CMakeFiles/Direct-digital-synthesis.dir/C_/VSARM/sdk/pico/pico-sdk/lib/tinyusb/src/device/usbd.c.obj
 .rodata.tud_task
                0x1000901c       0x24 CMakeFiles/Direct-digital-synthesis.dir/C_/VSARM/sdk/pico/pico-sdk/lib/tinyusb/src/device/usbd.c.obj
 .rodata.__func__.2
                0x10009040        0xf CMakeFiles/Direct-digital-synthesis.dir/C_/VSARM/sdk/pico/pico-sdk/lib/tinyusb/src/device/usbd.c.obj
 *fill*         0x1000904f        0x1 
 .rodata.__func__.3
                0x10009050        0xf CMakeFiles/Direct-digital-synthesis.dir/C_/VSARM/sdk/pico/pico-sdk/lib/tinyusb/src/device/usbd.c.obj
 *fill*         0x1000905f        0x1 
 .rodata.__func__.4
                0x10009060       0x14 CMakeFiles/Direct-digital-synthesis.dir/C_/VSARM/sdk/pico/pico-sdk/lib/tinyusb/src/device/usbd.c.obj
 .rodata.__func__.5
                0x10009074       0x10 CMakeFiles/Direct-digital-synthesis.dir/C_/VSARM/sdk/pico/pico-sdk/lib/tinyusb/src/device/usbd.c.obj
 .rodata.__func__.6
                0x10009084       0x17 CMakeFiles/Direct-digital-synthesis.dir/C_/VSARM/sdk/pico/pico-sdk/lib/tinyusb/src/device/usbd.c.obj
 *fill*         0x1000909b        0x1 
 .rodata.__func__.7
                0x1000909c       0x13 CMakeFiles/Direct-digital-synthesis.dir/C_/VSARM/sdk/pico/pico-sdk/lib/tinyusb/src/device/usbd.c.obj
 *fill*         0x100090af        0x1 
 .rodata.__func__.8
                0x100090b0       0x18 CMakeFiles/Direct-digital-synthesis.dir/C_/VSARM/sdk/pico/pico-sdk/lib/tinyusb/src/device/usbd.c.obj
 .rodata.__func__.9
                0x100090c8        0x9 CMakeFiles/Direct-digital-synthesis.dir/C_/VSARM/sdk/pico/pico-sdk/lib/tinyusb/src/device/usbd.c.obj
 *fill*         0x100090d1        0x3 
 .rodata._usbd_driver
                0x100090d4       0x18 CMakeFiles/Direct-digital-synthesis.dir/C_/VSARM/sdk/pico/pico-sdk/lib/tinyusb/src/device/usbd.c.obj
 .rodata.tud_control_xfer.str1.4
                0x100090ec       0x17 CMakeFiles/Direct-digital-synthesis.dir/C_/VSARM/sdk/pico/pico-sdk/lib/tinyusb/src/device/usbd_control.c.obj
 .rodata.__func__.0
                0x100090ec       0x15 CMakeFiles/Direct-digital-synthesis.dir/C_/VSARM/sdk/pico/pico-sdk/lib/tinyusb/src/device/usbd_control.c.obj
 *fill*         0x10009101        0x3 
 .rodata.__func__.1
                0x10009104       0x11 CMakeFiles/Direct-digital-synthesis.dir/C_/VSARM/sdk/pico/pico-sdk/lib/tinyusb/src/device/usbd_control.c.obj
 .rodata.tud_cdc_n_write_flush.str1.4
                0x10009115       0x17 CMakeFiles/Direct-digital-synthesis.dir/C_/VSARM/sdk/pico/pico-sdk/lib/tinyusb/src/class/cdc/cdc_device.c.obj
 *fill*         0x10009115        0x3 
 .rodata.__func__.0
                0x10009118        0xd CMakeFiles/Direct-digital-synthesis.dir/C_/VSARM/sdk/pico/pico-sdk/lib/tinyusb/src/class/cdc/cdc_device.c.obj
 *fill*         0x10009125        0x3 
 .rodata.__func__.1
                0x10009128        0xa CMakeFiles/Direct-digital-synthesis.dir/C_/VSARM/sdk/pico/pico-sdk/lib/tinyusb/src/class/cdc/cdc_device.c.obj
 *fill*         0x10009132        0x2 
 .rodata.__func__.2
                0x10009134       0x16 CMakeFiles/Direct-digital-synthesis.dir/C_/VSARM/sdk/pico/pico-sdk/lib/tinyusb/src/class/cdc/cdc_device.c.obj
 .rodata.tusb_init.str1.4
                0x1000914a       0x17 CMakeFiles/Direct-digital-synthesis.dir/C_/VSARM/sdk/pico/pico-sdk/lib/tinyusb/src/tusb.c.obj
 *fill*         0x1000914a        0x2 
 .rodata.__func__.0
                0x1000914c       0x11 CMakeFiles/Direct-digital-synthesis.dir/C_/VSARM/sdk/pico/pico-sdk/lib/tinyusb/src/tusb.c.obj
 *fill*         0x1000915d        0x3 
 .rodata.__func__.1
                0x10009160        0xa CMakeFiles/Direct-digital-synthesis.dir/C_/VSARM/sdk/pico/pico-sdk/lib/tinyusb/src/tusb.c.obj
 *fill*         0x1000916a        0x2 
 .rodata.pico_get_unique_board_id_string.str1.4
                0x1000916c       0x4d CMakeFiles/Direct-digital-synthesis.dir/C_/VSARM/sdk/pico/pico-sdk/src/rp2_common/pico_unique_id/unique_id.c.obj
 *fill*         0x100091b9        0x3 
 .rodata.__func__.0
                0x100091bc       0x20 CMakeFiles/Direct-digital-synthesis.dir/C_/VSARM/sdk/pico/pico-sdk/src/rp2_common/pico_unique_id/unique_id.c.obj
 .rodata.str1.4
                0x100091dc      0x15a CMakeFiles/Direct-digital-synthesis.dir/C_/VSARM/sdk/pico/pico-sdk/src/rp2_common/hardware_flash/flash.c.obj
 *fill*         0x10009336        0x2 
 .rodata.__func__.0
                0x10009338        0xd CMakeFiles/Direct-digital-synthesis.dir/C_/VSARM/sdk/pico/pico-sdk/src/rp2_common/hardware_flash/flash.c.obj
 *fill*         0x10009345        0x3 
 .rodata.dma_claim_unused_channel.str1.4
                0x10009348       0x1e CMakeFiles/Direct-digital-synthesis.dir/C_/VSARM/sdk/pico/pico-sdk/src/rp2_common/hardware_dma/dma.c.obj
 *fill*         0x10009366        0x2 
 .rodata._pio_find_offset_for_program.str1.4
                0x10009368       0x69 CMakeFiles/Direct-digital-synthesis.dir/C_/VSARM/sdk/pico/pico-sdk/src/rp2_common/hardware_pio/pio.c.obj
 *fill*         0x100093d1        0x3 
 .rodata._pio_add_program_at_offset.str1.4
                0x100093d4       0x11 CMakeFiles/Direct-digital-synthesis.dir/C_/VSARM/sdk/pico/pico-sdk/src/rp2_common/hardware_pio/pio.c.obj
 *fill*         0x100093e5        0x3 
 .rodata.pio_claim_unused_sm.str1.4
                0x100093e8       0x24 CMakeFiles/Direct-digital-synthesis.dir/C_/VSARM/sdk/pico/pico-sdk/src/rp2_common/hardware_pio/pio.c.obj
 .rodata.__func__.1
                0x1000940c       0x1d CMakeFiles/Direct-digital-synthesis.dir/C_/VSARM/sdk/pico/pico-sdk/src/rp2_common/hardware_pio/pio.c.obj
                0x1000942c                . = ALIGN (0x4)
 *fill*         0x10009429        0x3 
 *(SORT_BY_ALIGNMENT(SORT_BY_NAME(.flashdata*)))
                0x1000942c                . = ALIGN (0x4)

.rel.dyn        0x1000942c        0x0
 .rel.iplt      0x1000942c        0x0 c:/vsarm/armcc/102021~1.10/bin/../lib/gcc/arm-none-eabi/10.3.1/thumb/v6-m/nofp/crtbegin.o

.ARM.extab
 *(.ARM.extab* .gnu.linkonce.armextab.*)
                0x1000942c                __exidx_start = .

.ARM.exidx
 *(.ARM.exidx* .gnu.linkonce.armexidx.*)
                0x1000942c                __exidx_end = .
                0x1000942c                . = ALIGN (0x4)
                0x1000942c                __binary_info_start = .

.binary_info    0x1000942c       0x20
 *(.binary_info.keep.*)
 .binary_info.keep.__bi_ptr22
                0x1000942c        0x4 CMakeFiles/Direct-digital-synthesis.dir/C_/VSARM/sdk/pico/pico-sdk/src/rp2_common/pico_standard_link/binary_info.c.obj
 .binary_info.keep.__bi_ptr30
                0x10009430        0x4 CMakeFiles/Direct-digital-synthesis.dir/C_/VSARM/sdk/pico/pico-sdk/src/rp2_common/pico_standard_link/binary_info.c.obj
 .binary_info.keep.__bi_ptr38
                0x10009434        0x4 CMakeFiles/Direct-digital-synthesis.dir/C_/VSARM/sdk/pico/pico-sdk/src/rp2_common/pico_standard_link/binary_info.c.obj
 .binary_info.keep.__bi_ptr44
                0x10009438        0x4 CMakeFiles/Direct-digital-synthesis.dir/C_/VSARM/sdk/pico/pico-sdk/src/rp2_common/pico_standard_link/binary_info.c.obj
 .binary_info.keep.__bi_ptr50
                0x1000943c        0x4 CMakeFiles/Direct-digital-synthesis.dir/C_/VSARM/sdk/pico/pico-sdk/src/rp2_common/pico_standard_link/binary_info.c.obj
 .binary_info.keep.__bi_ptr75
                0x10009440        0x4 CMakeFiles/Direct-digital-synthesis.dir/C_/VSARM/sdk/pico/pico-sdk/src/rp2_common/pico_standard_link/binary_info.c.obj
 .binary_info.keep.__bi_ptr81
                0x10009444        0x4 CMakeFiles/Direct-digital-synthesis.dir/C_/VSARM/sdk/pico/pico-sdk/src/rp2_common/pico_standard_link/binary_info.c.obj
 *(.binary_info.*)
 .binary_info.__bi_ptr93
                0x10009448        0x4 CMakeFiles/Direct-digital-synthesis.dir/C_/VSARM/sdk/pico/pico-sdk/src/rp2_common/pico_stdio_usb/stdio_usb.c.obj
                0x1000944c                __binary_info_end = .
                0x1000944c                . = ALIGN (0x4)
                0x1000944c                __etext = .

.ram_vector_table
                0x20000000       0xc0
 *(.ram_vector_table)
 .ram_vector_table
                0x20000000       0xc0 CMakeFiles/Direct-digital-synthesis.dir/C_/VSARM/sdk/pico/pico-sdk/src/rp2_common/pico_runtime/runtime.c.obj
                0x20000000                ram_vector_table

.data           0x200000c0      0x468 load address 0x1000944c
                0x200000c0                __data_start__ = .
 *(vtable)
 *(.time_critical*)
 .time_critical.mutex_enter_blocking
                0x200000c0       0x48 CMakeFiles/Direct-digital-synthesis.dir/C_/VSARM/sdk/pico/pico-sdk/src/common/pico_sync/mutex.c.obj
                0x200000c0                mutex_enter_blocking
 .time_critical.mutex_try_enter
                0x20000108       0x46 CMakeFiles/Direct-digital-synthesis.dir/C_/VSARM/sdk/pico/pico-sdk/src/common/pico_sync/mutex.c.obj
                0x20000108                mutex_try_enter
 *fill*         0x2000014e        0x2 
 .time_critical.mutex_enter_block_until