Archive member included to satisfy reference by file (symbol)

c:/vsarm/armcc/102021~1.10/bin/../lib/gcc/arm-none-eabi/10.3.1/thumb/v6-m/nofp\libgcc.a(_dvmd_tls.o)
                              CMakeFiles/Direct-digital-synthesis.dir/C_/VSARM/sdk/pico/pico-sdk/src/rp2_common/pico_divider/divider.S.obj (__aeabi_idiv0)
c:/vsarm/armcc/102021~1.10/bin/../lib/gcc/arm-none-eabi/10.3.1/../../../../arm-none-eabi/lib/thumb/v6-m/nofp\libg.a(lib_a-calloc.o)
                              CMakeFiles/Direct-digital-synthesis.dir/C_/VSARM/sdk/pico/pico-sdk/src/rp2_common/pico_malloc/pico_malloc.c.obj (calloc)
c:/vsarm/armcc/102021~1.10/bin/../lib/gcc/arm-none-eabi/10.3.1/../../../../arm-none-eabi/lib/thumb/v6-m/nofp\libg.a(lib_a-callocr.o)
                              c:/vsarm/armcc/102021~1.10/bin/../lib/gcc/arm-none-eabi/10.3.1/../../../../arm-none-eabi/lib/thumb/v6-m/nofp\libg.a(lib_a-calloc.o) (_calloc_r)
c:/vsarm/armcc/102021~1.10/bin/../lib/gcc/arm-none-eabi/10.3.1/../../../../arm-none-eabi/lib/thumb/v6-m/nofp\libg.a(lib_a-ctype_.o)
                              CMakeFiles/Direct-digital-synthesis.dir/C_/VSARM/sdk/pico/pico-sdk/lib/tinyusb/src/tusb.c.obj (_ctype_)
c:/vsarm/armcc/102021~1.10/bin/../lib/gcc/arm-none-eabi/10.3.1/../../../../arm-none-eabi/lib/thumb/v6-m/nofp\libg.a(lib_a-errno.o)
                              c:/vsarm/armcc/102021~1.10/bin/../lib/gcc/arm-none-eabi/10.3.1/../../../../arm-none-eabi/lib/thumb/v6-m/nofp\libg.a(lib_a-callocr.o) (__errno)
c:/vsarm/armcc/102021~1.10/bin/../lib/gcc/arm-none-eabi/10.3.1/../../../../arm-none-eabi/lib/thumb/v6-m/nofp\libg.a(lib_a-impure.o)
                              c:/vsarm/armcc/102021~1.10/bin/../lib/gcc/arm-none-eabi/10.3.1/../../../../arm-none-eabi/lib/thumb/v6-m/nofp\libg.a(lib_a-calloc.o) (_impure_ptr)
c:/vsarm/armcc/102021~1.10/bin/../lib/gcc/arm-none-eabi/10.3.1/../../../../arm-none-eabi/lib/thumb/v6-m/nofp\libg.a(lib_a-init.o)
                              c:/vsarm/armcc/102021~1.10/bin/../lib/gcc/arm-none-eabi/10.3.1/../../../../arm-none-eabi/lib/thumb/v6-m/nofp/crt0.o (__libc_init_array)
c:/vsarm/armcc/102021~1.10/bin/../lib/gcc/arm-none-eabi/10.3.1/../../../../arm-none-eabi/lib/thumb/v6-m/nofp\libg.a(lib_a-malloc.o)
                              CMakeFiles/Direct-digital-synthesis.dir/C_/VSARM/sdk/pico/pico-sdk/src/rp2_common/pico_malloc/pico_malloc.c.obj (malloc)
c:/vsarm/armcc/102021~1.10/bin/../lib/gcc/arm-none-eabi/10.3.1/../../../../arm-none-eabi/lib/thumb/v6-m/nofp\libg.a(lib_a-mallocr.o)
                              c:/vsarm/armcc/102021~1.10/bin/../lib/gcc/arm-none-eabi/10.3.1/../../../../arm-none-eabi/lib/thumb/v6-m/nofp\libg.a(lib_a-callocr.o) (_malloc_r)
c:/vsarm/armcc/102021~1.10/bin/../lib/gcc/arm-none-eabi/10.3.1/../../../../arm-none-eabi/lib/thumb/v6-m/nofp\libg.a(lib_a-mlock.o)
                              c:/vsarm/armcc/102021~1.10/bin/../lib/gcc/arm-none-eabi/10.3.1/../../../../arm-none-eabi/lib/thumb/v6-m/nofp\libg.a(lib_a-mallocr.o) (__malloc_lock)
c:/vsarm/armcc/102021~1.10/bin/../lib/gcc/arm-none-eabi/10.3.1/../../../../arm-none-eabi/lib/thumb/v6-m/nofp\libg.a(lib_a-sbrkr.o)
                              c:/vsarm/armcc/102021~1.10/bin/../lib/gcc/arm-none-eabi/10.3.1/../../../../arm-none-eabi/lib/thumb/v6-m/nofp\libg.a(lib_a-mallocr.o) (_sbrk_r)
c:/vsarm/armcc/102021~1.10/bin/../lib/gcc/arm-none-eabi/10.3.1/../../../../arm-none-eabi/lib/thumb/v6-m/nofp\libg.a(lib_a-strlen-stub.o)
                              CMakeFiles/Direct-digital-synthesis.dir/C_/VSARM/sdk/pico/pico-sdk/src/rp2_common/pico_stdio/stdio.c.obj (strlen)
c:/vsarm/armcc/102021~1.10/bin/../lib/gcc/arm-none-eabi/10.3.1/../../../../arm-none-eabi/lib/thumb/v6-m/nofp\libg.a(lib_a-freer.o)
                              c:/vsarm/armcc/102021~1.10/bin/../lib/gcc/arm-none-eabi/10.3.1/../../../../arm-none-eabi/lib/thumb/v6-m/nofp\libg.a(lib_a-malloc.o) (_free_r)
c:/vsarm/armcc/102021~1.10/bin/../lib/gcc/arm-none-eabi/10.3.1/../../../../arm-none-eabi/lib/thumb/v6-m/nofp\libg.a(lib_a-lock.o)
                              c:/vsarm/armcc/102021~1.10/bin/../lib/gcc/arm-none-eabi/10.3.1/../../../../arm-none-eabi/lib/thumb/v6-m/nofp\libg.a(lib_a-mlock.o) (__retarget_lock_acquire_recursive)
c:/vsarm/armcc/102021~1.10/bin/../lib/gcc/arm-none-eabi/10.3.1/../../../../arm-none-eabi/lib/thumb/v6-m/nofp\libg.a(lib_a-reent.o)
                              c:/vsarm/armcc/102021~1.10/bin/../lib/gcc/arm-none-eabi/10.3.1/../../../../arm-none-eabi/lib/thumb/v6-m/nofp\libg.a(lib_a-sbrkr.o) (errno)

Discarded input sections

 .text          0x00000000        0x0 c:/vsarm/armcc/102021~1.10/bin/../lib/gcc/arm-none-eabi/10.3.1/thumb/v6-m/nofp/crti.o
 .data          0x00000000        0x0 c:/vsarm/armcc/102021~1.10/bin/../lib/gcc/arm-none-eabi/10.3.1/thumb/v6-m/nofp/crti.o
 .bss           0x00000000        0x0 c:/vsarm/armcc/102021~1.10/bin/../lib/gcc/arm-none-eabi/10.3.1/thumb/v6-m/nofp/crti.o
[...]
Memory Configuration

Name             Origin             Length             Attributes
FLASH            0x10000000         0x00200000         xr
RAM              0x20000000         0x00040000         xrw
SCRATCH_X        0x20040000         0x00001000         xrw
SCRATCH_Y        0x20041000         0x00001000         xrw
*default*        0x00000000         0xffffffff

Linker script and memory map

LOAD c:/vsarm/armcc/102021~1.10/bin/../lib/gcc/arm-none-eabi/10.3.1/thumb/v6-m/nofp/crti.o
LOAD c:/vsarm/armcc/102021~1.10/bin/../lib/gcc/arm-none-eabi/10.3.1/thumb/v6-m/nofp/crtbegin.o
LOAD c:/vsarm/armcc/102021~1.10/bin/../lib/gcc/arm-none-eabi/10.3.1/../../../../arm-none-eabi/lib/thumb/v6-m/nofp/crt0.o

.flash_begin    0x10000000        0x0
                0x10000000                __flash_binary_start = .

.boot2          0x10000000      0x100
                0x10000000                __boot2_start__ = .
 *(.boot2)
 .boot2         0x10000000      0x100 C:\Users\10052\AppData\Local\Temp\ccYkB9gF.o
                0x10000100                __boot2_end__ = .
                0x00000001                ASSERT (((__boot2_end__ - __boot2_start__) == 0x100), ERROR: Pico second stage bootloader must be 256 bytes in size)

.text           0x10000100     0x7bd8
                0x10000100                __logical_binary_start = .
 *(.vectors)
 .vectors       0x10000100       0xd4 CMakeFiles/Direct-digital-synthesis.dir/C_/VSARM/sdk/pico/pico-sdk/src/rp2_common/pico_standard_link/crt0.S.obj
                0x10000100                __VECTOR_TABLE
                0x10000100                __vectors
                0x100001c0                isr_invalid
                0x100001c0                __default_isrs_start
                0x100001c2                isr_nmi
                0x100001c4                isr_hardfault
                0x100001c6                isr_svcall
                0x100001c8                isr_pendsv
                0x100001ca                isr_systick
                0x100001cc                isr_irq23
                0x100001cc                isr_irq18
                0x100001cc                isr_irq11
                0x100001cc                isr_irq28
                0x100001cc                isr_irq19
                0x100001cc                isr_irq0
                0x100001cc                isr_irq6
                0x100001cc                isr_irq5
                0x100001cc                isr_irq12
                0x100001cc                isr_irq22
                0x100001cc                isr_irq31
                0x100001cc                isr_irq17
                0x100001cc                isr_irq27
                0x100001cc                isr_irq30
                0x100001cc                isr_irq2
                0x100001cc                isr_irq10
                0x100001cc                isr_irq8
                0x100001cc                isr_irq24
                0x100001cc                isr_irq1
                0x100001cc                isr_irq7
                0x100001cc                isr_irq21
                0x100001cc                isr_irq20
                0x100001cc                isr_irq15
                0x100001cc                isr_irq25
                0x100001cc                isr_irq13
                0x100001cc                __unhandled_user_irq
                0x100001cc                isr_irq4
                0x100001cc                isr_irq16
                0x100001cc                isr_irq29
                0x100001cc                isr_irq26
                0x100001cc                __default_isrs_end
                0x100001cc                isr_irq3
                0x100001cc                isr_irq14
                0x100001cc                isr_irq9
                0x100001d2                unhandled_user_irq_num_in_r0
 *(.binary_info_header)
 .binary_info_header
                0x100001d4       0x14 CMakeFiles/Direct-digital-synthesis.dir/C_/VSARM/sdk/pico/pico-sdk/src/rp2_common/pico_standard_link/crt0.S.obj
                0x100001e8                __binary_info_header_end = .
 *(.reset)
 .reset         0x100001e8       0xa8 CMakeFiles/Direct-digital-synthesis.dir/C_/VSARM/sdk/pico/pico-sdk/src/rp2_common/pico_standard_link/crt0.S.obj
                0x100001e8                _entry_point
                0x10000266                __get_current_exception
 .reset         0x10000290       0x30 CMakeFiles/Direct-digital-synthesis.dir/C_/VSARM/sdk/pico/pico-sdk/src/rp2_common/pico_standard_link/binary_info.c.obj
 *(.init)
 .init          0x100002c0        0x4 c:/vsarm/armcc/102021~1.10/bin/../lib/gcc/arm-none-eabi/10.3.1/thumb/v6-m/nofp/crti.o
                0x100002c0                _init
 *(EXCLUDE_FILE(*libm.a: *libc.a:*lib_a-mem*.o *libgcc.a:) .text*)
 .text          0x100002c4       0x48 c:/vsarm/armcc/102021~1.10/bin/../lib/gcc/arm-none-eabi/10.3.1/thumb/v6-m/nofp/crtbegin.o
 .text.main     0x1000030c       0xb0 CMakeFiles/Direct-digital-synthesis.dir/main.cpp.obj
                0x1000030c                main
 .text._Z19R2RDAC_program_initP8pio_hw_tjjf
                0x100003bc       0xcc CMakeFiles/Direct-digital-synthesis.dir/DDS.cpp.obj
                0x100003bc                R2RDAC_program_init(pio_hw_t*, unsigned int, unsigned int, float)
 .text._Z7InitDDSm
                0x10000488      0x2f8 CMakeFiles/Direct-digital-synthesis.dir/DDS.cpp.obj
                0x10000488                InitDDS(unsigned long)
 .text._Z14mConfigureDMAsv
                0x10000780       0xb0 CMakeFiles/Direct-digital-synthesis.dir/DDS.cpp.obj
                0x10000780                mConfigureDMAs()
 .text._Z8StartDDSv
                0x10000830       0x48 CMakeFiles/Direct-digital-synthesis.dir/DDS.cpp.obj
                0x10000830                StartDDS()
 .text._Z13ChangeDDSFreqd
                0x10000878       0x78 CMakeFiles/Direct-digital-synthesis.dir/DDS.cpp.obj
                0x10000878                ChangeDDSFreq(double)
 .text.set_sys_clock_pll
                0x100008f0       0x78 CMakeFiles/Direct-digital-synthesis.dir/C_/VSARM/sdk/pico/pico-sdk/src/rp2_common/pico_stdlib/stdlib.c.obj
                0x100008f0                set_sys_clock_pll
 .text.check_sys_clock_khz
                0x10000968       0xb0 CMakeFiles/Direct-digital-synthesis.dir/C_/VSARM/sdk/pico/pico-sdk/src/rp2_common/pico_stdlib/stdlib.c.obj
                0x10000968                check_sys_clock_khz
 .text.gpio_set_function
                0x10000a18       0x30 CMakeFiles/Direct-digital-synthesis.dir/C_/VSARM/sdk/pico/pico-sdk/src/rp2_common/hardware_gpio/gpio.c.obj
                0x10000a18                gpio_set_function
 .text.gpio_init
                0x10000a48       0x16 CMakeFiles/Direct-digital-synthesis.dir/C_/VSARM/sdk/pico/pico-sdk/src/rp2_common/hardware_gpio/gpio.c.obj
                0x10000a48                gpio_init
 *fill*         0x10000a5e        0x2 
 .text.hw_claim_lock
                0x10000a60       0x18 CMakeFiles/Direct-digital-synthesis.dir/C_/VSARM/sdk/pico/pico-sdk/src/rp2_common/hardware_claim/claim.c.obj
                0x10000a60                hw_claim_lock
 .text.hw_claim_unlock
                0x10000a78       0x14 CMakeFiles/Direct-digital-synthesis.dir/C_/VSARM/sdk/pico/pico-sdk/src/rp2_common/hardware_claim/claim.c.obj
                0x10000a78                hw_claim_unlock
 .text.hw_claim_or_assert
                0x10000a8c       0x32 CMakeFiles/Direct-digital-synthesis.dir/C_/VSARM/sdk/pico/pico-sdk/src/rp2_common/hardware_claim/claim.c.obj
                0x10000a8c                hw_claim_or_assert
 .text.hw_claim_unused_from_range
                0x10000abe       0x50 CMakeFiles/Direct-digital-synthesis.dir/C_/VSARM/sdk/pico/pico-sdk/src/rp2_common/hardware_claim/claim.c.obj
                0x10000abe                hw_claim_unused_from_range
 *fill*         0x10000b0e        0x2 
 .text.running_on_fpga
                0x10000b10       0x14 CMakeFiles/Direct-digital-synthesis.dir/C_/VSARM/sdk/pico/pico-sdk/src/rp2_common/pico_platform/platform.c.obj
                0x10000b10                running_on_fpga
 .text.spin_locks_reset
                0x10000b24       0x20 CMakeFiles/Direct-digital-synthesis.dir/C_/VSARM/sdk/pico/pico-sdk/src/rp2_common/hardware_sync/sync.c.obj
                0x10000b24                spin_locks_reset
 .text.next_striped_spin_lock_num
                0x10000b44       0x1c CMakeFiles/Direct-digital-synthesis.dir/C_/VSARM/sdk/pico/pico-sdk/src/rp2_common/hardware_sync/sync.c.obj
                0x10000b44                next_striped_spin_lock_num
 .text.spin_lock_claim_unused
                0x10000b60       0x20 CMakeFiles/Direct-digital-synthesis.dir/C_/VSARM/sdk/pico/pico-sdk/src/rp2_common/hardware_sync/sync.c.obj
                0x10000b60                spin_lock_claim_unused
 .text.alarm_pool_post_alloc_init
                0x10000b80       0x40 CMakeFiles/Direct-digital-synthesis.dir/C_/VSARM/sdk/pico/pico-sdk/src/common/pico_time/time.c.obj
 .text.sleep_until_callback
                0x10000bc0       0x30 CMakeFiles/Direct-digital-synthesis.dir/C_/VSARM/sdk/pico/pico-sdk/src/common/pico_time/time.c.obj
 .text.timer_pool_entry_comparator
                0x10000bf0       0x7c CMakeFiles/Direct-digital-synthesis.dir/C_/VSARM/sdk/pico/pico-sdk/src/common/pico_time/time.c.obj
                0x10000bf0                timer_pool_entry_comparator
 .text.ph_add_child_node
                0x10000c6c       0xa4 CMakeFiles/Direct-digital-synthesis.dir/C_/VSARM/sdk/pico/pico-sdk/src/common/pico_time/time.c.obj
 .text.ph_merge_nodes
                0x10000d10       0x3e CMakeFiles/Direct-digital-synthesis.dir/C_/VSARM/sdk/pico/pico-sdk/src/common/pico_time/time.c.obj
 *fill*         0x10000d4e        0x2 
 .text.add_alarm_under_lock
                0x10000d50      0x174 CMakeFiles/Direct-digital-synthesis.dir/C_/VSARM/sdk/pico/pico-sdk/src/common/pico_time/time.c.obj
 .text.alarm_pool_alarm_callback
                0x10000ec4      0x328 CMakeFiles/Direct-digital-synthesis.dir/C_/VSARM/sdk/pico/pico-sdk/src/common/pico_time/time.c.obj
 .text.alarm_pool_init_default
                0x100011ec       0x38 CMakeFiles/Direct-digital-synthesis.dir/C_/VSARM/sdk/pico/pico-sdk/src/common/pico_time/time.c.obj
                0x100011ec                alarm_pool_init_default
 .text.alarm_pool_get_default
                0x10001224       0x2c CMakeFiles/Direct-digital-synthesis.dir/C_/VSARM/sdk/pico/pico-sdk/src/common/pico_time/time.c.obj
                0x10001224                alarm_pool_get_default
 .text.alarm_pool_add_alarm_at
                0x10001250      0x170 CMakeFiles/Direct-digital-synthesis.dir/C_/VSARM/sdk/pico/pico-sdk/src/common/pico_time/time.c.obj
                0x10001250                alarm_pool_add_alarm_at
 .text.alarm_pool_cancel_alarm
                0x100013c0       0xf0 CMakeFiles/Direct-digital-synthesis.dir/C_/VSARM/sdk/pico/pico-sdk/src/common/pico_time/time.c.obj
                0x100013c0                alarm_pool_cancel_alarm
 .text.sleep_until
                0x100014b0       0xfc CMakeFiles/Direct-digital-synthesis.dir/C_/VSARM/sdk/pico/pico-sdk/src/common/pico_time/time.c.obj
                0x100014b0                sleep_until
 .text.sleep_us
                0x100015ac       0x58 CMakeFiles/Direct-digital-synthesis.dir/C_/VSARM/sdk/pico/pico-sdk/src/common/pico_time/time.c.obj
                0x100015ac                sleep_us
 .text.sleep_ms
                0x10001604       0x14 CMakeFiles/Direct-digital-synthesis.dir/C_/VSARM/sdk/pico/pico-sdk/src/common/pico_time/time.c.obj
                0x10001604                sleep_ms
 .text.best_effort_wfe_or_timeout
                0x10001618       0x80 CMakeFiles/Direct-digital-synthesis.dir/C_/VSARM/sdk/pico/pico-sdk/src/common/pico_time/time.c.obj
                0x10001618                best_effort_wfe_or_timeout
 .text.hardware_alarm_irq_handler
                0x10001698       0x8c CMakeFiles/Direct-digital-synthesis.dir/C_/VSARM/sdk/pico/pico-sdk/src/rp2_common/hardware_timer/timer.c.obj
 .text.hardware_alarm_claim
                0x10001724       0x18 CMakeFiles/Direct-digital-synthesis.dir/C_/VSARM/sdk/pico/pico-sdk/src/rp2_common/hardware_timer/timer.c.obj
                0x10001724                hardware_alarm_claim
 .text.time_us_64
                0x1000173c       0x18 CMakeFiles/Direct-digital-synthesis.dir/C_/VSARM/sdk/pico/pico-sdk/src/rp2_common/hardware_timer/timer.c.obj
                0x1000173c                time_us_64
 .text.busy_wait_until
                0x10001754       0x28 CMakeFiles/Direct-digital-synthesis.dir/C_/VSARM/sdk/pico/pico-sdk/src/rp2_common/hardware_timer/timer.c.obj
                0x10001754                busy_wait_until
 .text.hardware_alarm_set_callback
                0x1000177c       0x90 CMakeFiles/Direct-digital-synthesis.dir/C_/VSARM/sdk/pico/pico-sdk/src/rp2_common/hardware_timer/timer.c.obj
                0x1000177c                hardware_alarm_set_callback
 .text.hardware_alarm_set_target
                0x1000180c       0xe8 CMakeFiles/Direct-digital-synthesis.dir/C_/VSARM/sdk/pico/pico-sdk/src/rp2_common/hardware_timer/timer.c.obj
                0x1000180c                hardware_alarm_set_target
 .text.hardware_alarm_cancel
                0x100018f4       0x40 CMakeFiles/Direct-digital-synthesis.dir/C_/VSARM/sdk/pico/pico-sdk/src/rp2_common/hardware_timer/timer.c.obj
                0x100018f4                hardware_alarm_cancel
 .text.lock_init
                0x10001934       0x10 CMakeFiles/Direct-digital-synthesis.dir/C_/VSARM/sdk/pico/pico-sdk/src/common/pico_sync/lock_core.c.obj
                0x10001934                lock_init
 .text.mutex_init
                0x10001944       0x1a CMakeFiles/Direct-digital-synthesis.dir/C_/VSARM/sdk/pico/pico-sdk/src/common/pico_sync/mutex.c.obj
                0x10001944                mutex_init
 .text.recursive_mutex_init
                0x1000195e       0x1e CMakeFiles/Direct-digital-synthesis.dir/C_/VSARM/sdk/pico/pico-sdk/src/common/pico_sync/mutex.c.obj
                0x1000195e                recursive_mutex_init
 .text.critical_section_init_with_lock_num
                0x1000197c       0x14 CMakeFiles/Direct-digital-synthesis.dir/C_/VSARM/sdk/pico/pico-sdk/src/common/pico_sync/critical_section.c.obj
                0x1000197c                critical_section_init_with_lock_num
 .text.critical_section_init
                0x10001990       0x14 CMakeFiles/Direct-digital-synthesis.dir/C_/VSARM/sdk/pico/pico-sdk/src/common/pico_sync/critical_section.c.obj
                0x10001990                critical_section_init
 .text.ph_add_child_node
                0x100019a4       0xa4 CMakeFiles/Direct-digital-synthesis.dir/C_/VSARM/sdk/pico/pico-sdk/src/common/pico_util/pheap.c.obj
 .text.ph_merge_nodes
                0x10001a48       0x3e CMakeFiles/Direct-digital-synthesis.dir/C_/VSARM/sdk/pico/pico-sdk/src/common/pico_util/pheap.c.obj
 *fill*         0x10001a86        0x2 
 .text.ph_clear
                0x10001a88       0x70 CMakeFiles/Direct-digital-synthesis.dir/C_/VSARM/sdk/pico/pico-sdk/src/common/pico_util/pheap.c.obj
                0x10001a88                ph_clear
 .text.ph_post_alloc_init
                0x10001af8        0xe CMakeFiles/Direct-digital-synthesis.dir/C_/VSARM/sdk/pico/pico-sdk/src/common/pico_util/pheap.c.obj
                0x10001af8                ph_post_alloc_init
 *fill*         0x10001b06        0x2 
 .text.ph_merge_two_pass
                0x10001b08       0xa8 CMakeFiles/Direct-digital-synthesis.dir/C_/VSARM/sdk/pico/pico-sdk/src/common/pico_util/pheap.c.obj
                0x10001b08                ph_merge_two_pass
 .text.ph_remove_any_head
                0x10001bb0      0x108 CMakeFiles/Direct-digital-synthesis.dir/C_/VSARM/sdk/pico/pico-sdk/src/common/pico_util/pheap.c.obj
 .text.ph_remove_head
                0x10001cb8       0x14 CMakeFiles/Direct-digital-synthesis.dir/C_/VSARM/sdk/pico/pico-sdk/src/common/pico_util/pheap.c.obj
                0x10001cb8                ph_remove_head
 .text.ph_remove_and_free_node
                0x10001ccc       0xf8 CMakeFiles/Direct-digital-synthesis.dir/C_/VSARM/sdk/pico/pico-sdk/src/common/pico_util/pheap.c.obj
                0x10001ccc                ph_remove_and_free_node
 .text._exit    0x10001dc4        0x4 CMakeFiles/Direct-digital-synthesis.dir/C_/VSARM/sdk/pico/pico-sdk/src/rp2_common/pico_runtime/runtime.c.obj
                0x10001dc4                _exit
 .text.exit     0x10001dc8        0x6 CMakeFiles/Direct-digital-synthesis.dir/C_/VSARM/sdk/pico/pico-sdk/src/rp2_common/pico_runtime/runtime.c.obj
                0x10001dc8                exit
 *fill*         0x10001dce        0x2 
 .text.__assert_func
                0x10001dd0       0x3c CMakeFiles/Direct-digital-synthesis.dir/C_/VSARM/sdk/pico/pico-sdk/src/rp2_common/pico_runtime/runtime.c.obj
                0x10001dd0                __assert_func
 .text.runtime_init
                0x10001e0c       0xf8 CMakeFiles/Direct-digital-synthesis.dir/C_/VSARM/sdk/pico/pico-sdk/src/rp2_common/pico_runtime/runtime.c.obj
                0x10001e0c                runtime_init
 .text.panic    0x10001f04       0x30 CMakeFiles/Direct-digital-synthesis.dir/C_/VSARM/sdk/pico/pico-sdk/src/rp2_common/pico_runtime/runtime.c.obj
                0x10001f04                panic
 .text.clock_configure
                0x10001f34      0x104 CMakeFiles/Direct-digital-synthesis.dir/C_/VSARM/sdk/pico/pico-sdk/src/rp2_common/hardware_clocks/clocks.c.obj
                0x10001f34                clock_configure
 .text.clocks_init
                0x10002038      0x100 CMakeFiles/Direct-digital-synthesis.dir/C_/VSARM/sdk/pico/pico-sdk/src/rp2_common/hardware_clocks/clocks.c.obj
                0x10002038                clocks_init
 .text.clock_get_hz
                0x10002138        0xc CMakeFiles/Direct-digital-synthesis.dir/C_/VSARM/sdk/pico/pico-sdk/src/rp2_common/hardware_clocks/clocks.c.obj
                0x10002138                clock_get_hz
 .text.set_raw_irq_handler_and_unlock
                0x10002144       0x28 CMakeFiles/Direct-digital-synthesis.dir/C_/VSARM/sdk/pico/pico-sdk/src/rp2_common/hardware_irq/irq.c.obj
 .text.make_branch
                0x1000216c       0x34 CMakeFiles/Direct-digital-synthesis.dir/C_/VSARM/sdk/pico/pico-sdk/src/rp2_common/hardware_irq/irq.c.obj
 .text.insert_branch_and_link
                0x100021a0       0x40 CMakeFiles/Direct-digital-synthesis.dir/C_/VSARM/sdk/pico/pico-sdk/src/rp2_common/hardware_irq/irq.c.obj
 .text.irq_is_enabled
                0x100021e0       0x18 CMakeFiles/Direct-digital-synthesis.dir/C_/VSARM/sdk/pico/pico-sdk/src/rp2_common/hardware_irq/irq.c.obj
                0x100021e0                irq_is_enabled
 .text.irq_set_mask_enabled
                0x100021f8       0x20 CMakeFiles/Direct-digital-synthesis.dir/C_/VSARM/sdk/pico/pico-sdk/src/rp2_common/hardware_irq/irq.c.obj
                0x100021f8                irq_set_mask_enabled
 .text.irq_set_enabled
                0x10002218        0xe CMakeFiles/Direct-digital-synthesis.dir/C_/VSARM/sdk/pico/pico-sdk/src/rp2_common/hardware_irq/irq.c.obj
                0x10002218                irq_set_enabled
 *fill*         0x10002226        0x2 
 .text.irq_set_pending
                0x10002228       0x10 CMakeFiles/Direct-digital-synthesis.dir/C_/VSARM/sdk/pico/pico-sdk/src/rp2_common/hardware_irq/irq.c.obj
                0x10002228                irq_set_pending
 .text.irq_get_vtable_handler
                0x10002238       0x10 CMakeFiles/Direct-digital-synthesis.dir/C_/VSARM/sdk/pico/pico-sdk/src/rp2_common/hardware_irq/irq.c.obj
                0x10002238                irq_get_vtable_handler
 .text.irq_set_exclusive_handler
                0x10002248       0x54 CMakeFiles/Direct-digital-synthesis.dir/C_/VSARM/sdk/pico/pico-sdk/src/rp2_common/hardware_irq/irq.c.obj
                0x10002248                irq_set_exclusive_handler
 .text.irq_remove_handler
                0x1000229c      0x1ac CMakeFiles/Direct-digital-synthesis.dir/C_/VSARM/sdk/pico/pico-sdk/src/rp2_common/hardware_irq/irq.c.obj
                0x1000229c                irq_remove_handler
 .text.irq_add_tail_to_free_list
                0x10002448       0xf0 CMakeFiles/Direct-digital-synthesis.dir/C_/VSARM/sdk/pico/pico-sdk/src/rp2_common/hardware_irq/irq.c.obj
                0x10002448                irq_add_tail_to_free_list
 .text.irq_init_priorities
                0x10002538       0x1c CMakeFiles/Direct-digital-synthesis.dir/C_/VSARM/sdk/pico/pico-sdk/src/rp2_common/hardware_irq/irq.c.obj
                0x10002538                irq_init_priorities
 .text.pll_init
                0x10002554      0x118 CMakeFiles/Direct-digital-synthesis.dir/C_/VSARM/sdk/pico/pico-sdk/src/rp2_common/hardware_pll/pll.c.obj
                0x10002554                pll_init
 .text.vreg_set_voltage
                0x1000266c       0x1c CMakeFiles/Direct-digital-synthesis.dir/C_/VSARM/sdk/pico/pico-sdk/src/rp2_common/hardware_vreg/vreg.c.obj
                0x1000266c                vreg_set_voltage
 .text.watchdog_start_tick
                0x10002688       0x10 CMakeFiles/Direct-digital-synthesis.dir/C_/VSARM/sdk/pico/pico-sdk/src/rp2_common/hardware_watchdog/watchdog.c.obj
                0x10002688                watchdog_start_tick
 .text.watchdog_update
                0x10002698       0x14 CMakeFiles/Direct-digital-synthesis.dir/C_/VSARM/sdk/pico/pico-sdk/src/rp2_common/hardware_watchdog/watchdog.c.obj
                0x10002698                watchdog_update
 .text._watchdog_enable
                0x100026ac       0x78 CMakeFiles/Direct-digital-synthesis.dir/C_/VSARM/sdk/pico/pico-sdk/src/rp2_common/hardware_watchdog/watchdog.c.obj
                0x100026ac                _watchdog_enable
 .text.watchdog_reboot
                0x10002724       0x48 CMakeFiles/Direct-digital-synthesis.dir/C_/VSARM/sdk/pico/pico-sdk/src/rp2_common/hardware_watchdog/watchdog.c.obj
                0x10002724                watchdog_reboot
 .text.xosc_init
                0x1000276c       0x28 CMakeFiles/Direct-digital-synthesis.dir/C_/VSARM/sdk/pico/pico-sdk/src/rp2_common/hardware_xosc/xosc.c.obj
                0x1000276c                xosc_init
 .text._out_null
                0x10002794        0x2 CMakeFiles/Direct-digital-synthesis.dir/C_/VSARM/sdk/pico/pico-sdk/src/rp2_common/pico_printf/printf.c.obj
 .text._out_fct
                0x10002796        0xe CMakeFiles/Direct-digital-synthesis.dir/C_/VSARM/sdk/pico/pico-sdk/src/rp2_common/pico_printf/printf.c.obj
 .text._atoi    0x100027a4       0x24 CMakeFiles/Direct-digital-synthesis.dir/C_/VSARM/sdk/pico/pico-sdk/src/rp2_common/pico_printf/printf.c.obj
 .text._out_rev
                0x100027c8       0xae CMakeFiles/Direct-digital-synthesis.dir/C_/VSARM/sdk/pico/pico-sdk/src/rp2_common/pico_printf/printf.c.obj
 .text._ntoa_format
                0x10002876      0x112 CMakeFiles/Direct-digital-synthesis.dir/C_/VSARM/sdk/pico/pico-sdk/src/rp2_common/pico_printf/printf.c.obj
 .text._ntoa_long
                0x10002988       0xbc CMakeFiles/Direct-digital-synthesis.dir/C_/VSARM/sdk/pico/pico-sdk/src/rp2_common/pico_printf/printf.c.obj
 .text._ntoa_long_long
                0x10002a44       0xe2 CMakeFiles/Direct-digital-synthesis.dir/C_/VSARM/sdk/pico/pico-sdk/src/rp2_common/pico_printf/printf.c.obj
 *fill*         0x10002b26        0x2 
 .text._etoa    0x10002b28      0x414 CMakeFiles/Direct-digital-synthesis.dir/C_/VSARM/sdk/pico/pico-sdk/src/rp2_common/pico_printf/printf.c.obj
 .text._ftoa    0x10002f3c      0x354 CMakeFiles/Direct-digital-synthesis.dir/C_/VSARM/sdk/pico/pico-sdk/src/rp2_common/pico_printf/printf.c.obj
 .text._vsnprintf
                0x10003290      0x624 CMakeFiles/Direct-digital-synthesis.dir/C_/VSARM/sdk/pico/pico-sdk/src/rp2_common/pico_printf/printf.c.obj
 .text.vfctprintf
                0x100038b4       0x20 CMakeFiles/Direct-digital-synthesis.dir/C_/VSARM/sdk/pico/pico-sdk/src/rp2_common/pico_printf/printf.c.obj
                0x100038b4                vfctprintf
 .text          0x100038d4       0x10 CMakeFiles/Direct-digital-synthesis.dir/C_/VSARM/sdk/pico/pico-sdk/src/rp2_common/pico_bit_ops/bit_ops_aeabi.S.obj
 .text.rom_func_lookup
                0x100038e4       0x10 CMakeFiles/Direct-digital-synthesis.dir/C_/VSARM/sdk/pico/pico-sdk/src/rp2_common/pico_bootrom/bootrom.c.obj
                0x100038e4                rom_func_lookup
 .text.rom_data_lookup
                0x100038f4       0x10 CMakeFiles/Direct-digital-synthesis.dir/C_/VSARM/sdk/pico/pico-sdk/src/rp2_common/pico_bootrom/bootrom.c.obj
                0x100038f4                rom_data_lookup
 .text.rom_funcs_lookup
                0x10003904       0x36 CMakeFiles/Direct-digital-synthesis.dir/C_/VSARM/sdk/pico/pico-sdk/src/rp2_common/pico_bootrom/bootrom.c.obj
                0x10003904                rom_funcs_lookup
 *fill*         0x1000393a        0x2 
 .text.__wrap___aeabi_idiv
                0x1000393c       0x50 CMakeFiles/Direct-digital-synthesis.dir/C_/VSARM/sdk/pico/pico-sdk/src/rp2_common/pico_divider/divider.S.obj
                0x1000393c                __wrap___aeabi_idivmod
                0x1000393c                divmod_s32s32
                0x1000393c                div_s32s32
                0x1000393c                __wrap___aeabi_idiv
                0x10003944                divmod_s32s32_unsafe
                0x10003970                divmod_s32s32_savestate
 .text.__wrap___aeabi_uidiv
                0x1000398c       0x4c CMakeFiles/Direct-digital-synthesis.dir/C_/VSARM/sdk/pico/pico-sdk/src/rp2_common/pico_divider/divider.S.obj
                0x1000398c                __wrap___aeabi_uidiv
                0x1000398c                __wrap___aeabi_uidivmod
                0x1000398c                div_u32u32
                0x1000398c                divmod_u32u32
                0x10003994                divmod_u32u32_unsafe
                0x100039bc                divmod_u32u32_savestate
 .text.__wrap___aeabi_ldiv
                0x100039d8      0x434 CMakeFiles/Direct-digital-synthesis.dir/C_/VSARM/sdk/pico/pico-sdk/src/rp2_common/pico_divider/divider.S.obj
                0x100039d8                div_s64s64
                0x100039d8                divmod_s64s64
                0x100039d8                __wrap___aeabi_ldivmod
                0x10003a10                divmod_u64u64
                0x10003a10                div_u64u64
                0x10003a10                __wrap___aeabi_uldivmod
                0x10003a20                divmod_u64u64_savestate
                0x10003a48                divmod_s64s64_unsafe
                0x10003ad0                divmod_u64u64_unsafe
 .text.__wrap___aeabi_darithmetic
                0x10003e0c       0x80 CMakeFiles/Direct-digital-synthesis.dir/C_/VSARM/sdk/pico/pico-sdk/src/rp2_common/pico_double/double_aeabi.S.obj
                0x10003e0c                __wrap___aeabi_drsub
                0x10003e12                __wrap___aeabi_dsub
                0x10003e24                __wrap___aeabi_dadd
                0x10003e36                __wrap___aeabi_ddiv
                0x10003e72                __wrap___aeabi_dmul
 .text.__wrap___aeabi_cdcmple
                0x10003e8c       0x6c CMakeFiles/Direct-digital-synthesis.dir/C_/VSARM/sdk/pico/pico-sdk/src/rp2_common/pico_double/double_aeabi.S.obj
                0x10003e8c                __wrap___aeabi_cdrcmple
                0x10003e9c                __wrap___aeabi_cdcmpeq
                0x10003e9c                __wrap___aeabi_cdcmple
 .text.__wrap___aeabi_dcmplt
                0x10003ef8        0xc CMakeFiles/Direct-digital-synthesis.dir/C_/VSARM/sdk/pico/pico-sdk/src/rp2_common/pico_double/double_aeabi.S.obj
                0x10003ef8                __wrap___aeabi_dcmplt
 .text.__wrap___aeabi_dcmple
                0x10003f04       0x10 CMakeFiles/Direct-digital-synthesis.dir/C_/VSARM/sdk/pico/pico-sdk/src/rp2_common/pico_double/double_aeabi.S.obj
                0x10003f04                __wrap___aeabi_dcmple
 .text.__wrap___aeabi_dcmpge
                0x10003f14       0x10 CMakeFiles/Direct-digital-synthesis.dir/C_/VSARM/sdk/pico/pico-sdk/src/rp2_common/pico_double/double_aeabi.S.obj
                0x10003f14                __wrap___aeabi_dcmpge
 .text.__wrap___aeabi_dcmpgt
                0x10003f24        0xa CMakeFiles/Direct-digital-synthesis.dir/C_/VSARM/sdk/pico/pico-sdk/src/rp2_common/pico_double/double_aeabi.S.obj
                0x10003f24                __wrap___aeabi_dcmpgt
 .text.__wrap___aeabi_dcmpun
                0x10003f2e       0x1c CMakeFiles/Direct-digital-synthesis.dir/C_/VSARM/sdk/pico/pico-sdk/src/rp2_common/pico_double/double_aeabi.S.obj
                0x10003f2e                __wrap___aeabi_dcmpun
 *fill*         0x10003f4a        0x2 
 .text.__wrap___aeabi_i2d
                0x10003f4c       0x38 CMakeFiles/Direct-digital-synthesis.dir/C_/VSARM/sdk/pico/pico-sdk/src/rp2_common/pico_double/double_aeabi.S.obj
                0x10003f4c                __wrap___aeabi_ui2d
                0x10003f54                __wrap___aeabi_i2d
 .text.__wrap___aeabi_d2iz
                0x10003f84       0x48 CMakeFiles/Direct-digital-synthesis.dir/C_/VSARM/sdk/pico/pico-sdk/src/rp2_common/pico_double/double_aeabi.S.obj
                0x10003f84                double2int_z
                0x10003f84                __wrap___aeabi_d2iz
 .text.__wrap___aeabi_d2uiz
                0x10003fcc       0x18 CMakeFiles/Direct-digital-synthesis.dir/C_/VSARM/sdk/pico/pico-sdk/src/rp2_common/pico_double/double_aeabi.S.obj
                0x10003fcc                __wrap___aeabi_d2uiz
                0x10003fcc                double2uint
 .text.__aeabi_double_init
                0x10003fe4       0xc8 CMakeFiles/Direct-digital-synthesis.dir/C_/VSARM/sdk/pico/pico-sdk/src/rp2_common/pico_double/double_init_rom.c.obj
                0x10003fe4                __aeabi_double_init
 .text.__wrap_round
                0x100040ac       0x9c CMakeFiles/Direct-digital-synthesis.dir/C_/VSARM/sdk/pico/pico-sdk/src/rp2_common/pico_double/double_math.c.obj
                0x100040ac                __wrap_round
 .text.double_table_shim_on_use_helper
                0x10004148       0x34 CMakeFiles/Direct-digital-synthesis.dir/C_/VSARM/sdk/pico/pico-sdk/src/rp2_common/pico_double/double_v1_rom_shim.S.obj
                0x10004148                double_table_shim_on_use_helper
 .text.__wrap___aeabi_dsub
                0x1000417c       0x10 CMakeFiles/Direct-digital-synthesis.dir/C_/VSARM/sdk/pico/pico-sdk/src/rp2_common/pico_double/double_v1_rom_shim.S.obj
                0x1000417c                drsub_shim
                0x10004182                dsub_shim
 .text.dadd_shim
                0x1000418c      0x15c CMakeFiles/Direct-digital-synthesis.dir/C_/VSARM/sdk/pico/pico-sdk/src/rp2_common/pico_double/double_v1_rom_shim.S.obj
                0x1000418c                dadd_shim
 .text.dmul_shim
                0x100042e8      0x15c CMakeFiles/Direct-digital-synthesis.dir/C_/VSARM/sdk/pico/pico-sdk/src/rp2_common/pico_double/double_v1_rom_shim.S.obj
                0x100042e8                dmul_shim
 .text.ddiv_shim
                0x10004444      0x1b0 CMakeFiles/Direct-digital-synthesis.dir/C_/VSARM/sdk/pico/pico-sdk/src/rp2_common/pico_double/double_v1_rom_shim.S.obj
                0x10004444                ddiv_shim
 .text.double2uint_shim
                0x100045f4        0xe CMakeFiles/Direct-digital-synthesis.dir/C_/VSARM/sdk/pico/pico-sdk/src/rp2_common/pico_double/double_v1_rom_shim.S.obj
                0x100045f4                double2uint_shim
                0x100045f6                double2ufix_shim
 *fill*         0x10004602        0x2 
 .text.double2uint64_shim
                0x10004604       0x70 CMakeFiles/Direct-digital-synthesis.dir/C_/VSARM/sdk/pico/pico-sdk/src/rp2_common/pico_double/double_v1_rom_shim.S.obj
                0x10004604                double2uint64_shim
                0x10004606                double2ufix64_shim
                0x10004626                d2fix_a
 .text.dunpacks
                0x10004674       0x3c CMakeFiles/Direct-digital-synthesis.dir/C_/VSARM/sdk/pico/pico-sdk/src/rp2_common/pico_double/double_v1_rom_shim.S.obj
                0x10004674                dunpacks
 .text.__aeabi_lmul
                0x100046b0       0x32 CMakeFiles/Direct-digital-synthesis.dir/C_/VSARM/sdk/pico/pico-sdk/src/rp2_common/pico_int64_ops/pico_int64_ops_aeabi.S.obj
                0x100046b0                __wrap___aeabi_lmul
 *fill*         0x100046e2        0x2 
 .text.__wrap___aeabi_farithmetic
                0x100046e4       0x58 CMakeFiles/Direct-digital-synthesis.dir/C_/VSARM/sdk/pico/pico-sdk/src/rp2_common/pico_float/float_aeabi.S.obj
                0x100046e4                __wrap___aeabi_frsub
                0x100046ea                __wrap___aeabi_fsub
                0x100046f4                __wrap___aeabi_fadd
                0x100046fe                __wrap___aeabi_fdiv
                0x1000472a                __wrap___aeabi_fmul
 .text.__wrap___aeabi_ui2f
                0x1000473c        0xa CMakeFiles/Direct-digital-synthesis.dir/C_/VSARM/sdk/pico/pico-sdk/src/rp2_common/pico_float/float_aeabi.S.obj
                0x1000473c                __wrap___aeabi_ui2f
 *fill*         0x10004746        0x2 
 .text.__wrap___aeabi_i2f
                0x10004748       0x44 CMakeFiles/Direct-digital-synthesis.dir/C_/VSARM/sdk/pico/pico-sdk/src/rp2_common/pico_float/float_aeabi.S.obj
                0x10004748                __wrap___aeabi_i2f
 .text.__wrap___aeabi_f2uiz
                0x1000478c       0x10 CMakeFiles/Direct-digital-synthesis.dir/C_/VSARM/sdk/pico/pico-sdk/src/rp2_common/pico_float/float_aeabi.S.obj
                0x1000478c                __wrap___aeabi_f2uiz
 .text.fix2float
                0x1000479c       0x10 CMakeFiles/Direct-digital-synthesis.dir/C_/VSARM/sdk/pico/pico-sdk/src/rp2_common/pico_float/float_aeabi.S.obj
                0x1000479c                fix2float
 .text.__wrap_sinf
                0x100047ac       0x28 CMakeFiles/Direct-digital-synthesis.dir/C_/VSARM/sdk/pico/pico-sdk/src/rp2_common/pico_float/float_aeabi.S.obj
                0x100047ac                __wrap_sinf
 .text.__aeabi_float_init
                0x100047d4       0xfc CMakeFiles/Direct-digital-synthesis.dir/C_/VSARM/sdk/pico/pico-sdk/src/rp2_common/pico_float/float_init_rom.c.obj
                0x100047d4                __aeabi_float_init
 .text.frem_0   0x100048d0       0x80 CMakeFiles/Direct-digital-synthesis.dir/C_/VSARM/sdk/pico/pico-sdk/src/rp2_common/pico_float/float_math.c.obj
 .text.__wrap_remquof
                0x10004950       0xda CMakeFiles/Direct-digital-synthesis.dir/C_/VSARM/sdk/pico/pico-sdk/src/rp2_common/pico_float/float_math.c.obj
                0x10004950                __wrap_remquof
 .text.__wrap_remainderf
                0x10004a2a        0xa CMakeFiles/Direct-digital-synthesis.dir/C_/VSARM/sdk/pico/pico-sdk/src/rp2_common/pico_float/float_math.c.obj
                0x10004a2a                __wrap_remainderf
 .text.float_table_shim_on_use_helper
                0x10004a34       0x34 CMakeFiles/Direct-digital-synthesis.dir/C_/VSARM/sdk/pico/pico-sdk/src/rp2_common/pico_float/float_v1_rom_shim.S.obj
                0x10004a34                float_table_shim_on_use_helper
 .text          0x10004a68       0x10 CMakeFiles/Direct-digital-synthesis.dir/C_/VSARM/sdk/pico/pico-sdk/src/rp2_common/pico_mem_ops/mem_ops_aeabi.S.obj
                0x10004a68                __aeabi_mem_init
 .text.memset   0x10004a78        0xc CMakeFiles/Direct-digital-synthesis.dir/C_/VSARM/sdk/pico/pico-sdk/src/rp2_common/pico_mem_ops/mem_ops_aeabi.S.obj
                0x10004a78                __wrap_memset
 .text.memcpy   0x10004a84        0xc CMakeFiles/Direct-digital-synthesis.dir/C_/VSARM/sdk/pico/pico-sdk/src/rp2_common/pico_mem_ops/mem_ops_aeabi.S.obj
                0x10004a84                __wrap_memcpy
                0x10004a84                __wrap___aeabi_memcpy
 .text.stdio_out_chars_no_crlf
                0x10004a90        0xe CMakeFiles/Direct-digital-synthesis.dir/C_/VSARM/sdk/pico/pico-sdk/src/rp2_common/pico_stdio/stdio.c.obj
 *fill*         0x10004a9e        0x2 
 .text.stdio_out_chars_crlf
                0x10004aa0       0x80 CMakeFiles/Direct-digital-synthesis.dir/C_/VSARM/sdk/pico/pico-sdk/src/rp2_common/pico_stdio/stdio.c.obj
 .text.stdio_stack_buffer_flush
                0x10004b20       0x44 CMakeFiles/Direct-digital-synthesis.dir/C_/VSARM/sdk/pico/pico-sdk/src/rp2_common/pico_stdio/stdio.c.obj
 .text.stdio_buffered_printer
                0x10004b64       0x20 CMakeFiles/Direct-digital-synthesis.dir/C_/VSARM/sdk/pico/pico-sdk/src/rp2_common/pico_stdio/stdio.c.obj
 .text.stdout_serialize_begin
                0x10004b84       0x30 CMakeFiles/Direct-digital-synthesis.dir/C_/VSARM/sdk/pico/pico-sdk/src/rp2_common/pico_stdio/stdio.c.obj
                0x10004b84                stdout_serialize_begin
 .text.stdout_serialize_end
                0x10004bb4       0x10 CMakeFiles/Direct-digital-synthesis.dir/C_/VSARM/sdk/pico/pico-sdk/src/rp2_common/pico_stdio/stdio.c.obj
                0x10004bb4                stdout_serialize_end
 .text.stdio_put_string
                0x10004bc4       0x98 CMakeFiles/Direct-digital-synthesis.dir/C_/VSARM/sdk/pico/pico-sdk/src/rp2_common/pico_stdio/stdio.c.obj
 .text.stdio_set_driver_enabled
                0x10004c5c       0x38 CMakeFiles/Direct-digital-synthesis.dir/C_/VSARM/sdk/pico/pico-sdk/src/rp2_common/pico_stdio/stdio.c.obj
                0x10004c5c                stdio_set_driver_enabled
 .text.stdio_flush
                0x10004c94       0x20 CMakeFiles/Direct-digital-synthesis.dir/C_/VSARM/sdk/pico/pico-sdk/src/rp2_common/pico_stdio/stdio.c.obj
                0x10004c94                stdio_flush
 .text.__wrap_puts
                0x10004cb4       0x1e CMakeFiles/Direct-digital-synthesis.dir/C_/VSARM/sdk/pico/pico-sdk/src/rp2_common/pico_stdio/stdio.c.obj
                0x10004cb4                __wrap_puts
 *fill*         0x10004cd2        0x2 
 .text.__wrap_vprintf
                0x10004cd4       0x44 CMakeFiles/Direct-digital-synthesis.dir/C_/VSARM/sdk/pico/pico-sdk/src/rp2_common/pico_stdio/stdio.c.obj
                0x10004cd4                __wrap_vprintf
 .text.__wrap_printf
                0x10004d18       0x18 CMakeFiles/Direct-digital-synthesis.dir/C_/VSARM/sdk/pico/pico-sdk/src/rp2_common/pico_stdio/stdio.c.obj
                0x10004d18                __wrap_printf
 .text.stdio_init_all
                0x10004d30        0x8 CMakeFiles/Direct-digital-synthesis.dir/C_/VSARM/sdk/pico/pico-sdk/src/rp2_common/pico_stdio/stdio.c.obj
                0x10004d30                stdio_init_all
 .text.resetd_init
                0x10004d38        0x2 CMakeFiles/Direct-digital-synthesis.dir/C_/VSARM/sdk/pico/pico-sdk/src/rp2_common/pico_stdio_usb/reset_interface.c.obj
 *fill*         0x10004d3a        0x2 
 .text.resetd_reset
                0x10004d3c        0xc CMakeFiles/Direct-digital-synthesis.dir/C_/VSARM/sdk/pico/pico-sdk/src/rp2_common/pico_stdio_usb/reset_interface.c.obj
 .text.resetd_open
                0x10004d48       0x34 CMakeFiles/Direct-digital-synthesis.dir/C_/VSARM/sdk/pico/pico-sdk/src/rp2_common/pico_stdio_usb/reset_interface.c.obj
 .text.resetd_xfer_cb
                0x10004d7c        0x4 CMakeFiles/Direct-digital-synthesis.dir/C_/VSARM/sdk/pico/pico-sdk/src/rp2_common/pico_stdio_usb/reset_interface.c.obj
 .text.reset_usb_boot
                0x10004d80       0x18 CMakeFiles/Direct-digital-synthesis.dir/C_/VSARM/sdk/pico/pico-sdk/src/rp2_common/pico_stdio_usb/reset_interface.c.obj
 .text.resetd_control_xfer_cb
                0x10004d98       0x5c CMakeFiles/Direct-digital-synthesis.dir/C_/VSARM/sdk/pico/pico-sdk/src/rp2_common/pico_stdio_usb/reset_interface.c.obj
 .text.usbd_app_driver_get_cb
                0x10004df4        0xc CMakeFiles/Direct-digital-synthesis.dir/C_/VSARM/sdk/pico/pico-sdk/src/rp2_common/pico_stdio_usb/reset_interface.c.obj
                0x10004df4                usbd_app_driver_get_cb
 .text.tud_cdc_line_coding_cb
                0x10004e00       0x28 CMakeFiles/Direct-digital-synthesis.dir/C_/VSARM/sdk/pico/pico-sdk/src/rp2_common/pico_stdio_usb/reset_interface.c.obj
                0x10004e00                tud_cdc_line_coding_cb
 .text.stdio_usb_in_chars
                0x10004e28       0x70 CMakeFiles/Direct-digital-synthesis.dir/C_/VSARM/sdk/pico/pico-sdk/src/rp2_common/pico_stdio_usb/stdio_usb.c.obj
                0x10004e28                stdio_usb_in_chars
 .text.low_priority_worker_irq
                0x10004e98       0x20 CMakeFiles/Direct-digital-synthesis.dir/C_/VSARM/sdk/pico/pico-sdk/src/rp2_common/pico_stdio_usb/stdio_usb.c.obj
 .text.stdio_usb_out_chars
                0x10004eb8       0xd4 CMakeFiles/Direct-digital-synthesis.dir/C_/VSARM/sdk/pico/pico-sdk/src/rp2_common/pico_stdio_usb/stdio_usb.c.obj
 .text.timer_task
                0x10004f8c       0x10 CMakeFiles/Direct-digital-synthesis.dir/C_/VSARM/sdk/pico/pico-sdk/src/rp2_common/pico_stdio_usb/stdio_usb.c.obj
 .text.stdio_usb_init
                0x10004f9c       0xb8 CMakeFiles/Direct-digital-synthesis.dir/C_/VSARM/sdk/pico/pico-sdk/src/rp2_common/pico_stdio_usb/stdio_usb.c.obj
                0x10004f9c                stdio_usb_init
 .text.tud_descriptor_device_cb
                0x10005054        0x8 CMakeFiles/Direct-digital-synthesis.dir/C_/VSARM/sdk/pico/pico-sdk/src/rp2_common/pico_stdio_usb/stdio_usb_descriptors.c.obj
                0x10005054                tud_descriptor_device_cb
 .text.tud_descriptor_configuration_cb
                0x1000505c        0x8 CMakeFiles/Direct-digital-synthesis.dir/C_/VSARM/sdk/pico/pico-sdk/src/rp2_common/pico_stdio_usb/stdio_usb_descriptors.c.obj
                0x1000505c                tud_descriptor_configuration_cb
 .text.tud_descriptor_string_cb
                0x10005064       0x6c CMakeFiles/Direct-digital-synthesis.dir/C_/VSARM/sdk/pico/pico-sdk/src/rp2_common/pico_stdio_usb/stdio_usb_descriptors.c.obj
                0x10005064                tud_descriptor_string_cb
 .text.hw_endpoint_get_by_addr
                0x100050d0       0x18 CMakeFiles/Direct-digital-synthesis.dir/C_/VSARM/sdk/pico/pico-sdk/lib/tinyusb/src/portable/raspberrypi/rp2040/dcd_rp2040.c.obj
 .text.reset_ep0_pid
                0x100050e8       0x28 CMakeFiles/Direct-digital-synthesis.dir/C_/VSARM/sdk/pico/pico-sdk/lib/tinyusb/src/portable/raspberrypi/rp2040/dcd_rp2040.c.obj
 .text._hw_endpoint_alloc
                0x10005110       0x70 CMakeFiles/Direct-digital-synthesis.dir/C_/VSARM/sdk/pico/pico-sdk/lib/tinyusb/src/portable/raspberrypi/rp2040/dcd_rp2040.c.obj
 .text.hw_endpoint_init
                0x10005180       0x88 CMakeFiles/Direct-digital-synthesis.dir/C_/VSARM/sdk/pico/pico-sdk/lib/tinyusb/src/portable/raspberrypi/rp2040/dcd_rp2040.c.obj
 .text.reset_non_control_endpoints
                0x10005208       0x40 CMakeFiles/Direct-digital-synthesis.dir/C_/VSARM/sdk/pico/pico-sdk/lib/tinyusb/src/portable/raspberrypi/rp2040/dcd_rp2040.c.obj
 .text.hw_handle_buff_status
                0x10005248       0x8c CMakeFiles/Direct-digital-synthesis.dir/C_/VSARM/sdk/pico/pico-sdk/lib/tinyusb/src/portable/raspberrypi/rp2040/dcd_rp2040.c.obj
 .text.dcd_rp2040_irq
                0x100052d4       0xc0 CMakeFiles/Direct-digital-synthesis.dir/C_/VSARM/sdk/pico/pico-sdk/lib/tinyusb/src/portable/raspberrypi/rp2040/dcd_rp2040.c.obj
 .text.hw_endpoint_xfer
                0x10005394       0x14 CMakeFiles/Direct-digital-synthesis.dir/C_/VSARM/sdk/pico/pico-sdk/lib/tinyusb/src/portable/raspberrypi/rp2040/dcd_rp2040.c.obj
 .text.dcd_int_enable
                0x100053a8       0x2c CMakeFiles/Direct-digital-synthesis.dir/C_/VSARM/sdk/pico/pico-sdk/lib/tinyusb/src/portable/raspberrypi/rp2040/dcd_rp2040.c.obj
                0x100053a8                dcd_int_enable
 .text.dcd_set_address
                0x100053d4       0x2c CMakeFiles/Direct-digital-synthesis.dir/C_/VSARM/sdk/pico/pico-sdk/lib/tinyusb/src/portable/raspberrypi/rp2040/dcd_rp2040.c.obj
                0x100053d4                dcd_set_address
 .text.dcd_connect
                0x10005400       0x10 CMakeFiles/Direct-digital-synthesis.dir/C_/VSARM/sdk/pico/pico-sdk/lib/tinyusb/src/portable/raspberrypi/rp2040/dcd_rp2040.c.obj
                0x10005400                dcd_connect
 .text.dcd_init
                0x10005410       0x7c CMakeFiles/Direct-digital-synthesis.dir/C_/VSARM/sdk/pico/pico-sdk/lib/tinyusb/src/portable/raspberrypi/rp2040/dcd_rp2040.c.obj
                0x10005410                dcd_init
 .text.dcd_edpt0_status_complete
                0x1000548c       0x1c CMakeFiles/Direct-digital-synthesis.dir/C_/VSARM/sdk/pico/pico-sdk/lib/tinyusb/src/portable/raspberrypi/rp2040/dcd_rp2040.c.obj
                0x1000548c                dcd_edpt0_status_complete
 .text.dcd_edpt_open
                0x100054a8       0x40 CMakeFiles/Direct-digital-synthesis.dir/C_/VSARM/sdk/pico/pico-sdk/lib/tinyusb/src/portable/raspberrypi/rp2040/dcd_rp2040.c.obj
                0x100054a8                dcd_edpt_open
 .text.dcd_edpt_close_all
                0x100054e8        0x8 CMakeFiles/Direct-digital-synthesis.dir/C_/VSARM/sdk/pico/pico-sdk/lib/tinyusb/src/portable/raspberrypi/rp2040/dcd_rp2040.c.obj
                0x100054e8                dcd_edpt_close_all
 .text.dcd_edpt_xfer
                0x100054f0       0x30 CMakeFiles/Direct-digital-synthesis.dir/C_/VSARM/sdk/pico/pico-sdk/lib/tinyusb/src/portable/raspberrypi/rp2040/dcd_rp2040.c.obj
                0x100054f0                dcd_edpt_xfer
 .text.dcd_edpt_stall
                0x10005520       0x2c CMakeFiles/Direct-digital-synthesis.dir/C_/VSARM/sdk/pico/pico-sdk/lib/tinyusb/src/portable/raspberrypi/rp2040/dcd_rp2040.c.obj
                0x10005520                dcd_edpt_stall
 .text.dcd_edpt_clear_stall
                0x1000554c       0x20 CMakeFiles/Direct-digital-synthesis.dir/C_/VSARM/sdk/pico/pico-sdk/lib/tinyusb/src/portable/raspberrypi/rp2040/dcd_rp2040.c.obj
                0x1000554c                dcd_edpt_clear_stall
 .text.prepare_ep_buffer
                0x1000556c       0x70 CMakeFiles/Direct-digital-synthesis.dir/C_/VSARM/sdk/pico/pico-sdk/lib/tinyusb/src/portable/raspberrypi/rp2040/rp2040_usb.c.obj
 .text.sync_ep_buffer
                0x100055dc       0x7c CMakeFiles/Direct-digital-synthesis.dir/C_/VSARM/sdk/pico/pico-sdk/lib/tinyusb/src/portable/raspberrypi/rp2040/rp2040_usb.c.obj
 .text._hw_endpoint_xfer_sync
                0x10005658       0x28 CMakeFiles/Direct-digital-synthesis.dir/C_/VSARM/sdk/pico/pico-sdk/lib/tinyusb/src/portable/raspberrypi/rp2040/rp2040_usb.c.obj
 .text.rp2040_usb_init
                0x10005680       0x4c CMakeFiles/Direct-digital-synthesis.dir/C_/VSARM/sdk/pico/pico-sdk/lib/tinyusb/src/portable/raspberrypi/rp2040/rp2040_usb.c.obj
                0x10005680                rp2040_usb_init
 .text.hw_endpoint_reset_transfer
                0x100056cc        0xc CMakeFiles/Direct-digital-synthesis.dir/C_/VSARM/sdk/pico/pico-sdk/lib/tinyusb/src/portable/raspberrypi/rp2040/rp2040_usb.c.obj
                0x100056cc                hw_endpoint_reset_transfer
 .text._hw_endpoint_buffer_control_update32
                0x100056d8       0x58 CMakeFiles/Direct-digital-synthesis.dir/C_/VSARM/sdk/pico/pico-sdk/lib/tinyusb/src/portable/raspberrypi/rp2040/rp2040_usb.c.obj
                0x100056d8                _hw_endpoint_buffer_control_update32
 .text._hw_endpoint_start_next_buffer
                0x10005730       0x74 CMakeFiles/Direct-digital-synthesis.dir/C_/VSARM/sdk/pico/pico-sdk/lib/tinyusb/src/portable/raspberrypi/rp2040/rp2040_usb.c.obj
 .text.hw_endpoint_xfer_start
                0x100057a4       0x48 CMakeFiles/Direct-digital-synthesis.dir/C_/VSARM/sdk/pico/pico-sdk/lib/tinyusb/src/portable/raspberrypi/rp2040/rp2040_usb.c.obj
                0x100057a4                hw_endpoint_xfer_start
 .text.hw_endpoint_xfer_continue
                0x100057ec       0x38 CMakeFiles/Direct-digital-synthesis.dir/C_/VSARM/sdk/pico/pico-sdk/lib/tinyusb/src/portable/raspberrypi/rp2040/rp2040_usb.c.obj
                0x100057ec                hw_endpoint_xfer_continue
 .text.configuration_reset
                0x10005824       0x84 CMakeFiles/Direct-digital-synthesis.dir/C_/VSARM/sdk/pico/pico-sdk/lib/tinyusb/src/device/usbd.c.obj
 .text.usbd_reset
                0x100058a8        0xc CMakeFiles/Direct-digital-synthesis.dir/C_/VSARM/sdk/pico/pico-sdk/lib/tinyusb/src/device/usbd.c.obj
 .text.invoke_class_control
                0x100058b4       0x1a CMakeFiles/Direct-digital-synthesis.dir/C_/VSARM/sdk/pico/pico-sdk/lib/tinyusb/src/device/usbd.c.obj
 *fill*         0x100058ce        0x2 
 .text.process_set_config
                0x100058d0      0x1b0 CMakeFiles/Direct-digital-synthesis.dir/C_/VSARM/sdk/pico/pico-sdk/lib/tinyusb/src/device/usbd.c.obj
 .text.process_get_descriptor
                0x10005a80       0xec CMakeFiles/Direct-digital-synthesis.dir/C_/VSARM/sdk/pico/pico-sdk/lib/tinyusb/src/device/usbd.c.obj
 .text.tud_mounted
                0x10005b6c       0x10 CMakeFiles/Direct-digital-synthesis.dir/C_/VSARM/sdk/pico/pico-sdk/lib/tinyusb/src/device/usbd.c.obj
                0x10005b6c                tud_mounted
 .text.tud_suspended
                0x10005b7c       0x10 CMakeFiles/Direct-digital-synthesis.dir/C_/VSARM/sdk/pico/pico-sdk/lib/tinyusb/src/device/usbd.c.obj
                0x10005b7c                tud_suspended
 .text.tud_inited
                0x10005b8c        0xc CMakeFiles/Direct-digital-synthesis.dir/C_/VSARM/sdk/pico/pico-sdk/lib/tinyusb/src/device/usbd.c.obj
                0x10005b8c                tud_inited
 .text.tud_init
                0x10005b98       0xcc CMakeFiles/Direct-digital-synthesis.dir/C_/VSARM/sdk/pico/pico-sdk/lib/tinyusb/src/device/usbd.c.obj
                0x10005b98                tud_init
 .text.dcd_event_handler
                0x10005c64      0x1e0 CMakeFiles/Direct-digital-synthesis.dir/C_/VSARM/sdk/pico/pico-sdk/lib/tinyusb/src/device/usbd.c.obj
                0x10005c64                dcd_event_handler
 .text.dcd_event_bus_signal
                0x10005e44       0x26 CMakeFiles/Direct-digital-synthesis.dir/C_/VSARM/sdk/pico/pico-sdk/lib/tinyusb/src/device/usbd.c.obj
                0x10005e44                dcd_event_bus_signal
 .text.dcd_event_bus_reset
                0x10005e6a       0x2a CMakeFiles/Direct-digital-synthesis.dir/C_/VSARM/sdk/pico/pico-sdk/lib/tinyusb/src/device/usbd.c.obj
                0x10005e6a                dcd_event_bus_reset
 .text.dcd_event_setup_received
                0x10005e94       0x34 CMakeFiles/Direct-digital-synthesis.dir/C_/VSARM/sdk/pico/pico-sdk/lib/tinyusb/src/device/usbd.c.obj
                0x10005e94                dcd_event_setup_received
 .text.dcd_event_xfer_complete
                0x10005ec8       0x44 CMakeFiles/Direct-digital-synthesis.dir/C_/VSARM/sdk/pico/pico-sdk/lib/tinyusb/src/device/usbd.c.obj
                0x10005ec8                dcd_event_xfer_complete
 .text.usbd_edpt_open
                0x10005f0c       0x58 CMakeFiles/Direct-digital-synthesis.dir/C_/VSARM/sdk/pico/pico-sdk/lib/tinyusb/src/device/usbd.c.obj
                0x10005f0c                usbd_edpt_open
 .text.usbd_open_edpt_pair
                0x10005f64       0x8c CMakeFiles/Direct-digital-synthesis.dir/C_/VSARM/sdk/pico/pico-sdk/lib/tinyusb/src/device/usbd.c.obj
                0x10005f64                usbd_open_edpt_pair
 .text.usbd_edpt_claim
                0x10005ff0       0x8c CMakeFiles/Direct-digital-synthesis.dir/C_/VSARM/sdk/pico/pico-sdk/lib/tinyusb/src/device/usbd.c.obj
                0x10005ff0                usbd_edpt_claim
 .text.usbd_edpt_release
                0x1000607c       0x68 CMakeFiles/Direct-digital-synthesis.dir/C_/VSARM/sdk/pico/pico-sdk/lib/tinyusb/src/device/usbd.c.obj
                0x1000607c                usbd_edpt_release
 .text.usbd_edpt_xfer
                0x100060e4       0x80 CMakeFiles/Direct-digital-synthesis.dir/C_/VSARM/sdk/pico/pico-sdk/lib/tinyusb/src/device/usbd.c.obj
                0x100060e4                usbd_edpt_xfer
 .text.usbd_edpt_stall
                0x10006164       0x40 CMakeFiles/Direct-digital-synthesis.dir/C_/VSARM/sdk/pico/pico-sdk/lib/tinyusb/src/device/usbd.c.obj
                0x10006164                usbd_edpt_stall
 .text.usbd_edpt_clear_stall
                0x100061a4       0x40 CMakeFiles/Direct-digital-synthesis.dir/C_/VSARM/sdk/pico/pico-sdk/lib/tinyusb/src/device/usbd.c.obj
                0x100061a4                usbd_edpt_clear_stall
 .text.usbd_edpt_stalled
                0x100061e4       0x1c CMakeFiles/Direct-digital-synthesis.dir/C_/VSARM/sdk/pico/pico-sdk/lib/tinyusb/src/device/usbd.c.obj
                0x100061e4                usbd_edpt_stalled
 .text.process_control_request
                0x10006200      0x3b8 CMakeFiles/Direct-digital-synthesis.dir/C_/VSARM/sdk/pico/pico-sdk/lib/tinyusb/src/device/usbd.c.obj
 .text.tud_task
                0x100065b8      0x218 CMakeFiles/Direct-digital-synthesis.dir/C_/VSARM/sdk/pico/pico-sdk/lib/tinyusb/src/device/usbd.c.obj
                0x100065b8                tud_task
 .text._data_stage_xact
                0x100067d0       0x58 CMakeFiles/Direct-digital-synthesis.dir/C_/VSARM/sdk/pico/pico-sdk/lib/tinyusb/src/device/usbd_control.c.obj
 .text.tud_control_status
                0x10006828       0x38 CMakeFiles/Direct-digital-synthesis.dir/C_/VSARM/sdk/pico/pico-sdk/lib/tinyusb/src/device/usbd_control.c.obj
                0x10006828                tud_control_status
 .text.tud_control_xfer
                0x10006860       0xa8 CMakeFiles/Direct-digital-synthesis.dir/C_/VSARM/sdk/pico/pico-sdk/lib/tinyusb/src/device/usbd_control.c.obj
                0x10006860                tud_control_xfer
 .text.usbd_control_reset
                0x10006908       0x14 CMakeFiles/Direct-digital-synthesis.dir/C_/VSARM/sdk/pico/pico-sdk/lib/tinyusb/src/device/usbd_control.c.obj
                0x10006908                usbd_control_reset
 .text.usbd_control_set_complete_callback
                0x1000691c        0xc CMakeFiles/Direct-digital-synthesis.dir/C_/VSARM/sdk/pico/pico-sdk/lib/tinyusb/src/device/usbd_control.c.obj
                0x1000691c                usbd_control_set_complete_callback
 .text.usbd_control_set_request
                0x10006928       0x1c CMakeFiles/Direct-digital-synthesis.dir/C_/VSARM/sdk/pico/pico-sdk/lib/tinyusb/src/device/usbd_control.c.obj
                0x10006928                usbd_control_set_request
 .text.usbd_control_xfer_cb
                0x10006944       0xfc CMakeFiles/Direct-digital-synthesis.dir/C_/VSARM/sdk/pico/pico-sdk/lib/tinyusb/src/device/usbd_control.c.obj
                0x10006944                usbd_control_xfer_cb
 .text._prep_out_transaction
                0x10006a40       0x46 CMakeFiles/Direct-digital-synthesis.dir/C_/VSARM/sdk/pico/pico-sdk/lib/tinyusb/src/class/cdc/cdc_device.c.obj
 *fill*         0x10006a86        0x2 
 .text.tud_cdc_n_connected
                0x10006a88       0x44 CMakeFiles/Direct-digital-synthesis.dir/C_/VSARM/sdk/pico/pico-sdk/lib/tinyusb/src/class/cdc/cdc_device.c.obj
                0x10006a88                tud_cdc_n_connected
 .text.tud_cdc_n_available
                0x10006acc       0x18 CMakeFiles/Direct-digital-synthesis.dir/C_/VSARM/sdk/pico/pico-sdk/lib/tinyusb/src/class/cdc/cdc_device.c.obj
                0x10006acc                tud_cdc_n_available
 .text.tud_cdc_n_read
                0x10006ae4       0x28 CMakeFiles/Direct-digital-synthesis.dir/C_/VSARM/sdk/pico/pico-sdk/lib/tinyusb/src/class/cdc/cdc_device.c.obj
                0x10006ae4                tud_cdc_n_read
 .text.tud_cdc_n_write_flush
                0x10006b0c       0xcc CMakeFiles/Direct-digital-synthesis.dir/C_/VSARM/sdk/pico/pico-sdk/lib/tinyusb/src/class/cdc/cdc_device.c.obj
                0x10006b0c                tud_cdc_n_write_flush
 .text.tud_cdc_n_write
                0x10006bd8       0x38 CMakeFiles/Direct-digital-synthesis.dir/C_/VSARM/sdk/pico/pico-sdk/lib/tinyusb/src/class/cdc/cdc_device.c.obj
                0x10006bd8                tud_cdc_n_write
 .text.tud_cdc_n_write_available
                0x10006c10       0x1c CMakeFiles/Direct-digital-synthesis.dir/C_/VSARM/sdk/pico/pico-sdk/lib/tinyusb/src/class/cdc/cdc_device.c.obj
                0x10006c10                tud_cdc_n_write_available
 .text.cdcd_init
                0x10006c2c       0xbc CMakeFiles/Direct-digital-synthesis.dir/C_/VSARM/sdk/pico/pico-sdk/lib/tinyusb/src/class/cdc/cdc_device.c.obj
                0x10006c2c                cdcd_init
 .text.cdcd_reset
                0x10006ce8       0x44 CMakeFiles/Direct-digital-synthesis.dir/C_/VSARM/sdk/pico/pico-sdk/lib/tinyusb/src/class/cdc/cdc_device.c.obj
                0x10006ce8                cdcd_reset
 .text.cdcd_open
                0x10006d2c       0xf8 CMakeFiles/Direct-digital-synthesis.dir/C_/VSARM/sdk/pico/pico-sdk/lib/tinyusb/src/class/cdc/cdc_device.c.obj
                0x10006d2c                cdcd_open
 .text.cdcd_control_xfer_cb
                0x10006e24      0x134 CMakeFiles/Direct-digital-synthesis.dir/C_/VSARM/sdk/pico/pico-sdk/lib/tinyusb/src/class/cdc/cdc_device.c.obj
                0x10006e24                cdcd_control_xfer_cb
 .text.cdcd_xfer_cb
                0x10006f58      0x144 CMakeFiles/Direct-digital-synthesis.dir/C_/VSARM/sdk/pico/pico-sdk/lib/tinyusb/src/class/cdc/cdc_device.c.obj
                0x10006f58                cdcd_xfer_cb
 .text.tusb_init
                0x1000709c       0x24 CMakeFiles/Direct-digital-synthesis.dir/C_/VSARM/sdk/pico/pico-sdk/lib/tinyusb/src/tusb.c.obj
                0x1000709c                tusb_init
 .text.tusb_inited
                0x100070c0        0xe CMakeFiles/Direct-digital-synthesis.dir/C_/VSARM/sdk/pico/pico-sdk/lib/tinyusb/src/tusb.c.obj
                0x100070c0                tusb_inited
 *fill*         0x100070ce        0x2 
 .text.tu_edpt_validate
                0x100070d0       0xa8 CMakeFiles/Direct-digital-synthesis.dir/C_/VSARM/sdk/pico/pico-sdk/lib/tinyusb/src/tusb.c.obj
                0x100070d0                tu_edpt_validate
 .text.tu_edpt_bind_driver
                0x10007178       0x2a CMakeFiles/Direct-digital-synthesis.dir/C_/VSARM/sdk/pico/pico-sdk/lib/tinyusb/src/tusb.c.obj
                0x10007178                tu_edpt_bind_driver
 .text.advance_pointer
                0x100071a2       0x18 CMakeFiles/Direct-digital-synthesis.dir/C_/VSARM/sdk/pico/pico-sdk/lib/tinyusb/src/common/tusb_fifo.c.obj
 .text.backward_pointer
                0x100071ba       0x1e CMakeFiles/Direct-digital-synthesis.dir/C_/VSARM/sdk/pico/pico-sdk/lib/tinyusb/src/common/tusb_fifo.c.obj
 .text.get_relative_pointer
                0x100071d8       0x10 CMakeFiles/Direct-digital-synthesis.dir/C_/VSARM/sdk/pico/pico-sdk/lib/tinyusb/src/common/tusb_fifo.c.obj
 .text._tu_fifo_peek
                0x100071e8       0x50 CMakeFiles/Direct-digital-synthesis.dir/C_/VSARM/sdk/pico/pico-sdk/lib/tinyusb/src/common/tusb_fifo.c.obj
 .text._ff_pull_const_addr
                0x10007238       0x4c CMakeFiles/Direct-digital-synthesis.dir/C_/VSARM/sdk/pico/pico-sdk/lib/tinyusb/src/common/tusb_fifo.c.obj
 .text._ff_pull_n
                0x10007284      0x10c CMakeFiles/Direct-digital-synthesis.dir/C_/VSARM/sdk/pico/pico-sdk/lib/tinyusb/src/common/tusb_fifo.c.obj
 .text._tu_fifo_peek_n
                0x10007390       0x5e CMakeFiles/Direct-digital-synthesis.dir/C_/VSARM/sdk/pico/pico-sdk/lib/tinyusb/src/common/tusb_fifo.c.obj
 .text._tu_fifo_read_n
                0x100073ee       0x4e CMakeFiles/Direct-digital-synthesis.dir/C_/VSARM/sdk/pico/pico-sdk/lib/tinyusb/src/common/tusb_fifo.c.obj
 .text._ff_push_const_addr
                0x1000743c       0x40 CMakeFiles/Direct-digital-synthesis.dir/C_/VSARM/sdk/pico/pico-sdk/lib/tinyusb/src/common/tusb_fifo.c.obj
 .text._ff_push_n
                0x1000747c      0x108 CMakeFiles/Direct-digital-synthesis.dir/C_/VSARM/sdk/pico/pico-sdk/lib/tinyusb/src/common/tusb_fifo.c.obj
 .text._tu_fifo_write_n
                0x10007584       0x9e CMakeFiles/Direct-digital-synthesis.dir/C_/VSARM/sdk/pico/pico-sdk/lib/tinyusb/src/common/tusb_fifo.c.obj
 .text.tu_fifo_config
                0x10007622       0x72 CMakeFiles/Direct-digital-synthesis.dir/C_/VSARM/sdk/pico/pico-sdk/lib/tinyusb/src/common/tusb_fifo.c.obj
                0x10007622                tu_fifo_config
 .text.tu_fifo_count
                0x10007694       0x26 CMakeFiles/Direct-digital-synthesis.dir/C_/VSARM/sdk/pico/pico-sdk/lib/tinyusb/src/common/tusb_fifo.c.obj
                0x10007694                tu_fifo_count
 .text.tu_fifo_empty
                0x100076ba       0x10 CMakeFiles/Direct-digital-synthesis.dir/C_/VSARM/sdk/pico/pico-sdk/lib/tinyusb/src/common/tusb_fifo.c.obj
                0x100076ba                tu_fifo_empty
 .text.tu_fifo_remaining
                0x100076ca       0x20 CMakeFiles/Direct-digital-synthesis.dir/C_/VSARM/sdk/pico/pico-sdk/lib/tinyusb/src/common/tusb_fifo.c.obj
                0x100076ca                tu_fifo_remaining
 .text.tu_fifo_read
                0x100076ea       0x42 CMakeFiles/Direct-digital-synthesis.dir/C_/VSARM/sdk/pico/pico-sdk/lib/tinyusb/src/common/tusb_fifo.c.obj
                0x100076ea                tu_fifo_read
 .text.tu_fifo_read_n
                0x1000772c        0xa CMakeFiles/Direct-digital-synthesis.dir/C_/VSARM/sdk/pico/pico-sdk/lib/tinyusb/src/common/tusb_fifo.c.obj
                0x1000772c                tu_fifo_read_n
 .text.tu_fifo_write
                0x10007736       0x6c CMakeFiles/Direct-digital-synthesis.dir/C_/VSARM/sdk/pico/pico-sdk/lib/tinyusb/src/common/tusb_fifo.c.obj
                0x10007736                tu_fifo_write
 .text.tu_fifo_write_n
                0x100077a2        0xa CMakeFiles/Direct-digital-synthesis.dir/C_/VSARM/sdk/pico/pico-sdk/lib/tinyusb/src/common/tusb_fifo.c.obj
                0x100077a2                tu_fifo_write_n
 .text.tu_fifo_clear
                0x100077ac       0x4c CMakeFiles/Direct-digital-synthesis.dir/C_/VSARM/sdk/pico/pico-sdk/lib/tinyusb/src/common/tusb_fifo.c.obj
                0x100077ac                tu_fifo_clear
 .text.tu_fifo_set_overwritable
                0x100077f8       0x3c CMakeFiles/Direct-digital-synthesis.dir/C_/VSARM/sdk/pico/pico-sdk/lib/tinyusb/src/common/tusb_fifo.c.obj
                0x100077f8                tu_fifo_set_overwritable
 .text._retrieve_unique_id_on_boot
                0x10007834       0x10 CMakeFiles/Direct-digital-synthesis.dir/C_/VSARM/sdk/pico/pico-sdk/src/rp2_common/pico_unique_id/unique_id.c.obj
 .text.pico_get_unique_board_id_string
                0x10007844       0x60 CMakeFiles/Direct-digital-synthesis.dir/C_/VSARM/sdk/pico/pico-sdk/src/rp2_common/pico_unique_id/unique_id.c.obj
                0x10007844                pico_get_unique_board_id_string
 .text.flash_get_unique_id
                0x100078a4       0x46 CMakeFiles/Direct-digital-synthesis.dir/C_/VSARM/sdk/pico/pico-sdk/src/rp2_common/hardware_flash/flash.c.obj
                0x100078a4                flash_get_unique_id
 *fill*         0x100078ea        0x2 
 .text.dma_claim_unused_channel
                0x100078ec       0x20 CMakeFiles/Direct-digital-synthesis.dir/C_/VSARM/sdk/pico/pico-sdk/src/rp2_common/hardware_dma/dma.c.obj
                0x100078ec                dma_claim_unused_channel
 .text._pio_can_add_program_at_offset
                0x1000790c       0x3c CMakeFiles/Direct-digital-synthesis.dir/C_/VSARM/sdk/pico/pico-sdk/src/rp2_common/hardware_pio/pio.c.obj
 .text._pio_find_offset_for_program
                0x10007948       0x7c CMakeFiles/Direct-digital-synthesis.dir/C_/VSARM/sdk/pico/pico-sdk/src/rp2_common/hardware_pio/pio.c.obj
 .text._pio_add_program_at_offset
                0x100079c4       0x78 CMakeFiles/Direct-digital-synthesis.dir/C_/VSARM/sdk/pico/pico-sdk/src/rp2_common/hardware_pio/pio.c.obj
 .text.pio_claim_unused_sm
                0x10007a3c       0x3c CMakeFiles/Direct-digital-synthesis.dir/C_/VSARM/sdk/pico/pico-sdk/src/rp2_common/hardware_pio/pio.c.obj
                0x10007a3c                pio_claim_unused_sm
 .text.pio_add_program
                0x10007a78       0x38 CMakeFiles/Direct-digital-synthesis.dir/C_/VSARM/sdk/pico/pico-sdk/src/rp2_common/hardware_pio/pio.c.obj
                0x10007a78                pio_add_program
 .text.pio_sm_set_consecutive_pindirs
                0x10007ab0       0x70 CMakeFiles/Direct-digital-synthesis.dir/C_/VSARM/sdk/pico/pico-sdk/src/rp2_common/hardware_pio/pio.c.obj
                0x10007ab0                pio_sm_set_consecutive_pindirs
 .text.pio_sm_init
                0x10007b20       0xe4 CMakeFiles/Direct-digital-synthesis.dir/C_/VSARM/sdk/pico/pico-sdk/src/rp2_common/hardware_pio/pio.c.obj
                0x10007b20                pio_sm_init
 .text.strlen   0x10007c04       0x5c c:/vsarm/armcc/102021~1.10/bin/../lib/gcc/arm-none-eabi/10.3.1/../../../../arm-none-eabi/lib/thumb/v6-m/nofp\libg.a(lib_a-strlen-stub.o)
                0x10007c04                strlen
 *(.fini)
 .fini          0x10007c60        0x4 c:/vsarm/armcc/102021~1.10/bin/../lib/gcc/arm-none-eabi/10.3.1/thumb/v6-m/nofp/crti.o
                0x10007c60                _fini
 *fill*         0x10007c64        0x4 
 .fini.__stub   0x10007c68       0x70 linker stubs
 *crtbegin.o(.ctors)
 *crtbegin?.o(.ctors)
 *(EXCLUDE_FILE(*crtend.o *crtend?.o) .ctors)
 *(SORT_BY_NAME(.ctors.*))
 *(.ctors)
 *crtbegin.o(.dtors)
 *crtbegin?.o(.dtors)
 *(EXCLUDE_FILE(*crtend.o *crtend?.o) .dtors)
 *(SORT_BY_NAME(.dtors.*))
 *(.dtors)
 *(.eh_frame*)
 .eh_frame      0x10007cd8        0x0 c:/vsarm/armcc/102021~1.10/bin/../lib/gcc/arm-none-eabi/10.3.1/thumb/v6-m/nofp/crtbegin.o
                0x10007cd8                . = ALIGN (0x4)

.glue_7         0x10007cd8        0x0
 .glue_7        0x10007cd8        0x0 linker stubs

.glue_7t        0x10007cd8        0x0
 .glue_7t       0x10007cd8        0x0 linker stubs

.vfp11_veneer   0x10007cd8        0x0
 .vfp11_veneer  0x10007cd8        0x0 linker stubs

.v4_bx          0x10007cd8        0x0
 .v4_bx         0x10007cd8        0x0 linker stubs

.iplt           0x10007cd8        0x0
 .iplt          0x10007cd8        0x0 c:/vsarm/armcc/102021~1.10/bin/../lib/gcc/arm-none-eabi/10.3.1/thumb/v6-m/nofp/crtbegin.o

.rodata         0x10007cd8     0x177c
 *(EXCLUDE_FILE(*libm.a: *libc.a:*lib_a-mem*.o *libgcc.a:) .rodata*)
 .rodata.main.str1.4
                0x10007cd8       0x32 CMakeFiles/Direct-digital-synthesis.dir/main.cpp.obj
 *fill*         0x10007d0a        0x2 
 .rodata._Z7InitDDSm.str1.4
                0x10007d0c       0xaa CMakeFiles/Direct-digital-synthesis.dir/DDS.cpp.obj
 *fill*         0x10007db6        0x2 
 .rodata._ZL14R2RDAC_program
                0x10007db8        0x6 CMakeFiles/Direct-digital-synthesis.dir/DDS.cpp.obj
 *fill*         0x10007dbe        0x2 
 .rodata._ZL27R2RDAC_program_instructions
                0x10007dc0        0x4 CMakeFiles/Direct-digital-synthesis.dir/DDS.cpp.obj
 .rodata.spin_lock_claim_unused.str1.4
                0x10007dc4       0x1b CMakeFiles/Direct-digital-synthesis.dir/C_/VSARM/sdk/pico/pico-sdk/src/rp2_common/hardware_sync/sync.c.obj
 *fill*         0x10007ddf        0x1 
 .rodata.repeating_timer_callback.str1.4
                0x10007de0       0x4b CMakeFiles/Direct-digital-synthesis.dir/C_/VSARM/sdk/pico/pico-sdk/src/common/pico_time/time.c.obj
 *fill*         0x10007e2b        0x1 
 .rodata.alarm_pool_dump_key.str1.4
                0x10007e2c       0x33 CMakeFiles/Direct-digital-synthesis.dir/C_/VSARM/sdk/pico/pico-sdk/src/common/pico_time/time.c.obj
 *fill*         0x10007e5f        0x1 
 .rodata.ph_add_child_node.str1.4
                0x10007e60       0x96 CMakeFiles/Direct-digital-synthesis.dir/C_/VSARM/sdk/pico/pico-sdk/src/common/pico_time/time.c.obj
 *fill*         0x10007ef6        0x2 
 .rodata.add_alarm_under_lock.str1.4
                0x10007ef8       0x28 CMakeFiles/Direct-digital-synthesis.dir/C_/VSARM/sdk/pico/pico-sdk/src/common/pico_time/time.c.obj
                                 0x2b (size before relaxing)
 .rodata.alarm_pool_alarm_callback.str1.4
                0x10007f20       0xe6 CMakeFiles/Direct-digital-synthesis.dir/C_/VSARM/sdk/pico/pico-sdk/src/common/pico_time/time.c.obj
 *fill*         0x10008006        0x2 
 .rodata.alarm_pool_get_default.str1.4
                0x10008008       0x21 CMakeFiles/Direct-digital-synthesis.dir/C_/VSARM/sdk/pico/pico-sdk/src/common/pico_time/time.c.obj
 *fill*         0x10008029        0x3 
 .rodata.alarm_pool_cancel_alarm.str1.4
                0x1000802c       0x27 CMakeFiles/Direct-digital-synthesis.dir/C_/VSARM/sdk/pico/pico-sdk/src/common/pico_time/time.c.obj
 *fill*         0x10008053        0x1 
 .rodata.sleep_until.str1.4
                0x10008054       0x4d CMakeFiles/Direct-digital-synthesis.dir/C_/VSARM/sdk/pico/pico-sdk/src/common/pico_time/time.c.obj
 *fill*         0x100080a1        0x3 
 .rodata.__func__.1
                0x100080a4       0x18 CMakeFiles/Direct-digital-synthesis.dir/C_/VSARM/sdk/pico/pico-sdk/src/common/pico_time/time.c.obj
 .rodata.__func__.10
                0x100080bc       0x15 CMakeFiles/Direct-digital-synthesis.dir/C_/VSARM/sdk/pico/pico-sdk/src/common/pico_time/time.c.obj
 *fill*         0x100080d1        0x3 
 .rodata.__func__.11
                0x100080d4       0x1a CMakeFiles/Direct-digital-synthesis.dir/C_/VSARM/sdk/pico/pico-sdk/src/common/pico_time/time.c.obj
 *fill*         0x100080ee        0x2 
 .rodata.__func__.12
                0x100080f0        0xa CMakeFiles/Direct-digital-synthesis.dir/C_/VSARM/sdk/pico/pico-sdk/src/common/pico_time/time.c.obj
 *fill*         0x100080fa        0x2 
 .rodata.__func__.3
                0x100080fc       0x17 CMakeFiles/Direct-digital-synthesis.dir/C_/VSARM/sdk/pico/pico-sdk/src/common/pico_time/time.c.obj
 *fill*         0x10008113        0x1 
 .rodata.__func__.4
                0x10008114       0x12 CMakeFiles/Direct-digital-synthesis.dir/C_/VSARM/sdk/pico/pico-sdk/src/common/pico_time/time.c.obj
 *fill*         0x10008126        0x2 
 .rodata.__func__.5
                0x10008128        0xd CMakeFiles/Direct-digital-synthesis.dir/C_/VSARM/sdk/pico/pico-sdk/src/common/pico_time/time.c.obj
 *fill*         0x10008135        0x3 
 .rodata.__func__.6
                0x10008138       0x12 CMakeFiles/Direct-digital-synthesis.dir/C_/VSARM/sdk/pico/pico-sdk/src/common/pico_time/time.c.obj
 *fill*         0x1000814a        0x2 
 .rodata.__func__.7
                0x1000814c        0xf CMakeFiles/Direct-digital-synthesis.dir/C_/VSARM/sdk/pico/pico-sdk/src/common/pico_time/time.c.obj
 *fill*         0x1000815b        0x1 
 .rodata.__func__.8
                0x1000815c        0xc CMakeFiles/Direct-digital-synthesis.dir/C_/VSARM/sdk/pico/pico-sdk/src/common/pico_time/time.c.obj
 .rodata.__func__.9
                0x10008168       0x15 CMakeFiles/Direct-digital-synthesis.dir/C_/VSARM/sdk/pico/pico-sdk/src/common/pico_time/time.c.obj
 *fill*         0x1000817d        0x3 
 .rodata.hardware_alarm_claim.str1.4
                0x10008180       0x22 CMakeFiles/Direct-digital-synthesis.dir/C_/VSARM/sdk/pico/pico-sdk/src/rp2_common/hardware_timer/timer.c.obj
 *fill*         0x100081a2        0x2 
 .rodata.hardware_alarm_set_target.str1.4
                0x100081a4       0x65 CMakeFiles/Direct-digital-synthesis.dir/C_/VSARM/sdk/pico/pico-sdk/src/rp2_common/hardware_timer/timer.c.obj
 *fill*         0x10008209        0x3 
 .rodata.__func__.0
                0x1000820c       0x1a CMakeFiles/Direct-digital-synthesis.dir/C_/VSARM/sdk/pico/pico-sdk/src/rp2_common/hardware_timer/timer.c.obj
 *fill*         0x10008226        0x2 
 .rodata.str1.4
                0x10008228       0x89 CMakeFiles/Direct-digital-synthesis.dir/C_/VSARM/sdk/pico/pico-sdk/src/common/pico_sync/mutex.c.obj
                                 0xed (size before relaxing)
 *fill*         0x100082b1        0x3 
 .rodata.__func__.1
                0x100082b4        0xb CMakeFiles/Direct-digital-synthesis.dir/C_/VSARM/sdk/pico/pico-sdk/src/common/pico_sync/mutex.c.obj
 *fill*         0x100082bf        0x1 
 .rodata.__func__.3
                0x100082c0       0x18 CMakeFiles/Direct-digital-synthesis.dir/C_/VSARM/sdk/pico/pico-sdk/src/common/pico_sync/mutex.c.obj
 .rodata.__func__.4
                0x100082d8       0x15 CMakeFiles/Direct-digital-synthesis.dir/C_/VSARM/sdk/pico/pico-sdk/src/common/pico_sync/mutex.c.obj
 .rodata.ph_add_child_node.str1.4
                0x100082ed       0x96 CMakeFiles/Direct-digital-synthesis.dir/C_/VSARM/sdk/pico/pico-sdk/src/common/pico_util/pheap.c.obj
 *fill*         0x100082ed        0x3 
 .rodata.ph_remove_any_head.str1.4
                0x100082f0       0x8c CMakeFiles/Direct-digital-synthesis.dir/C_/VSARM/sdk/pico/pico-sdk/src/common/pico_util/pheap.c.obj
 .rodata.ph_remove_and_free_node.str1.4
                0x1000837c       0x26 CMakeFiles/Direct-digital-synthesis.dir/C_/VSARM/sdk/pico/pico-sdk/src/common/pico_util/pheap.c.obj
 *fill*         0x100083a2        0x2 
 .rodata.__func__.0
                0x100083a4       0x18 CMakeFiles/Direct-digital-synthesis.dir/C_/VSARM/sdk/pico/pico-sdk/src/common/pico_util/pheap.c.obj
 .rodata.__func__.1
                0x100083bc       0x13 CMakeFiles/Direct-digital-synthesis.dir/C_/VSARM/sdk/pico/pico-sdk/src/common/pico_util/pheap.c.obj
 *fill*         0x100083cf        0x1 
 .rodata.__func__.2
                0x100083d0       0x12 CMakeFiles/Direct-digital-synthesis.dir/C_/VSARM/sdk/pico/pico-sdk/src/common/pico_util/pheap.c.obj
 *fill*         0x100083e2        0x2 
 .rodata.__func__.3
                0x100083e4        0xc CMakeFiles/Direct-digital-synthesis.dir/C_/VSARM/sdk/pico/pico-sdk/src/common/pico_util/pheap.c.obj
 .rodata.__assert_func.str1.4
                0x100083f0       0x3f CMakeFiles/Direct-digital-synthesis.dir/C_/VSARM/sdk/pico/pico-sdk/src/rp2_common/pico_runtime/runtime.c.obj
                                 0x43 (size before relaxing)
 *fill*         0x1000842f        0x1 
 .rodata.runtime_init.str1.4
                0x10008430       0x61 CMakeFiles/Direct-digital-synthesis.dir/C_/VSARM/sdk/pico/pico-sdk/src/rp2_common/pico_runtime/runtime.c.obj
 *fill*         0x10008491        0x3 
 .rodata.panic.str1.4
                0x10008494       0x12 CMakeFiles/Direct-digital-synthesis.dir/C_/VSARM/sdk/pico/pico-sdk/src/rp2_common/pico_runtime/runtime.c.obj
 *fill*         0x100084a6        0x2 
 .rodata.__func__.1
                0x100084a8        0xd CMakeFiles/Direct-digital-synthesis.dir/C_/VSARM/sdk/pico/pico-sdk/src/rp2_common/pico_runtime/runtime.c.obj
 *fill*         0x100084b5        0x3 
 .rodata.clock_configure.str1.4
                0x100084b8       0x57 CMakeFiles/Direct-digital-synthesis.dir/C_/VSARM/sdk/pico/pico-sdk/src/rp2_common/hardware_clocks/clocks.c.obj
 *fill*         0x1000850f        0x1 
 .rodata.__func__.1
                0x10008510       0x10 CMakeFiles/Direct-digital-synthesis.dir/C_/VSARM/sdk/pico/pico-sdk/src/rp2_common/hardware_clocks/clocks.c.obj
 .rodata.make_branch.str1.4
                0x10008520       0x4d CMakeFiles/Direct-digital-synthesis.dir/C_/VSARM/sdk/pico/pico-sdk/src/rp2_common/hardware_irq/irq.c.obj
 *fill*         0x1000856d        0x3 
 .rodata.irq_set_exclusive_handler.str1.4
                0x10008570       0x36 CMakeFiles/Direct-digital-synthesis.dir/C_/VSARM/sdk/pico/pico-sdk/src/rp2_common/hardware_irq/irq.c.obj
 *fill*         0x100085a6        0x2 
 .rodata.irq_add_shared_handler.str1.4
                0x100085a8       0xd9 CMakeFiles/Direct-digital-synthesis.dir/C_/VSARM/sdk/pico/pico-sdk/src/rp2_common/hardware_irq/irq.c.obj
 *fill*         0x10008681        0x3 
 .rodata.irq_remove_handler.str1.4
                0x10008684       0x2a CMakeFiles/Direct-digital-synthesis.dir/C_/VSARM/sdk/pico/pico-sdk/src/rp2_common/hardware_irq/irq.c.obj
 *fill*         0x100086ae        0x2 
 .rodata.irq_add_tail_to_free_list.str1.4
                0x100086b0       0x32 CMakeFiles/Direct-digital-synthesis.dir/C_/VSARM/sdk/pico/pico-sdk/src/rp2_common/hardware_irq/irq.c.obj
                                 0x3a (size before relaxing)
 *fill*         0x100086e2        0x2 
 .rodata.__func__.0
                0x100086e4       0x1a CMakeFiles/Direct-digital-synthesis.dir/C_/VSARM/sdk/pico/pico-sdk/src/rp2_common/hardware_irq/irq.c.obj
 *fill*         0x100086fe        0x2 
 .rodata.__func__.1
                0x10008700       0x17 CMakeFiles/Direct-digital-synthesis.dir/C_/VSARM/sdk/pico/pico-sdk/src/rp2_common/hardware_irq/irq.c.obj
 *fill*         0x10008717        0x1 
 .rodata.__func__.2
                0x10008718       0x13 CMakeFiles/Direct-digital-synthesis.dir/C_/VSARM/sdk/pico/pico-sdk/src/rp2_common/hardware_irq/irq.c.obj
 *fill*         0x1000872b        0x1 
 .rodata.__func__.3
                0x1000872c        0xc CMakeFiles/Direct-digital-synthesis.dir/C_/VSARM/sdk/pico/pico-sdk/src/rp2_common/hardware_irq/irq.c.obj
 .rodata.__func__.4
                0x10008738        0xf CMakeFiles/Direct-digital-synthesis.dir/C_/VSARM/sdk/pico/pico-sdk/src/rp2_common/hardware_irq/irq.c.obj
 *fill*         0x10008747        0x1 
 .rodata.__func__.6
                0x10008748       0x1a CMakeFiles/Direct-digital-synthesis.dir/C_/VSARM/sdk/pico/pico-sdk/src/rp2_common/hardware_irq/irq.c.obj
 *fill*         0x10008762        0x2 
 .rodata.pll_init.str1.4
                0x10008764       0xdb CMakeFiles/Direct-digital-synthesis.dir/C_/VSARM/sdk/pico/pico-sdk/src/rp2_common/hardware_pll/pll.c.obj
 *fill*         0x1000883f        0x1 
 .rodata.__func__.0
                0x10008840        0x9 CMakeFiles/Direct-digital-synthesis.dir/C_/VSARM/sdk/pico/pico-sdk/src/rp2_common/hardware_pll/pll.c.obj
 *fill*         0x10008849        0x3 
 .rodata._ftoa.str1.4
                0x1000884c       0x15 CMakeFiles/Direct-digital-synthesis.dir/C_/VSARM/sdk/pico/pico-sdk/src/rp2_common/pico_printf/printf.c.obj
 *fill*         0x10008861        0x3 
 .rodata._vsnprintf
                0x10008864      0x1e0 CMakeFiles/Direct-digital-synthesis.dir/C_/VSARM/sdk/pico/pico-sdk/src/rp2_common/pico_printf/printf.c.obj
 *fill*         0x10008a44        0x4 
 .rodata.pow10.0
                0x10008a48       0x50 CMakeFiles/Direct-digital-synthesis.dir/C_/VSARM/sdk/pico/pico-sdk/src/rp2_common/pico_printf/printf.c.obj
 .rodata.__aeabi_double_init.str1.4
                0x10008a98       0xa8 CMakeFiles/Direct-digital-synthesis.dir/C_/VSARM/sdk/pico/pico-sdk/src/rp2_common/pico_double/double_init_rom.c.obj
 .rodata.__func__.0
                0x10008b40       0x14 CMakeFiles/Direct-digital-synthesis.dir/C_/VSARM/sdk/pico/pico-sdk/src/rp2_common/pico_double/double_init_rom.c.obj
 .rodata.__aeabi_float_init.str1.4
                0x10008b54       0x7a CMakeFiles/Direct-digital-synthesis.dir/C_/VSARM/sdk/pico/pico-sdk/src/rp2_common/pico_float/float_init_rom.c.obj
                                 0x7e (size before relaxing)
 *fill*         0x10008bce        0x2 
 .rodata.__func__.0
                0x10008bd0       0x13 CMakeFiles/Direct-digital-synthesis.dir/C_/VSARM/sdk/pico/pico-sdk/src/rp2_common/pico_float/float_init_rom.c.obj
 *fill*         0x10008be3        0x1 
 .rodata.str1.4
                0x10008be4       0x54 CMakeFiles/Direct-digital-synthesis.dir/C_/VSARM/sdk/pico/pico-sdk/src/rp2_common/pico_standard_link/binary_info.c.obj
 .rodata.__bi_44
                0x10008c38        0xc CMakeFiles/Direct-digital-synthesis.dir/C_/VSARM/sdk/pico/pico-sdk/src/rp2_common/pico_standard_link/binary_info.c.obj
 .rodata.__bi_75
                0x10008c44        0xc CMakeFiles/Direct-digital-synthesis.dir/C_/VSARM/sdk/pico/pico-sdk/src/rp2_common/pico_standard_link/binary_info.c.obj
 .rodata.__bi_81
                0x10008c50        0xc CMakeFiles/Direct-digital-synthesis.dir/C_/VSARM/sdk/pico/pico-sdk/src/rp2_common/pico_standard_link/binary_info.c.obj
 .rodata.crlf_str.3
                0x10008c5c        0x2 CMakeFiles/Direct-digital-synthesis.dir/C_/VSARM/sdk/pico/pico-sdk/src/rp2_common/pico_stdio/stdio.c.obj
 *fill*         0x10008c5e        0x2 
 .rodata._resetd_driver
                0x10008c60       0x18 CMakeFiles/Direct-digital-synthesis.dir/C_/VSARM/sdk/pico/pico-sdk/src/rp2_common/pico_stdio_usb/reset_interface.c.obj
 .rodata.stdio_usb_init.str1.4
                0x10008c78       0x61 CMakeFiles/Direct-digital-synthesis.dir/C_/VSARM/sdk/pico/pico-sdk/src/rp2_common/pico_stdio_usb/stdio_usb.c.obj
 .rodata.str1.4
                0x10008c78       0x13 CMakeFiles/Direct-digital-synthesis.dir/C_/VSARM/sdk/pico/pico-sdk/src/rp2_common/pico_stdio_usb/stdio_usb.c.obj
 *fill*         0x10008c8b        0x1 
 .rodata.__bi_93.1
                0x10008c8c        0xc CMakeFiles/Direct-digital-synthesis.dir/C_/VSARM/sdk/pico/pico-sdk/src/rp2_common/pico_stdio_usb/stdio_usb.c.obj
 .rodata.__func__.0
                0x10008c98       0x15 CMakeFiles/Direct-digital-synthesis.dir/C_/VSARM/sdk/pico/pico-sdk/src/rp2_common/pico_stdio_usb/stdio_usb.c.obj
 *fill*         0x10008cad        0x3 
 .rodata.str1.4
                0x10008cb0       0x2a CMakeFiles/Direct-digital-synthesis.dir/C_/VSARM/sdk/pico/pico-sdk/src/rp2_common/pico_stdio_usb/stdio_usb_descriptors.c.obj
 *fill*         0x10008cda        0x2 
 .rodata.usbd_desc_cfg
                0x10008cdc       0x54 CMakeFiles/Direct-digital-synthesis.dir/C_/VSARM/sdk/pico/pico-sdk/src/rp2_common/pico_stdio_usb/stdio_usb_descriptors.c.obj
 .rodata.usbd_desc_device
                0x10008d30       0x12 CMakeFiles/Direct-digital-synthesis.dir/C_/VSARM/sdk/pico/pico-sdk/src/rp2_common/pico_stdio_usb/stdio_usb_descriptors.c.obj
 *fill*         0x10008d42        0x2 
 .rodata.usbd_desc_str
                0x10008d44       0x18 CMakeFiles/Direct-digital-synthesis.dir/C_/VSARM/sdk/pico/pico-sdk/src/rp2_common/pico_stdio_usb/stdio_usb_descriptors.c.obj
 .rodata._hw_endpoint_alloc.str1.4
                0x10008d5c       0xb5 CMakeFiles/Direct-digital-synthesis.dir/C_/VSARM/sdk/pico/pico-sdk/lib/tinyusb/src/portable/raspberrypi/rp2040/dcd_rp2040.c.obj
 *fill*         0x10008e11        0x3 
 .rodata.dcd_rp2040_irq.str1.4
                0x10008e14       0x14 CMakeFiles/Direct-digital-synthesis.dir/C_/VSARM/sdk/pico/pico-sdk/lib/tinyusb/src/portable/raspberrypi/rp2040/dcd_rp2040.c.obj
 .rodata.dcd_int_enable.str1.4
                0x10008e28        0xc CMakeFiles/Direct-digital-synthesis.dir/C_/VSARM/sdk/pico/pico-sdk/lib/tinyusb/src/portable/raspberrypi/rp2040/dcd_rp2040.c.obj
 .rodata.__func__.0
                0x10008e34        0xe CMakeFiles/Direct-digital-synthesis.dir/C_/VSARM/sdk/pico/pico-sdk/lib/tinyusb/src/portable/raspberrypi/rp2040/dcd_rp2040.c.obj
 *fill*         0x10008e42        0x2 
 .rodata.__func__.1
                0x10008e44        0xe CMakeFiles/Direct-digital-synthesis.dir/C_/VSARM/sdk/pico/pico-sdk/lib/tinyusb/src/portable/raspberrypi/rp2040/dcd_rp2040.c.obj
 *fill*         0x10008e52        0x2 
 .rodata.__func__.3
                0x10008e54       0x10 CMakeFiles/Direct-digital-synthesis.dir/C_/VSARM/sdk/pico/pico-sdk/lib/tinyusb/src/portable/raspberrypi/rp2040/dcd_rp2040.c.obj
 .rodata.__func__.5
                0x10008e64        0xf CMakeFiles/Direct-digital-synthesis.dir/C_/VSARM/sdk/pico/pico-sdk/lib/tinyusb/src/portable/raspberrypi/rp2040/dcd_rp2040.c.obj
 *fill*         0x10008e73        0x1 
 .rodata.__func__.6
                0x10008e74       0x13 CMakeFiles/Direct-digital-synthesis.dir/C_/VSARM/sdk/pico/pico-sdk/lib/tinyusb/src/portable/raspberrypi/rp2040/dcd_rp2040.c.obj
 *fill*         0x10008e87        0x1 
 .rodata.__func__.7
                0x10008e88        0x9 CMakeFiles/Direct-digital-synthesis.dir/C_/VSARM/sdk/pico/pico-sdk/lib/tinyusb/src/portable/raspberrypi/rp2040/dcd_rp2040.c.obj
 *fill*         0x10008e91        0x3 
 .rodata.sync_ep_buffer.str1.4
                0x10008e94       0x91 CMakeFiles/Direct-digital-synthesis.dir/C_/VSARM/sdk/pico/pico-sdk/lib/tinyusb/src/portable/raspberrypi/rp2040/rp2040_usb.c.obj
 *fill*         0x10008f25        0x3 
 .rodata._hw_endpoint_buffer_control_update32.str1.4
                0x10008f28       0x1f CMakeFiles/Direct-digital-synthesis.dir/C_/VSARM/sdk/pico/pico-sdk/lib/tinyusb/src/portable/raspberrypi/rp2040/rp2040_usb.c.obj
 *fill*         0x10008f47        0x1 
 .rodata.hw_endpoint_xfer_start.str1.4
                0x10008f48       0x38 CMakeFiles/Direct-digital-synthesis.dir/C_/VSARM/sdk/pico/pico-sdk/lib/tinyusb/src/portable/raspberrypi/rp2040/rp2040_usb.c.obj
 .rodata.hw_endpoint_xfer_continue.str1.4
                0x10008f80       0x29 CMakeFiles/Direct-digital-synthesis.dir/C_/VSARM/sdk/pico/pico-sdk/lib/tinyusb/src/portable/raspberrypi/rp2040/rp2040_usb.c.obj
 *fill*         0x10008fa9        0x3 
 .rodata.str1.4
                0x10008fac        0x7 CMakeFiles/Direct-digital-synthesis.dir/C_/VSARM/sdk/pico/pico-sdk/lib/tinyusb/src/portable/raspberrypi/rp2040/rp2040_usb.c.obj
 *fill*         0x10008fb3        0x1 
 .rodata.__func__.0
                0x10008fb4        0xf CMakeFiles/Direct-digital-synthesis.dir/C_/VSARM/sdk/pico/pico-sdk/lib/tinyusb/src/portable/raspberrypi/rp2040/rp2040_usb.c.obj
 *fill*         0x10008fc3        0x1 
 .rodata.process_set_config.str1.4
                0x10008fc4       0x17 CMakeFiles/Direct-digital-synthesis.dir/C_/VSARM/sdk/pico/pico-sdk/lib/tinyusb/src/device/usbd.c.obj
 *fill*         0x10008fdb        0x1 
 .rodata.process_get_descriptor
                0x10008fdc       0x40 CMakeFiles/Direct-digital-synthesis.dir/C_/VSARM/sdk/pico/pico-sdk/lib/tinyusb/src/device/usbd.c.obj
 .rodata.process_control_request
                0x1000901c       0x28 CMakeFiles/Direct-digital-synthesis.dir/C_/VSARM/sdk/pico/pico-sdk/lib/tinyusb/src/device/usbd.c.obj
 .rodata.tud_task
                0x10009044       0x24 CMakeFiles/Direct-digital-synthesis.dir/C_/VSARM/sdk/pico/pico-sdk/lib/tinyusb/src/device/usbd.c.obj
 .rodata.__func__.2
                0x10009068        0xf CMakeFiles/Direct-digital-synthesis.dir/C_/VSARM/sdk/pico/pico-sdk/lib/tinyusb/src/device/usbd.c.obj
 *fill*         0x10009077        0x1 
 .rodata.__func__.3
                0x10009078        0xf CMakeFiles/Direct-digital-synthesis.dir/C_/VSARM/sdk/pico/pico-sdk/lib/tinyusb/src/device/usbd.c.obj
 *fill*         0x10009087        0x1 
 .rodata.__func__.4
                0x10009088       0x14 CMakeFiles/Direct-digital-synthesis.dir/C_/VSARM/sdk/pico/pico-sdk/lib/tinyusb/src/device/usbd.c.obj
 .rodata.__func__.5
                0x1000909c       0x10 CMakeFiles/Direct-digital-synthesis.dir/C_/VSARM/sdk/pico/pico-sdk/lib/tinyusb/src/device/usbd.c.obj
 .rodata.__func__.6
                0x100090ac       0x17 CMakeFiles/Direct-digital-synthesis.dir/C_/VSARM/sdk/pico/pico-sdk/lib/tinyusb/src/device/usbd.c.obj
 *fill*         0x100090c3        0x1 
 .rodata.__func__.7
                0x100090c4       0x13 CMakeFiles/Direct-digital-synthesis.dir/C_/VSARM/sdk/pico/pico-sdk/lib/tinyusb/src/device/usbd.c.obj
 *fill*         0x100090d7        0x1 
 .rodata.__func__.8
                0x100090d8       0x18 CMakeFiles/Direct-digital-synthesis.dir/C_/VSARM/sdk/pico/pico-sdk/lib/tinyusb/src/device/usbd.c.obj
 .rodata.__func__.9
                0x100090f0        0x9 CMakeFiles/Direct-digital-synthesis.dir/C_/VSARM/sdk/pico/pico-sdk/lib/tinyusb/src/device/usbd.c.obj
 *fill*         0x100090f9        0x3 
 .rodata._usbd_driver
                0x100090fc       0x18 CMakeFiles/Direct-digital-synthesis.dir/C_/VSARM/sdk/pico/pico-sdk/lib/tinyusb/src/device/usbd.c.obj
 .rodata.tud_control_xfer.str1.4
                0x10009114       0x17 CMakeFiles/Direct-digital-synthesis.dir/C_/VSARM/sdk/pico/pico-sdk/lib/tinyusb/src/device/usbd_control.c.obj
 .rodata.__func__.0
                0x10009114       0x15 CMakeFiles/Direct-digital-synthesis.dir/C_/VSARM/sdk/pico/pico-sdk/lib/tinyusb/src/device/usbd_control.c.obj
 *fill*         0x10009129        0x3 
 .rodata.__func__.1
                0x1000912c       0x11 CMakeFiles/Direct-digital-synthesis.dir/C_/VSARM/sdk/pico/pico-sdk/lib/tinyusb/src/device/usbd_control.c.obj
 .rodata.tud_cdc_n_write_flush.str1.4
                0x1000913d       0x17 CMakeFiles/Direct-digital-synthesis.dir/C_/VSARM/sdk/pico/pico-sdk/lib/tinyusb/src/class/cdc/cdc_device.c.obj
 *fill*         0x1000913d        0x3 
 .rodata.__func__.0
                0x10009140        0xd CMakeFiles/Direct-digital-synthesis.dir/C_/VSARM/sdk/pico/pico-sdk/lib/tinyusb/src/class/cdc/cdc_device.c.obj
 *fill*         0x1000914d        0x3 
 .rodata.__func__.1
                0x10009150        0xa CMakeFiles/Direct-digital-synthesis.dir/C_/VSARM/sdk/pico/pico-sdk/lib/tinyusb/src/class/cdc/cdc_device.c.obj
 *fill*         0x1000915a        0x2 
 .rodata.__func__.2
                0x1000915c       0x16 CMakeFiles/Direct-digital-synthesis.dir/C_/VSARM/sdk/pico/pico-sdk/lib/tinyusb/src/class/cdc/cdc_device.c.obj
 .rodata.tusb_init.str1.4
                0x10009172       0x17 CMakeFiles/Direct-digital-synthesis.dir/C_/VSARM/sdk/pico/pico-sdk/lib/tinyusb/src/tusb.c.obj
 *fill*         0x10009172        0x2 
 .rodata.__func__.0
                0x10009174       0x11 CMakeFiles/Direct-digital-synthesis.dir/C_/VSARM/sdk/pico/pico-sdk/lib/tinyusb/src/tusb.c.obj
 *fill*         0x10009185        0x3 
 .rodata.__func__.1
                0x10009188        0xa CMakeFiles/Direct-digital-synthesis.dir/C_/VSARM/sdk/pico/pico-sdk/lib/tinyusb/src/tusb.c.obj
 *fill*         0x10009192        0x2 
 .rodata.pico_get_unique_board_id_string.str1.4
                0x10009194       0x4d CMakeFiles/Direct-digital-synthesis.dir/C_/VSARM/sdk/pico/pico-sdk/src/rp2_common/pico_unique_id/unique_id.c.obj
 *fill*         0x100091e1        0x3 
 .rodata.__func__.0
                0x100091e4       0x20 CMakeFiles/Direct-digital-synthesis.dir/C_/VSARM/sdk/pico/pico-sdk/src/rp2_common/pico_unique_id/unique_id.c.obj
 .rodata.str1.4
                0x10009204      0x15a CMakeFiles/Direct-digital-synthesis.dir/C_/VSARM/sdk/pico/pico-sdk/src/rp2_common/hardware_flash/flash.c.obj
 *fill*         0x1000935e        0x2 
 .rodata.__func__.0
                0x10009360        0xd CMakeFiles/Direct-digital-synthesis.dir/C_/VSARM/sdk/pico/pico-sdk/src/rp2_common/hardware_flash/flash.c.obj
 *fill*         0x1000936d        0x3 
 .rodata.dma_claim_unused_channel.str1.4
                0x10009370       0x1e CMakeFiles/Direct-digital-synthesis.dir/C_/VSARM/sdk/pico/pico-sdk/src/rp2_common/hardware_dma/dma.c.obj
 *fill*         0x1000938e        0x2 
 .rodata._pio_find_offset_for_program.str1.4
                0x10009390       0x69 CMakeFiles/Direct-digital-synthesis.dir/C_/VSARM/sdk/pico/pico-sdk/src/rp2_common/hardware_pio/pio.c.obj
 *fill*         0x100093f9        0x3 
 .rodata._pio_add_program_at_offset.str1.4
                0x100093fc       0x11 CMakeFiles/Direct-digital-synthesis.dir/C_/VSARM/sdk/pico/pico-sdk/src/rp2_common/hardware_pio/pio.c.obj
 *fill*         0x1000940d        0x3 
 .rodata.pio_claim_unused_sm.str1.4
                0x10009410       0x24 CMakeFiles/Direct-digital-synthesis.dir/C_/VSARM/sdk/pico/pico-sdk/src/rp2_common/hardware_pio/pio.c.obj
 .rodata.__func__.1
                0x10009434       0x1d CMakeFiles/Direct-digital-synthesis.dir/C_/VSARM/sdk/pico/pico-sdk/src/rp2_common/hardware_pio/pio.c.obj
                0x10009454                . = ALIGN (0x4)
 *fill*         0x10009451        0x3 
 *(SORT_BY_ALIGNMENT(SORT_BY_NAME(.flashdata*)))
                0x10009454                . = ALIGN (0x4)

.rel.dyn        0x10009454        0x0
 .rel.iplt      0x10009454        0x0 c:/vsarm/armcc/102021~1.10/bin/../lib/gcc/arm-none-eabi/10.3.1/thumb/v6-m/nofp/crtbegin.o

.ARM.extab
 *(.ARM.extab* .gnu.linkonce.armextab.*)
                0x10009454                __exidx_start = .

.ARM.exidx
 *(.ARM.exidx* .gnu.linkonce.armexidx.*)
                0x10009454                __exidx_end = .
                0x10009454                . = ALIGN (0x4)
                0x10009454                __binary_info_start = .

.binary_info    0x10009454       0x20
 *(.binary_info.keep.*)
 .binary_info.keep.__bi_ptr22
                0x10009454        0x4 CMakeFiles/Direct-digital-synthesis.dir/C_/VSARM/sdk/pico/pico-sdk/src/rp2_common/pico_standard_link/binary_info.c.obj
 .binary_info.keep.__bi_ptr30
                0x10009458        0x4 CMakeFiles/Direct-digital-synthesis.dir/C_/VSARM/sdk/pico/pico-sdk/src/rp2_common/pico_standard_link/binary_info.c.obj
 .binary_info.keep.__bi_ptr38
                0x1000945c        0x4 CMakeFiles/Direct-digital-synthesis.dir/C_/VSARM/sdk/pico/pico-sdk/src/rp2_common/pico_standard_link/binary_info.c.obj
 .binary_info.keep.__bi_ptr44
                0x10009460        0x4 CMakeFiles/Direct-digital-synthesis.dir/C_/VSARM/sdk/pico/pico-sdk/src/rp2_common/pico_standard_link/binary_info.c.obj
 .binary_info.keep.__bi_ptr50
                0x10009464        0x4 CMakeFiles/Direct-digital-synthesis.dir/C_/VSARM/sdk/pico/pico-sdk/src/rp2_common/pico_standard_link/binary_info.c.obj
 .binary_info.keep.__bi_ptr75
                0x10009468        0x4 CMakeFiles/Direct-digital-synthesis.dir/C_/VSARM/sdk/pico/pico-sdk/src/rp2_common/pico_standard_link/binary_info.c.obj
 .binary_info.keep.__bi_ptr81
                0x1000946c        0x4 CMakeFiles/Direct-digital-synthesis.dir/C_/VSARM/sdk/pico/pico-sdk/src/rp2_common/pico_standard_link/binary_info.c.obj
 *(.binary_info.*)
 .binary_info.__bi_ptr93
                0x10009470        0x4 CMakeFiles/Direct-digital-synthesis.dir/C_/VSARM/sdk/pico/pico-sdk/src/rp2_common/pico_stdio_usb/stdio_usb.c.obj
                0x10009474                __binary_info_end = .
                0x10009474                . = ALIGN (0x4)
                0x10009474                __etext = .

.ram_vector_table
                0x20000000       0xc0
 *(.ram_vector_table)
 .ram_vector_table
                0x20000000       0xc0 CMakeFiles/Direct-digital-synthesis.dir/C_/VSARM/sdk/pico/pico-sdk/src/rp2_common/pico_runtime/runtime.c.obj
                0x20000000                ram_vector_table

.data           0x200000c0      0x468 load address 0x10009474
                0x200000c0                __data_start__ = .
 *(vtable)
 *(.time_critical*)
 .time_critical.mutex_enter_blocking
                0x200000c0       0x48 CMakeFiles/Direct-digital-synthesis.dir/C_/VSARM/sdk/pico/pico-sdk/src/common/pico_sync/mutex.c.obj